[3.687s] Invoking command in '/home/gong/onset_ws/src/onsetbot': PYTHONPATH=/home/gong/onset_ws/build/onsetbot/prefix_override:/usr/lib/python3/dist-packages/colcon_core/task/python/colcon_distutils_commands:/home/gong/onset_ws/install/onsetbot/lib/python3.10/site-packages:${PYTHONPATH} /usr/bin/python3 -W ignore:setup.py install is deprecated -W ignore:easy_install command is deprecated setup.py egg_info --egg-base ../../build/onsetbot build --build-base /home/gong/onset_ws/build/onsetbot/build install --record /home/gong/onset_ws/build/onsetbot/install.log --single-version-externally-managed install_data
[4.998s] running egg_info
[5.065s] writing ../../build/onsetbot/onsetbot.egg-info/PKG-INFO
[5.070s] writing dependency_links to ../../build/onsetbot/onsetbot.egg-info/dependency_links.txt
[5.072s] writing entry points to ../../build/onsetbot/onsetbot.egg-info/entry_points.txt
[5.073s] writing requirements to ../../build/onsetbot/onsetbot.egg-info/requires.txt
[5.075s] writing top-level names to ../../build/onsetbot/onsetbot.egg-info/top_level.txt
[5.244s] reading manifest file '../../build/onsetbot/onsetbot.egg-info/SOURCES.txt'
[5.250s] writing manifest file '../../build/onsetbot/onsetbot.egg-info/SOURCES.txt'
[5.252s] running build
[5.253s] running build_py
[5.253s] copying onsetbot/actuator_command.py -> /home/gong/onset_ws/build/onsetbot/build/lib/onsetbot
[5.257s] copying onsetbot/stm32_bridge.py -> /home/gong/onset_ws/build/onsetbot/build/lib/onsetbot
[5.259s] copying onsetbot/__init__.py -> /home/gong/onset_ws/build/onsetbot/build/lib/onsetbot
[5.259s] copying onsetbot/onset_gui.py -> /home/gong/onset_ws/build/onsetbot/build/lib/onsetbot
[5.262s] copying onsetbot/configure_spinout_usb.py -> /home/gong/onset_ws/build/onsetbot/build/lib/onsetbot
[5.264s] copying onsetbot/actuator_commands.py -> /home/gong/onset_ws/build/onsetbot/build/lib/onsetbot
[5.267s] copying onsetbot/odrive_can_bridge.py -> /home/gong/onset_ws/build/onsetbot/build/lib/onsetbot
[5.270s] running install
[5.294s] running install_lib
[5.374s] running install_data
[5.376s] copying resource/onsetbot -> /home/gong/onset_ws/install/onsetbot/share/ament_index/resource_index/packages
[5.377s] copying package.xml -> /home/gong/onset_ws/install/onsetbot/share/onsetbot
[5.379s] copying launch/onset_launch.launch.py -> /home/gong/onset_ws/install/onsetbot/share/onsetbot/launch
[5.382s] running install_egg_info
[5.466s] removing '/home/gong/onset_ws/install/onsetbot/lib/python3.10/site-packages/onsetbot-0.0.0-py3.10.egg-info' (and everything under it)
[5.468s] Copying ../../build/onsetbot/onsetbot.egg-info to /home/gong/onset_ws/install/onsetbot/lib/python3.10/site-packages/onsetbot-0.0.0-py3.10.egg-info
[5.476s] running install_scripts
[5.654s] Installing actuator_command script to /home/gong/onset_ws/install/onsetbot/lib/onsetbot
[5.655s] Installing actuator_commands script to /home/gong/onset_ws/install/onsetbot/lib/onsetbot
[5.656s] Installing odrive_can_bridge script to /home/gong/onset_ws/install/onsetbot/lib/onsetbot
[5.657s] Installing onset_gui script to /home/gong/onset_ws/install/onsetbot/lib/onsetbot
[5.658s] Installing stm32_bridge script to /home/gong/onset_ws/install/onsetbot/lib/onsetbot
[5.662s] writing list of installed files to '/home/gong/onset_ws/build/onsetbot/install.log'
[5.817s] Invoked command in '/home/gong/onset_ws/src/onsetbot' returned '0': PYTHONPATH=/home/gong/onset_ws/build/onsetbot/prefix_override:/usr/lib/python3/dist-packages/colcon_core/task/python/colcon_distutils_commands:/home/gong/onset_ws/install/onsetbot/lib/python3.10/site-packages:${PYTHONPATH} /usr/bin/python3 -W ignore:setup.py install is deprecated -W ignore:easy_install command is deprecated setup.py egg_info --egg-base ../../build/onsetbot build --build-base /home/gong/onset_ws/build/onsetbot/build install --record /home/gong/onset_ws/build/onsetbot/install.log --single-version-externally-managed install_data
