[3.361s] Invoking command in '/home/gong/onset_ws/src/onsetbot': PYTHONPATH=/home/gong/onset_ws/build/onsetbot/prefix_override:/usr/lib/python3/dist-packages/colcon_core/task/python/colcon_distutils_commands:/home/gong/onset_ws/install/onsetbot/lib/python3.10/site-packages:${PYTHONPATH} /usr/bin/python3 -W ignore:setup.py install is deprecated -W ignore:easy_install command is deprecated setup.py egg_info --egg-base ../../build/onsetbot build --build-base /home/gong/onset_ws/build/onsetbot/build install --record /home/gong/onset_ws/build/onsetbot/install.log --single-version-externally-managed install_data
[4.619s] running egg_info
[4.681s] writing ../../build/onsetbot/onsetbot.egg-info/PKG-INFO
[4.685s] writing dependency_links to ../../build/onsetbot/onsetbot.egg-info/dependency_links.txt
[4.687s] writing entry points to ../../build/onsetbot/onsetbot.egg-info/entry_points.txt
[4.688s] writing requirements to ../../build/onsetbot/onsetbot.egg-info/requires.txt
[4.689s] writing top-level names to ../../build/onsetbot/onsetbot.egg-info/top_level.txt
[4.838s] reading manifest file '../../build/onsetbot/onsetbot.egg-info/SOURCES.txt'
[4.845s] writing manifest file '../../build/onsetbot/onsetbot.egg-info/SOURCES.txt'
[4.846s] running build
[4.847s] running build_py
[4.850s] copying onsetbot/actuator_command.py -> /home/gong/onset_ws/build/onsetbot/build/lib/onsetbot
[4.852s] copying onsetbot/stm32_bridge.py -> /home/gong/onset_ws/build/onsetbot/build/lib/onsetbot
[4.853s] copying onsetbot/__init__.py -> /home/gong/onset_ws/build/onsetbot/build/lib/onsetbot
[4.854s] copying onsetbot/onset_gui.py -> /home/gong/onset_ws/build/onsetbot/build/lib/onsetbot
[4.856s] copying onsetbot/configure_spinout_usb.py -> /home/gong/onset_ws/build/onsetbot/build/lib/onsetbot
[4.857s] copying onsetbot/actuator_commands.py -> /home/gong/onset_ws/build/onsetbot/build/lib/onsetbot
[4.859s] copying onsetbot/odrive_can_bridge.py -> /home/gong/onset_ws/build/onsetbot/build/lib/onsetbot
[4.862s] running install
[4.878s] running install_lib
[4.946s] copying /home/gong/onset_ws/build/onsetbot/build/lib/onsetbot/actuator_commands.py -> /home/gong/onset_ws/install/onsetbot/lib/python3.10/site-packages/onsetbot
[4.950s] byte-compiling /home/gong/onset_ws/install/onsetbot/lib/python3.10/site-packages/onsetbot/actuator_commands.py to actuator_commands.cpython-310.pyc
[4.953s]   File "/home/gong/onset_ws/install/onsetbot/lib/python3.10/site-packages/onsetbot/actuator_commands.py", line 158
[4.954s]     self._stm32_led_state_off = 0s
[4.954s]                                 ^
[4.955s] SyntaxError: invalid decimal literal
[4.955s] 
[4.955s] running install_data
[4.956s] copying resource/onsetbot -> /home/gong/onset_ws/install/onsetbot/share/ament_index/resource_index/packages
[4.957s] copying package.xml -> /home/gong/onset_ws/install/onsetbot/share/onsetbot
[4.959s] copying launch/onset_launch.launch.py -> /home/gong/onset_ws/install/onsetbot/share/onsetbot/launch
[4.960s] running install_egg_info
[5.034s] removing '/home/gong/onset_ws/install/onsetbot/lib/python3.10/site-packages/onsetbot-0.0.0-py3.10.egg-info' (and everything under it)
[5.036s] Copying ../../build/onsetbot/onsetbot.egg-info to /home/gong/onset_ws/install/onsetbot/lib/python3.10/site-packages/onsetbot-0.0.0-py3.10.egg-info
[5.043s] running install_scripts
[5.185s] Installing actuator_command script to /home/gong/onset_ws/install/onsetbot/lib/onsetbot
[5.186s] Installing actuator_commands script to /home/gong/onset_ws/install/onsetbot/lib/onsetbot
[5.187s] Installing odrive_can_bridge script to /home/gong/onset_ws/install/onsetbot/lib/onsetbot
[5.188s] Installing onset_gui script to /home/gong/onset_ws/install/onsetbot/lib/onsetbot
[5.189s] Installing stm32_bridge script to /home/gong/onset_ws/install/onsetbot/lib/onsetbot
[5.194s] writing list of installed files to '/home/gong/onset_ws/build/onsetbot/install.log'
[5.319s] Invoked command in '/home/gong/onset_ws/src/onsetbot' returned '0': PYTHONPATH=/home/gong/onset_ws/build/onsetbot/prefix_override:/usr/lib/python3/dist-packages/colcon_core/task/python/colcon_distutils_commands:/home/gong/onset_ws/install/onsetbot/lib/python3.10/site-packages:${PYTHONPATH} /usr/bin/python3 -W ignore:setup.py install is deprecated -W ignore:easy_install command is deprecated setup.py egg_info --egg-base ../../build/onsetbot build --build-base /home/gong/onset_ws/build/onsetbot/build install --record /home/gong/onset_ws/build/onsetbot/install.log --single-version-externally-managed install_data
