[3.229s] Invoking command in '/home/gong/onset_ws/src/onsetbot': PYTHONPATH=/home/gong/onset_ws/build/onsetbot/prefix_override:/usr/lib/python3/dist-packages/colcon_core/task/python/colcon_distutils_commands:/home/gong/onset_ws/install/onsetbot/lib/python3.10/site-packages:${PYTHONPATH} /usr/bin/python3 -W ignore:setup.py install is deprecated -W ignore:easy_install command is deprecated setup.py egg_info --egg-base ../../build/onsetbot build --build-base /home/gong/onset_ws/build/onsetbot/build install --record /home/gong/onset_ws/build/onsetbot/install.log --single-version-externally-managed install_data
[4.996s] running egg_info
[5.072s] writing ../../build/onsetbot/onsetbot.egg-info/PKG-INFO
[5.075s] writing dependency_links to ../../build/onsetbot/onsetbot.egg-info/dependency_links.txt
[5.077s] writing entry points to ../../build/onsetbot/onsetbot.egg-info/entry_points.txt
[5.079s] writing requirements to ../../build/onsetbot/onsetbot.egg-info/requires.txt
[5.080s] writing top-level names to ../../build/onsetbot/onsetbot.egg-info/top_level.txt
[5.240s] reading manifest file '../../build/onsetbot/onsetbot.egg-info/SOURCES.txt'
[5.248s] writing manifest file '../../build/onsetbot/onsetbot.egg-info/SOURCES.txt'
[5.249s] running build
[5.249s] running build_py
[5.251s] copying onsetbot/actuator_command.py -> /home/gong/onset_ws/build/onsetbot/build/lib/onsetbot
[5.253s] copying onsetbot/stm32_bridge.py -> /home/gong/onset_ws/build/onsetbot/build/lib/onsetbot
[5.254s] copying onsetbot/__init__.py -> /home/gong/onset_ws/build/onsetbot/build/lib/onsetbot
[5.255s] copying onsetbot/onset_gui.py -> /home/gong/onset_ws/build/onsetbot/build/lib/onsetbot
[5.257s] copying onsetbot/configure_spinout_usb.py -> /home/gong/onset_ws/build/onsetbot/build/lib/onsetbot
[5.259s] copying onsetbot/actuator_commands.py -> /home/gong/onset_ws/build/onsetbot/build/lib/onsetbot
[5.261s] copying onsetbot/odrive_can_bridge.py -> /home/gong/onset_ws/build/onsetbot/build/lib/onsetbot
[5.265s] running install
[5.283s] running install_lib
[5.350s] copying /home/gong/onset_ws/build/onsetbot/build/lib/onsetbot/stm32_bridge.py -> /home/gong/onset_ws/install/onsetbot/lib/python3.10/site-packages/onsetbot
[5.354s] byte-compiling /home/gong/onset_ws/install/onsetbot/lib/python3.10/site-packages/onsetbot/stm32_bridge.py to stm32_bridge.cpython-310.pyc
[5.366s] running install_data
[5.367s] copying resource/onsetbot -> /home/gong/onset_ws/install/onsetbot/share/ament_index/resource_index/packages
[5.368s] copying package.xml -> /home/gong/onset_ws/install/onsetbot/share/onsetbot
[5.370s] copying launch/onset_launch.launch.py -> /home/gong/onset_ws/install/onsetbot/share/onsetbot/launch
[5.371s] running install_egg_info
[5.442s] removing '/home/gong/onset_ws/install/onsetbot/lib/python3.10/site-packages/onsetbot-0.0.0-py3.10.egg-info' (and everything under it)
[5.444s] Copying ../../build/onsetbot/onsetbot.egg-info to /home/gong/onset_ws/install/onsetbot/lib/python3.10/site-packages/onsetbot-0.0.0-py3.10.egg-info
[5.450s] running install_scripts
[5.593s] Installing actuator_command script to /home/gong/onset_ws/install/onsetbot/lib/onsetbot
[5.594s] Installing actuator_commands script to /home/gong/onset_ws/install/onsetbot/lib/onsetbot
[5.595s] Installing odrive_can_bridge script to /home/gong/onset_ws/install/onsetbot/lib/onsetbot
[5.596s] Installing onset_gui script to /home/gong/onset_ws/install/onsetbot/lib/onsetbot
[5.598s] Installing stm32_bridge script to /home/gong/onset_ws/install/onsetbot/lib/onsetbot
[5.600s] writing list of installed files to '/home/gong/onset_ws/build/onsetbot/install.log'
[5.731s] Invoked command in '/home/gong/onset_ws/src/onsetbot' returned '0': PYTHONPATH=/home/gong/onset_ws/build/onsetbot/prefix_override:/usr/lib/python3/dist-packages/colcon_core/task/python/colcon_distutils_commands:/home/gong/onset_ws/install/onsetbot/lib/python3.10/site-packages:${PYTHONPATH} /usr/bin/python3 -W ignore:setup.py install is deprecated -W ignore:easy_install command is deprecated setup.py egg_info --egg-base ../../build/onsetbot build --build-base /home/gong/onset_ws/build/onsetbot/build install --record /home/gong/onset_ws/build/onsetbot/install.log --single-version-externally-managed install_data
