[3.595s] Invoking command in '/home/gong/onset_ws/src/onsetbot': PYTHONPATH=/home/gong/onset_ws/build/onsetbot/prefix_override:/usr/lib/python3/dist-packages/colcon_core/task/python/colcon_distutils_commands:/home/gong/onset_ws/install/onsetbot/lib/python3.10/site-packages:${PYTHONPATH} /usr/bin/python3 -W ignore:setup.py install is deprecated -W ignore:easy_install command is deprecated setup.py egg_info --egg-base ../../build/onsetbot build --build-base /home/gong/onset_ws/build/onsetbot/build install --record /home/gong/onset_ws/build/onsetbot/install.log --single-version-externally-managed install_data
[4.734s] running egg_info
[4.804s] writing ../../build/onsetbot/onsetbot.egg-info/PKG-INFO
[4.807s] writing dependency_links to ../../build/onsetbot/onsetbot.egg-info/dependency_links.txt
[4.809s] writing entry points to ../../build/onsetbot/onsetbot.egg-info/entry_points.txt
[4.810s] writing requirements to ../../build/onsetbot/onsetbot.egg-info/requires.txt
[4.811s] writing top-level names to ../../build/onsetbot/onsetbot.egg-info/top_level.txt
[4.951s] reading manifest file '../../build/onsetbot/onsetbot.egg-info/SOURCES.txt'
[4.960s] writing manifest file '../../build/onsetbot/onsetbot.egg-info/SOURCES.txt'
[4.961s] running build
[4.962s] running build_py
[4.965s] copying onsetbot/actuator_command.py -> /home/gong/onset_ws/build/onsetbot/build/lib/onsetbot
[4.968s] copying onsetbot/stm32_bridge.py -> /home/gong/onset_ws/build/onsetbot/build/lib/onsetbot
[4.971s] copying onsetbot/__init__.py -> /home/gong/onset_ws/build/onsetbot/build/lib/onsetbot
[4.972s] copying onsetbot/onset_gui.py -> /home/gong/onset_ws/build/onsetbot/build/lib/onsetbot
[4.976s] copying onsetbot/configure_spinout_usb.py -> /home/gong/onset_ws/build/onsetbot/build/lib/onsetbot
[4.979s] copying onsetbot/actuator_commands.py -> /home/gong/onset_ws/build/onsetbot/build/lib/onsetbot
[4.982s] copying onsetbot/odrive_can_bridge.py -> /home/gong/onset_ws/build/onsetbot/build/lib/onsetbot
[4.986s] running install
[5.006s] running install_lib
[5.077s] copying /home/gong/onset_ws/build/onsetbot/build/lib/onsetbot/stm32_bridge.py -> /home/gong/onset_ws/install/onsetbot/lib/python3.10/site-packages/onsetbot
[5.079s] copying /home/gong/onset_ws/build/onsetbot/build/lib/onsetbot/actuator_commands.py -> /home/gong/onset_ws/install/onsetbot/lib/python3.10/site-packages/onsetbot
[5.083s] byte-compiling /home/gong/onset_ws/install/onsetbot/lib/python3.10/site-packages/onsetbot/stm32_bridge.py to stm32_bridge.cpython-310.pyc
[5.092s] byte-compiling /home/gong/onset_ws/install/onsetbot/lib/python3.10/site-packages/onsetbot/actuator_commands.py to actuator_commands.cpython-310.pyc
[5.111s] running install_data
[5.113s] copying resource/onsetbot -> /home/gong/onset_ws/install/onsetbot/share/ament_index/resource_index/packages
[5.115s] copying package.xml -> /home/gong/onset_ws/install/onsetbot/share/onsetbot
[5.117s] copying launch/onset_launch.launch.py -> /home/gong/onset_ws/install/onsetbot/share/onsetbot/launch
[5.123s] running install_egg_info
[5.202s] removing '/home/gong/onset_ws/install/onsetbot/lib/python3.10/site-packages/onsetbot-0.0.0-py3.10.egg-info' (and everything under it)
[5.204s] Copying ../../build/onsetbot/onsetbot.egg-info to /home/gong/onset_ws/install/onsetbot/lib/python3.10/site-packages/onsetbot-0.0.0-py3.10.egg-info
[5.210s] running install_scripts
[5.350s] Installing actuator_command script to /home/gong/onset_ws/install/onsetbot/lib/onsetbot
[5.351s] Installing actuator_commands script to /home/gong/onset_ws/install/onsetbot/lib/onsetbot
[5.352s] Installing odrive_can_bridge script to /home/gong/onset_ws/install/onsetbot/lib/onsetbot
[5.354s] Installing onset_gui script to /home/gong/onset_ws/install/onsetbot/lib/onsetbot
[5.355s] Installing stm32_bridge script to /home/gong/onset_ws/install/onsetbot/lib/onsetbot
[5.358s] writing list of installed files to '/home/gong/onset_ws/build/onsetbot/install.log'
[5.488s] Invoked command in '/home/gong/onset_ws/src/onsetbot' returned '0': PYTHONPATH=/home/gong/onset_ws/build/onsetbot/prefix_override:/usr/lib/python3/dist-packages/colcon_core/task/python/colcon_distutils_commands:/home/gong/onset_ws/install/onsetbot/lib/python3.10/site-packages:${PYTHONPATH} /usr/bin/python3 -W ignore:setup.py install is deprecated -W ignore:easy_install command is deprecated setup.py egg_info --egg-base ../../build/onsetbot build --build-base /home/gong/onset_ws/build/onsetbot/build install --record /home/gong/onset_ws/build/onsetbot/install.log --single-version-externally-managed install_data
