[0.809s] DEBUG:colcon:Command line arguments: ['/usr/bin/colcon', 'build']
[0.810s] DEBUG:colcon:Parsed command line arguments: Namespace(log_base=None, log_level=None, verb_name='build', build_base='build', install_base='install', merge_install=False, symlink_install=False, test_result_base=None, continue_on_error=False, executor='parallel', parallel_workers=4, event_handlers=None, ignore_user_meta=False, metas=['./colcon.meta'], base_paths=['.'], packages_ignore=None, packages_ignore_regex=None, paths=None, packages_up_to=None, packages_up_to_regex=None, packages_above=None, packages_above_and_dependencies=None, packages_above_depth=None, packages_select_by_dep=None, packages_skip_by_dep=None, packages_skip_up_to=None, packages_select_build_failed=False, packages_skip_build_finished=False, packages_select_test_failures=False, packages_skip_test_passed=False, packages_select=None, packages_skip=None, packages_select_regex=None, packages_skip_regex=None, packages_start=None, packages_end=None, allow_overriding=[], cmake_args=None, cmake_target=None, cmake_target_skip_unavailable=False, cmake_clean_cache=False, cmake_clean_first=False, cmake_force_configure=False, ament_cmake_args=None, catkin_cmake_args=None, catkin_skip_building_tests=False, mixin_files=None, mixin=None, verb_parser=<colcon_mixin.mixin.mixin_argument.MixinArgumentDecorator object at 0xffffb0c32d10>, verb_extension=<colcon_core.verb.build.BuildVerb object at 0xffffb0df43d0>, main=<bound method BuildVerb.main of <colcon_core.verb.build.BuildVerb object at 0xffffb0df43d0>>, mixin_verb=('build',))
[1.021s] Level 1:colcon.colcon_core.package_discovery:discover_packages(colcon_meta) check parameters
[1.022s] Level 1:colcon.colcon_core.package_discovery:discover_packages(recursive) check parameters
[1.022s] Level 1:colcon.colcon_core.package_discovery:discover_packages(ignore) check parameters
[1.022s] Level 1:colcon.colcon_core.package_discovery:discover_packages(path) check parameters
[1.022s] Level 1:colcon.colcon_core.package_discovery:discover_packages(colcon_meta) discover
[1.022s] Level 1:colcon.colcon_core.package_discovery:discover_packages(recursive) discover
[1.023s] INFO:colcon.colcon_core.package_discovery:Crawling recursively for packages in '/home/gong/onset_ws'
[1.023s] Level 1:colcon.colcon_core.package_identification:_identify(.) by extensions ['ignore', 'ignore_ament_install']
[1.023s] Level 1:colcon.colcon_core.package_identification:_identify(.) by extension 'ignore'
[1.024s] Level 1:colcon.colcon_core.package_identification:_identify(.) by extension 'ignore_ament_install'
[1.024s] Level 1:colcon.colcon_core.package_identification:_identify(.) by extensions ['colcon_pkg']
[1.024s] Level 1:colcon.colcon_core.package_identification:_identify(.) by extension 'colcon_pkg'
[1.024s] Level 1:colcon.colcon_core.package_identification:_identify(.) by extensions ['colcon_meta']
[1.024s] Level 1:colcon.colcon_core.package_identification:_identify(.) by extension 'colcon_meta'
[1.024s] Level 1:colcon.colcon_core.package_identification:_identify(.) by extensions ['ros']
[1.024s] Level 1:colcon.colcon_core.package_identification:_identify(.) by extension 'ros'
[1.099s] Level 1:colcon.colcon_core.package_identification:_identify(.) by extensions ['cmake', 'python']
[1.099s] Level 1:colcon.colcon_core.package_identification:_identify(.) by extension 'cmake'
[1.099s] Level 1:colcon.colcon_core.package_identification:_identify(.) by extension 'python'
[1.099s] Level 1:colcon.colcon_core.package_identification:_identify(.) by extensions ['python_setup_py']
[1.099s] Level 1:colcon.colcon_core.package_identification:_identify(.) by extension 'python_setup_py'
[1.101s] Level 1:colcon.colcon_core.package_identification:_identify(build) by extensions ['ignore', 'ignore_ament_install']
[1.101s] Level 1:colcon.colcon_core.package_identification:_identify(build) by extension 'ignore'
[1.101s] Level 1:colcon.colcon_core.package_identification:_identify(build) ignored
[1.102s] Level 1:colcon.colcon_core.package_identification:_identify(install) by extensions ['ignore', 'ignore_ament_install']
[1.103s] Level 1:colcon.colcon_core.package_identification:_identify(install) by extension 'ignore'
[1.103s] Level 1:colcon.colcon_core.package_identification:_identify(install) ignored
[1.104s] Level 1:colcon.colcon_core.package_identification:_identify(log) by extensions ['ignore', 'ignore_ament_install']
[1.104s] Level 1:colcon.colcon_core.package_identification:_identify(log) by extension 'ignore'
[1.104s] Level 1:colcon.colcon_core.package_identification:_identify(log) ignored
[1.105s] Level 1:colcon.colcon_core.package_identification:_identify(src) by extensions ['ignore', 'ignore_ament_install']
[1.106s] Level 1:colcon.colcon_core.package_identification:_identify(src) by extension 'ignore'
[1.106s] Level 1:colcon.colcon_core.package_identification:_identify(src) by extension 'ignore_ament_install'
[1.106s] Level 1:colcon.colcon_core.package_identification:_identify(src) by extensions ['colcon_pkg']
[1.106s] Level 1:colcon.colcon_core.package_identification:_identify(src) by extension 'colcon_pkg'
[1.106s] Level 1:colcon.colcon_core.package_identification:_identify(src) by extensions ['colcon_meta']
[1.107s] Level 1:colcon.colcon_core.package_identification:_identify(src) by extension 'colcon_meta'
[1.107s] Level 1:colcon.colcon_core.package_identification:_identify(src) by extensions ['ros']
[1.107s] Level 1:colcon.colcon_core.package_identification:_identify(src) by extension 'ros'
[1.107s] Level 1:colcon.colcon_core.package_identification:_identify(src) by extensions ['cmake', 'python']
[1.107s] Level 1:colcon.colcon_core.package_identification:_identify(src) by extension 'cmake'
[1.108s] Level 1:colcon.colcon_core.package_identification:_identify(src) by extension 'python'
[1.108s] Level 1:colcon.colcon_core.package_identification:_identify(src) by extensions ['python_setup_py']
[1.108s] Level 1:colcon.colcon_core.package_identification:_identify(src) by extension 'python_setup_py'
[1.109s] Level 1:colcon.colcon_core.package_identification:_identify(src/onset_interfaces) by extensions ['ignore', 'ignore_ament_install']
[1.109s] Level 1:colcon.colcon_core.package_identification:_identify(src/onset_interfaces) by extension 'ignore'
[1.109s] Level 1:colcon.colcon_core.package_identification:_identify(src/onset_interfaces) by extension 'ignore_ament_install'
[1.110s] Level 1:colcon.colcon_core.package_identification:_identify(src/onset_interfaces) by extensions ['colcon_pkg']
[1.110s] Level 1:colcon.colcon_core.package_identification:_identify(src/onset_interfaces) by extension 'colcon_pkg'
[1.110s] Level 1:colcon.colcon_core.package_identification:_identify(src/onset_interfaces) by extensions ['colcon_meta']
[1.110s] Level 1:colcon.colcon_core.package_identification:_identify(src/onset_interfaces) by extension 'colcon_meta'
[1.110s] Level 1:colcon.colcon_core.package_identification:_identify(src/onset_interfaces) by extensions ['ros']
[1.110s] Level 1:colcon.colcon_core.package_identification:_identify(src/onset_interfaces) by extension 'ros'
[1.119s] DEBUG:colcon.colcon_core.package_identification:Package 'src/onset_interfaces' with type 'ros.ament_cmake' and name 'onset_interfaces'
[1.121s] Level 1:colcon.colcon_core.package_identification:_identify(src/onset_interfaces_old_20260226_141931) by extensions ['ignore', 'ignore_ament_install']
[1.121s] Level 1:colcon.colcon_core.package_identification:_identify(src/onset_interfaces_old_20260226_141931) by extension 'ignore'
[1.121s] Level 1:colcon.colcon_core.package_identification:_identify(src/onset_interfaces_old_20260226_141931) by extension 'ignore_ament_install'
[1.121s] Level 1:colcon.colcon_core.package_identification:_identify(src/onset_interfaces_old_20260226_141931) by extensions ['colcon_pkg']
[1.122s] Level 1:colcon.colcon_core.package_identification:_identify(src/onset_interfaces_old_20260226_141931) by extension 'colcon_pkg'
[1.122s] Level 1:colcon.colcon_core.package_identification:_identify(src/onset_interfaces_old_20260226_141931) by extensions ['colcon_meta']
[1.122s] Level 1:colcon.colcon_core.package_identification:_identify(src/onset_interfaces_old_20260226_141931) by extension 'colcon_meta'
[1.122s] Level 1:colcon.colcon_core.package_identification:_identify(src/onset_interfaces_old_20260226_141931) by extensions ['ros']
[1.122s] Level 1:colcon.colcon_core.package_identification:_identify(src/onset_interfaces_old_20260226_141931) by extension 'ros'
[1.123s] Level 1:colcon.colcon_core.package_identification:_identify(src/onset_interfaces_old_20260226_141931) by extensions ['cmake', 'python']
[1.123s] Level 1:colcon.colcon_core.package_identification:_identify(src/onset_interfaces_old_20260226_141931) by extension 'cmake'
[1.123s] Level 1:colcon.colcon_core.package_identification:_identify(src/onset_interfaces_old_20260226_141931) by extension 'python'
[1.123s] Level 1:colcon.colcon_core.package_identification:_identify(src/onset_interfaces_old_20260226_141931) by extensions ['python_setup_py']
[1.123s] Level 1:colcon.colcon_core.package_identification:_identify(src/onset_interfaces_old_20260226_141931) by extension 'python_setup_py'
[1.124s] Level 1:colcon.colcon_core.package_identification:_identify(src/onset_interfaces_old_20260226_141931/msg) by extensions ['ignore', 'ignore_ament_install']
[1.125s] Level 1:colcon.colcon_core.package_identification:_identify(src/onset_interfaces_old_20260226_141931/msg) by extension 'ignore'
[1.125s] Level 1:colcon.colcon_core.package_identification:_identify(src/onset_interfaces_old_20260226_141931/msg) by extension 'ignore_ament_install'
[1.125s] Level 1:colcon.colcon_core.package_identification:_identify(src/onset_interfaces_old_20260226_141931/msg) by extensions ['colcon_pkg']
[1.125s] Level 1:colcon.colcon_core.package_identification:_identify(src/onset_interfaces_old_20260226_141931/msg) by extension 'colcon_pkg'
[1.125s] Level 1:colcon.colcon_core.package_identification:_identify(src/onset_interfaces_old_20260226_141931/msg) by extensions ['colcon_meta']
[1.126s] Level 1:colcon.colcon_core.package_identification:_identify(src/onset_interfaces_old_20260226_141931/msg) by extension 'colcon_meta'
[1.126s] Level 1:colcon.colcon_core.package_identification:_identify(src/onset_interfaces_old_20260226_141931/msg) by extensions ['ros']
[1.126s] Level 1:colcon.colcon_core.package_identification:_identify(src/onset_interfaces_old_20260226_141931/msg) by extension 'ros'
[1.126s] Level 1:colcon.colcon_core.package_identification:_identify(src/onset_interfaces_old_20260226_141931/msg) by extensions ['cmake', 'python']
[1.126s] Level 1:colcon.colcon_core.package_identification:_identify(src/onset_interfaces_old_20260226_141931/msg) by extension 'cmake'
[1.127s] Level 1:colcon.colcon_core.package_identification:_identify(src/onset_interfaces_old_20260226_141931/msg) by extension 'python'
[1.127s] Level 1:colcon.colcon_core.package_identification:_identify(src/onset_interfaces_old_20260226_141931/msg) by extensions ['python_setup_py']
[1.127s] Level 1:colcon.colcon_core.package_identification:_identify(src/onset_interfaces_old_20260226_141931/msg) by extension 'python_setup_py'
[1.128s] Level 1:colcon.colcon_core.package_identification:_identify(src/onsetbot) by extensions ['ignore', 'ignore_ament_install']
[1.128s] Level 1:colcon.colcon_core.package_identification:_identify(src/onsetbot) by extension 'ignore'
[1.128s] Level 1:colcon.colcon_core.package_identification:_identify(src/onsetbot) by extension 'ignore_ament_install'
[1.128s] Level 1:colcon.colcon_core.package_identification:_identify(src/onsetbot) by extensions ['colcon_pkg']
[1.128s] Level 1:colcon.colcon_core.package_identification:_identify(src/onsetbot) by extension 'colcon_pkg'
[1.129s] Level 1:colcon.colcon_core.package_identification:_identify(src/onsetbot) by extensions ['colcon_meta']
[1.129s] Level 1:colcon.colcon_core.package_identification:_identify(src/onsetbot) by extension 'colcon_meta'
[1.129s] Level 1:colcon.colcon_core.package_identification:_identify(src/onsetbot) by extensions ['ros']
[1.129s] Level 1:colcon.colcon_core.package_identification:_identify(src/onsetbot) by extension 'ros'
[1.133s] DEBUG:colcon.colcon_core.package_identification:Package 'src/onsetbot' with type 'ros.ament_python' and name 'onsetbot'
[1.134s] Level 1:colcon.colcon_core.package_identification:_identify(src/ros_odrive) by extensions ['ignore', 'ignore_ament_install']
[1.135s] Level 1:colcon.colcon_core.package_identification:_identify(src/ros_odrive) by extension 'ignore'
[1.135s] Level 1:colcon.colcon_core.package_identification:_identify(src/ros_odrive) by extension 'ignore_ament_install'
[1.135s] Level 1:colcon.colcon_core.package_identification:_identify(src/ros_odrive) by extensions ['colcon_pkg']
[1.135s] Level 1:colcon.colcon_core.package_identification:_identify(src/ros_odrive) by extension 'colcon_pkg'
[1.135s] Level 1:colcon.colcon_core.package_identification:_identify(src/ros_odrive) by extensions ['colcon_meta']
[1.135s] Level 1:colcon.colcon_core.package_identification:_identify(src/ros_odrive) by extension 'colcon_meta'
[1.136s] Level 1:colcon.colcon_core.package_identification:_identify(src/ros_odrive) by extensions ['ros']
[1.136s] Level 1:colcon.colcon_core.package_identification:_identify(src/ros_odrive) by extension 'ros'
[1.136s] Level 1:colcon.colcon_core.package_identification:_identify(src/ros_odrive) by extensions ['cmake', 'python']
[1.136s] Level 1:colcon.colcon_core.package_identification:_identify(src/ros_odrive) by extension 'cmake'
[1.137s] Level 1:colcon.colcon_core.package_identification:_identify(src/ros_odrive) by extension 'python'
[1.137s] Level 1:colcon.colcon_core.package_identification:_identify(src/ros_odrive) by extensions ['python_setup_py']
[1.137s] Level 1:colcon.colcon_core.package_identification:_identify(src/ros_odrive) by extension 'python_setup_py'
[1.137s] Level 1:colcon.colcon_core.package_discovery:discover_packages(recursive) using defaults
[1.137s] Level 1:colcon.colcon_core.package_discovery:discover_packages(ignore) discover
[1.137s] Level 1:colcon.colcon_core.package_discovery:discover_packages(ignore) using defaults
[1.138s] Level 1:colcon.colcon_core.package_discovery:discover_packages(path) discover
[1.138s] Level 1:colcon.colcon_core.package_discovery:discover_packages(path) using defaults
[1.244s] Level 1:colcon.colcon_core.package_discovery:discover_packages(prefix_path) check parameters
[1.244s] Level 1:colcon.colcon_core.package_discovery:discover_packages(prefix_path) discover
[1.276s] DEBUG:colcon.colcon_installed_package_information.package_discovery:Found 2 installed packages in /home/gong/onset_ws/install
[1.288s] DEBUG:colcon.colcon_installed_package_information.package_discovery:Found 23 installed packages in /home/gong/ros2_ws/install
[1.302s] DEBUG:colcon.colcon_installed_package_information.package_discovery:Found 230 installed packages in /opt/ros/humble
[1.308s] Level 1:colcon.colcon_core.package_discovery:discover_packages(prefix_path) using defaults
[1.641s] Level 5:colcon.colcon_core.verb:set package 'onset_interfaces' build argument 'cmake_args' from command line to 'None'
[1.641s] Level 5:colcon.colcon_core.verb:set package 'onset_interfaces' build argument 'cmake_target' from command line to 'None'
[1.641s] Level 5:colcon.colcon_core.verb:set package 'onset_interfaces' build argument 'cmake_target_skip_unavailable' from command line to 'False'
[1.641s] Level 5:colcon.colcon_core.verb:set package 'onset_interfaces' build argument 'cmake_clean_cache' from command line to 'False'
[1.642s] Level 5:colcon.colcon_core.verb:set package 'onset_interfaces' build argument 'cmake_clean_first' from command line to 'False'
[1.642s] Level 5:colcon.colcon_core.verb:set package 'onset_interfaces' build argument 'cmake_force_configure' from command line to 'False'
[1.642s] Level 5:colcon.colcon_core.verb:set package 'onset_interfaces' build argument 'ament_cmake_args' from command line to 'None'
[1.642s] Level 5:colcon.colcon_core.verb:set package 'onset_interfaces' build argument 'catkin_cmake_args' from command line to 'None'
[1.642s] Level 5:colcon.colcon_core.verb:set package 'onset_interfaces' build argument 'catkin_skip_building_tests' from command line to 'False'
[1.642s] DEBUG:colcon.colcon_core.verb:Building package 'onset_interfaces' with the following arguments: {'ament_cmake_args': None, 'build_base': '/home/gong/onset_ws/build/onset_interfaces', 'catkin_cmake_args': None, 'catkin_skip_building_tests': False, 'cmake_args': None, 'cmake_clean_cache': False, 'cmake_clean_first': False, 'cmake_force_configure': False, 'cmake_target': None, 'cmake_target_skip_unavailable': False, 'install_base': '/home/gong/onset_ws/install/onset_interfaces', 'merge_install': False, 'path': '/home/gong/onset_ws/src/onset_interfaces', 'symlink_install': False, 'test_result_base': None}
[1.643s] Level 5:colcon.colcon_core.verb:set package 'onsetbot' build argument 'cmake_args' from command line to 'None'
[1.644s] Level 5:colcon.colcon_core.verb:set package 'onsetbot' build argument 'cmake_target' from command line to 'None'
[1.644s] Level 5:colcon.colcon_core.verb:set package 'onsetbot' build argument 'cmake_target_skip_unavailable' from command line to 'False'
[1.644s] Level 5:colcon.colcon_core.verb:set package 'onsetbot' build argument 'cmake_clean_cache' from command line to 'False'
[1.644s] Level 5:colcon.colcon_core.verb:set package 'onsetbot' build argument 'cmake_clean_first' from command line to 'False'
[1.644s] Level 5:colcon.colcon_core.verb:set package 'onsetbot' build argument 'cmake_force_configure' from command line to 'False'
[1.644s] Level 5:colcon.colcon_core.verb:set package 'onsetbot' build argument 'ament_cmake_args' from command line to 'None'
[1.644s] Level 5:colcon.colcon_core.verb:set package 'onsetbot' build argument 'catkin_cmake_args' from command line to 'None'
[1.644s] Level 5:colcon.colcon_core.verb:set package 'onsetbot' build argument 'catkin_skip_building_tests' from command line to 'False'
[1.644s] DEBUG:colcon.colcon_core.verb:Building package 'onsetbot' with the following arguments: {'ament_cmake_args': None, 'build_base': '/home/gong/onset_ws/build/onsetbot', 'catkin_cmake_args': None, 'catkin_skip_building_tests': False, 'cmake_args': None, 'cmake_clean_cache': False, 'cmake_clean_first': False, 'cmake_force_configure': False, 'cmake_target': None, 'cmake_target_skip_unavailable': False, 'install_base': '/home/gong/onset_ws/install/onsetbot', 'merge_install': False, 'path': '/home/gong/onset_ws/src/onsetbot', 'symlink_install': False, 'test_result_base': None}
[1.645s] INFO:colcon.colcon_core.executor:Executing jobs using 'parallel' executor
[1.648s] DEBUG:colcon.colcon_parallel_executor.executor.parallel:run_until_complete
[1.649s] INFO:colcon.colcon_ros.task.ament_cmake.build:Building ROS package in '/home/gong/onset_ws/src/onset_interfaces' with build type 'ament_cmake'
[1.649s] INFO:colcon.colcon_cmake.task.cmake.build:Building CMake package in '/home/gong/onset_ws/src/onset_interfaces'
[1.669s] INFO:colcon.colcon_core.plugin_system:Skipping extension 'colcon_core.shell.bat': Not used on non-Windows systems
[1.670s] INFO:colcon.colcon_core.shell:Skip shell extension 'powershell' for command environment: Not usable outside of PowerShell
[1.670s] DEBUG:colcon.colcon_core.shell:Skip shell extension 'dsv' for command environment
[1.736s] DEBUG:colcon.colcon_core.event_handler.log_command:Invoking command in '/home/gong/onset_ws/build/onset_interfaces': CMAKE_PREFIX_PATH=${CMAKE_PREFIX_PATH}:/home/gong/onset_ws/install/onsetbot:/home/gong/ros2_ws/install/odrive_tools:/opt/ros/humble /usr/bin/cmake --build /home/gong/onset_ws/build/onset_interfaces -- -j4 -l4
[5.988s] DEBUG:colcon.colcon_core.event_handler.log_command:Invoked command in '/home/gong/onset_ws/build/onset_interfaces' returned '0': CMAKE_PREFIX_PATH=${CMAKE_PREFIX_PATH}:/home/gong/onset_ws/install/onsetbot:/home/gong/ros2_ws/install/odrive_tools:/opt/ros/humble /usr/bin/cmake --build /home/gong/onset_ws/build/onset_interfaces -- -j4 -l4
[6.058s] DEBUG:colcon.colcon_core.event_handler.log_command:Invoking command in '/home/gong/onset_ws/build/onset_interfaces': CMAKE_PREFIX_PATH=${CMAKE_PREFIX_PATH}:/home/gong/onset_ws/install/onsetbot:/home/gong/ros2_ws/install/odrive_tools:/opt/ros/humble /usr/bin/cmake --install /home/gong/onset_ws/build/onset_interfaces
[6.566s] Level 1:colcon.colcon_core.environment:create_environment_scripts_only(onset_interfaces)
[6.568s] DEBUG:colcon.colcon_core.event_handler.log_command:Invoked command in '/home/gong/onset_ws/build/onset_interfaces' returned '0': CMAKE_PREFIX_PATH=${CMAKE_PREFIX_PATH}:/home/gong/onset_ws/install/onsetbot:/home/gong/ros2_ws/install/odrive_tools:/opt/ros/humble /usr/bin/cmake --install /home/gong/onset_ws/build/onset_interfaces
[6.580s] Level 1:colcon.colcon_core.environment:checking '/home/gong/onset_ws/install/onset_interfaces' for CMake module files
[6.586s] Level 1:colcon.colcon_core.environment:checking '/home/gong/onset_ws/install/onset_interfaces' for CMake config files
[6.599s] Level 1:colcon.colcon_core.shell:create_environment_hook('onset_interfaces', 'cmake_prefix_path')
[6.600s] INFO:colcon.colcon_core.shell:Creating environment hook '/home/gong/onset_ws/install/onset_interfaces/share/onset_interfaces/hook/cmake_prefix_path.ps1'
[6.604s] INFO:colcon.colcon_core.shell:Creating environment descriptor '/home/gong/onset_ws/install/onset_interfaces/share/onset_interfaces/hook/cmake_prefix_path.dsv'
[6.607s] INFO:colcon.colcon_core.shell:Creating environment hook '/home/gong/onset_ws/install/onset_interfaces/share/onset_interfaces/hook/cmake_prefix_path.sh'
[6.611s] Level 1:colcon.colcon_core.environment:checking '/home/gong/onset_ws/install/onset_interfaces/lib'
[6.612s] Level 1:colcon.colcon_core.shell:create_environment_hook('onset_interfaces', 'ld_library_path_lib')
[6.613s] INFO:colcon.colcon_core.shell:Creating environment hook '/home/gong/onset_ws/install/onset_interfaces/share/onset_interfaces/hook/ld_library_path_lib.ps1'
[6.615s] INFO:colcon.colcon_core.shell:Creating environment descriptor '/home/gong/onset_ws/install/onset_interfaces/share/onset_interfaces/hook/ld_library_path_lib.dsv'
[6.618s] INFO:colcon.colcon_core.shell:Creating environment hook '/home/gong/onset_ws/install/onset_interfaces/share/onset_interfaces/hook/ld_library_path_lib.sh'
[6.620s] Level 1:colcon.colcon_core.environment:checking '/home/gong/onset_ws/install/onset_interfaces/bin'
[6.621s] Level 1:colcon.colcon_core.environment:checking '/home/gong/onset_ws/install/onset_interfaces/lib/pkgconfig/onset_interfaces.pc'
[6.622s] Level 1:colcon.colcon_core.environment:checking '/home/gong/onset_ws/install/onset_interfaces/lib/python3.10/site-packages'
[6.623s] Level 1:colcon.colcon_core.environment:checking '/home/gong/onset_ws/install/onset_interfaces/bin'
[6.624s] INFO:colcon.colcon_core.shell:Creating package script '/home/gong/onset_ws/install/onset_interfaces/share/onset_interfaces/package.ps1'
[6.628s] INFO:colcon.colcon_core.shell:Creating package descriptor '/home/gong/onset_ws/install/onset_interfaces/share/onset_interfaces/package.dsv'
[6.631s] INFO:colcon.colcon_core.shell:Creating package script '/home/gong/onset_ws/install/onset_interfaces/share/onset_interfaces/package.sh'
[6.634s] INFO:colcon.colcon_core.shell:Creating package script '/home/gong/onset_ws/install/onset_interfaces/share/onset_interfaces/package.bash'
[6.637s] INFO:colcon.colcon_core.shell:Creating package script '/home/gong/onset_ws/install/onset_interfaces/share/onset_interfaces/package.zsh'
[6.640s] Level 1:colcon.colcon_core.environment:create_file_with_runtime_dependencies(/home/gong/onset_ws/install/onset_interfaces/share/colcon-core/packages/onset_interfaces)
[6.643s] Level 1:colcon.colcon_core.environment:create_environment_scripts_only(onset_interfaces)
[6.644s] Level 1:colcon.colcon_core.environment:checking '/home/gong/onset_ws/install/onset_interfaces' for CMake module files
[6.648s] Level 1:colcon.colcon_core.environment:checking '/home/gong/onset_ws/install/onset_interfaces' for CMake config files
[6.659s] Level 1:colcon.colcon_core.shell:create_environment_hook('onset_interfaces', 'cmake_prefix_path')
[6.660s] INFO:colcon.colcon_core.shell:Creating environment hook '/home/gong/onset_ws/install/onset_interfaces/share/onset_interfaces/hook/cmake_prefix_path.ps1'
[6.662s] INFO:colcon.colcon_core.shell:Creating environment descriptor '/home/gong/onset_ws/install/onset_interfaces/share/onset_interfaces/hook/cmake_prefix_path.dsv'
[6.664s] INFO:colcon.colcon_core.shell:Creating environment hook '/home/gong/onset_ws/install/onset_interfaces/share/onset_interfaces/hook/cmake_prefix_path.sh'
[6.667s] Level 1:colcon.colcon_core.environment:checking '/home/gong/onset_ws/install/onset_interfaces/lib'
[6.668s] Level 1:colcon.colcon_core.shell:create_environment_hook('onset_interfaces', 'ld_library_path_lib')
[6.668s] INFO:colcon.colcon_core.shell:Creating environment hook '/home/gong/onset_ws/install/onset_interfaces/share/onset_interfaces/hook/ld_library_path_lib.ps1'
[6.670s] INFO:colcon.colcon_core.shell:Creating environment descriptor '/home/gong/onset_ws/install/onset_interfaces/share/onset_interfaces/hook/ld_library_path_lib.dsv'
[6.672s] INFO:colcon.colcon_core.shell:Creating environment hook '/home/gong/onset_ws/install/onset_interfaces/share/onset_interfaces/hook/ld_library_path_lib.sh'
[6.675s] Level 1:colcon.colcon_core.environment:checking '/home/gong/onset_ws/install/onset_interfaces/bin'
[6.676s] Level 1:colcon.colcon_core.environment:checking '/home/gong/onset_ws/install/onset_interfaces/lib/pkgconfig/onset_interfaces.pc'
[6.677s] Level 1:colcon.colcon_core.environment:checking '/home/gong/onset_ws/install/onset_interfaces/lib/python3.10/site-packages'
[6.678s] Level 1:colcon.colcon_core.environment:checking '/home/gong/onset_ws/install/onset_interfaces/bin'
[6.680s] INFO:colcon.colcon_core.shell:Creating package script '/home/gong/onset_ws/install/onset_interfaces/share/onset_interfaces/package.ps1'
[6.682s] INFO:colcon.colcon_core.shell:Creating package descriptor '/home/gong/onset_ws/install/onset_interfaces/share/onset_interfaces/package.dsv'
[6.685s] INFO:colcon.colcon_core.shell:Creating package script '/home/gong/onset_ws/install/onset_interfaces/share/onset_interfaces/package.sh'
[6.688s] INFO:colcon.colcon_core.shell:Creating package script '/home/gong/onset_ws/install/onset_interfaces/share/onset_interfaces/package.bash'
[6.690s] INFO:colcon.colcon_core.shell:Creating package script '/home/gong/onset_ws/install/onset_interfaces/share/onset_interfaces/package.zsh'
[6.692s] Level 1:colcon.colcon_core.environment:create_file_with_runtime_dependencies(/home/gong/onset_ws/install/onset_interfaces/share/colcon-core/packages/onset_interfaces)
[6.693s] INFO:colcon.colcon_ros.task.ament_python.build:Building ROS package in '/home/gong/onset_ws/src/onsetbot' with build type 'ament_python'
[6.694s] Level 1:colcon.colcon_core.shell:create_environment_hook('onsetbot', 'ament_prefix_path')
[6.695s] INFO:colcon.colcon_core.shell:Creating environment hook '/home/gong/onset_ws/install/onsetbot/share/onsetbot/hook/ament_prefix_path.ps1'
[6.698s] INFO:colcon.colcon_core.shell:Creating environment descriptor '/home/gong/onset_ws/install/onsetbot/share/onsetbot/hook/ament_prefix_path.dsv'
[6.700s] INFO:colcon.colcon_core.shell:Creating environment hook '/home/gong/onset_ws/install/onsetbot/share/onsetbot/hook/ament_prefix_path.sh'
[6.703s] INFO:colcon.colcon_core.shell:Skip shell extension 'powershell' for command environment: Not usable outside of PowerShell
[6.704s] DEBUG:colcon.colcon_core.shell:Skip shell extension 'dsv' for command environment
[7.742s] INFO:colcon.colcon_core.task.python.build:Building Python package in '/home/gong/onset_ws/src/onsetbot'
[7.743s] INFO:colcon.colcon_core.shell:Skip shell extension 'powershell' for command environment: Not usable outside of PowerShell
[7.743s] DEBUG:colcon.colcon_core.shell:Skip shell extension 'dsv' for command environment
[9.657s] DEBUG:colcon.colcon_core.event_handler.log_command:Invoking command in '/home/gong/onset_ws/src/onsetbot': PYTHONPATH=/home/gong/onset_ws/build/onsetbot/prefix_override:/usr/lib/python3/dist-packages/colcon_core/task/python/colcon_distutils_commands:/home/gong/onset_ws/install/onsetbot/lib/python3.10/site-packages:${PYTHONPATH} /usr/bin/python3 -W ignore:setup.py install is deprecated -W ignore:easy_install command is deprecated setup.py egg_info --egg-base ../../build/onsetbot build --build-base /home/gong/onset_ws/build/onsetbot/build install --record /home/gong/onset_ws/build/onsetbot/install.log --single-version-externally-managed install_data
[11.486s] Level 1:colcon.colcon_core.environment:checking '/home/gong/onset_ws/install/onsetbot' for CMake module files
[11.488s] DEBUG:colcon.colcon_core.event_handler.log_command:Invoked command in '/home/gong/onset_ws/src/onsetbot' returned '0': PYTHONPATH=/home/gong/onset_ws/build/onsetbot/prefix_override:/usr/lib/python3/dist-packages/colcon_core/task/python/colcon_distutils_commands:/home/gong/onset_ws/install/onsetbot/lib/python3.10/site-packages:${PYTHONPATH} /usr/bin/python3 -W ignore:setup.py install is deprecated -W ignore:easy_install command is deprecated setup.py egg_info --egg-base ../../build/onsetbot build --build-base /home/gong/onset_ws/build/onsetbot/build install --record /home/gong/onset_ws/build/onsetbot/install.log --single-version-externally-managed install_data
[11.489s] Level 1:colcon.colcon_core.environment:checking '/home/gong/onset_ws/install/onsetbot' for CMake config files
[11.493s] Level 1:colcon.colcon_core.environment:checking '/home/gong/onset_ws/install/onsetbot/lib'
[11.494s] Level 1:colcon.colcon_core.environment:checking '/home/gong/onset_ws/install/onsetbot/bin'
[11.494s] Level 1:colcon.colcon_core.environment:checking '/home/gong/onset_ws/install/onsetbot/lib/pkgconfig/onsetbot.pc'
[11.495s] Level 1:colcon.colcon_core.environment:checking '/home/gong/onset_ws/install/onsetbot/lib/python3.10/site-packages'
[11.495s] Level 1:colcon.colcon_core.shell:create_environment_hook('onsetbot', 'pythonpath')
[11.496s] INFO:colcon.colcon_core.shell:Creating environment hook '/home/gong/onset_ws/install/onsetbot/share/onsetbot/hook/pythonpath.ps1'
[11.498s] INFO:colcon.colcon_core.shell:Creating environment descriptor '/home/gong/onset_ws/install/onsetbot/share/onsetbot/hook/pythonpath.dsv'
[11.500s] INFO:colcon.colcon_core.shell:Creating environment hook '/home/gong/onset_ws/install/onsetbot/share/onsetbot/hook/pythonpath.sh'
[11.504s] Level 1:colcon.colcon_core.environment:checking '/home/gong/onset_ws/install/onsetbot/bin'
[11.504s] Level 1:colcon.colcon_core.environment:create_environment_scripts_only(onsetbot)
[11.505s] INFO:colcon.colcon_core.shell:Creating package script '/home/gong/onset_ws/install/onsetbot/share/onsetbot/package.ps1'
[11.508s] INFO:colcon.colcon_core.shell:Creating package descriptor '/home/gong/onset_ws/install/onsetbot/share/onsetbot/package.dsv'
[11.511s] INFO:colcon.colcon_core.shell:Creating package script '/home/gong/onset_ws/install/onsetbot/share/onsetbot/package.sh'
[11.513s] INFO:colcon.colcon_core.shell:Creating package script '/home/gong/onset_ws/install/onsetbot/share/onsetbot/package.bash'
[11.515s] INFO:colcon.colcon_core.shell:Creating package script '/home/gong/onset_ws/install/onsetbot/share/onsetbot/package.zsh'
[11.517s] Level 1:colcon.colcon_core.environment:create_file_with_runtime_dependencies(/home/gong/onset_ws/install/onsetbot/share/colcon-core/packages/onsetbot)
[11.518s] DEBUG:colcon.colcon_parallel_executor.executor.parallel:closing loop
[11.520s] DEBUG:colcon.colcon_parallel_executor.executor.parallel:loop closed
[11.520s] DEBUG:colcon.colcon_parallel_executor.executor.parallel:run_until_complete finished with '0'
[11.520s] DEBUG:colcon.colcon_core.event_reactor:joining thread
[11.551s] INFO:colcon.colcon_core.plugin_system:Skipping extension 'colcon_notification.desktop_notification.terminal_notifier': Not used on non-Darwin systems
[11.552s] INFO:colcon.colcon_core.plugin_system:Skipping extension 'colcon_notification.desktop_notification.win32': Not used on non-Windows systems
[11.553s] INFO:colcon.colcon_notification.desktop_notification:Sending desktop notification using 'notify2'
[11.621s] DEBUG:colcon.colcon_core.event_reactor:joined thread
[11.623s] INFO:colcon.colcon_core.shell:Creating prefix script '/home/gong/onset_ws/install/local_setup.ps1'
[11.629s] INFO:colcon.colcon_core.shell:Creating prefix util module '/home/gong/onset_ws/install/_local_setup_util_ps1.py'
[11.638s] INFO:colcon.colcon_core.shell:Creating prefix chain script '/home/gong/onset_ws/install/setup.ps1'
[11.656s] INFO:colcon.colcon_core.shell:Creating prefix script '/home/gong/onset_ws/install/local_setup.sh'
[11.659s] INFO:colcon.colcon_core.shell:Creating prefix util module '/home/gong/onset_ws/install/_local_setup_util_sh.py'
[11.663s] INFO:colcon.colcon_core.shell:Creating prefix chain script '/home/gong/onset_ws/install/setup.sh'
[11.679s] INFO:colcon.colcon_core.shell:Creating prefix script '/home/gong/onset_ws/install/local_setup.bash'
[11.683s] INFO:colcon.colcon_core.shell:Creating prefix chain script '/home/gong/onset_ws/install/setup.bash'
[11.698s] INFO:colcon.colcon_core.shell:Creating prefix script '/home/gong/onset_ws/install/local_setup.zsh'
[11.702s] INFO:colcon.colcon_core.shell:Creating prefix chain script '/home/gong/onset_ws/install/setup.zsh'
