[0.125s] DEBUG:colcon:Command line arguments: ['/usr/bin/colcon', 'build']
[0.125s] DEBUG:colcon:Parsed command line arguments: Namespace(log_base=None, log_level=None, verb_name='build', build_base='build', install_base='install', merge_install=False, symlink_install=False, test_result_base=None, continue_on_error=False, executor='parallel', parallel_workers=2, event_handlers=None, ignore_user_meta=False, metas=['./colcon.meta'], base_paths=['.'], packages_ignore=None, packages_ignore_regex=None, paths=None, packages_up_to=None, packages_up_to_regex=None, packages_above=None, packages_above_and_dependencies=None, packages_above_depth=None, packages_select_by_dep=None, packages_skip_by_dep=None, packages_skip_up_to=None, packages_select_build_failed=False, packages_skip_build_finished=False, packages_select_test_failures=False, packages_skip_test_passed=False, packages_select=None, packages_skip=None, packages_select_regex=None, packages_skip_regex=None, packages_start=None, packages_end=None, allow_overriding=[], cmake_args=None, cmake_target=None, cmake_target_skip_unavailable=False, cmake_clean_cache=False, cmake_clean_first=False, cmake_force_configure=False, ament_cmake_args=None, catkin_cmake_args=None, catkin_skip_building_tests=False, mixin_files=None, mixin=None, verb_parser=<colcon_mixin.mixin.mixin_argument.MixinArgumentDecorator object at 0x7b70de988490>, verb_extension=<colcon_core.verb.build.BuildVerb object at 0x7b70de953cd0>, main=<bound method BuildVerb.main of <colcon_core.verb.build.BuildVerb object at 0x7b70de953cd0>>, mixin_verb=('build',))
[0.344s] Level 1:colcon.colcon_core.package_discovery:discover_packages(colcon_meta) check parameters
[0.344s] Level 1:colcon.colcon_core.package_discovery:discover_packages(recursive) check parameters
[0.344s] Level 1:colcon.colcon_core.package_discovery:discover_packages(ignore) check parameters
[0.344s] Level 1:colcon.colcon_core.package_discovery:discover_packages(path) check parameters
[0.344s] Level 1:colcon.colcon_core.package_discovery:discover_packages(colcon_meta) discover
[0.344s] Level 1:colcon.colcon_core.package_discovery:discover_packages(recursive) discover
[0.344s] INFO:colcon.colcon_core.package_discovery:Crawling recursively for packages in '/home/gong/onset_ws'
[0.344s] Level 1:colcon.colcon_core.package_identification:_identify(.) by extensions ['ignore', 'ignore_ament_install']
[0.345s] Level 1:colcon.colcon_core.package_identification:_identify(.) by extension 'ignore'
[0.345s] Level 1:colcon.colcon_core.package_identification:_identify(.) by extension 'ignore_ament_install'
[0.345s] Level 1:colcon.colcon_core.package_identification:_identify(.) by extensions ['colcon_pkg']
[0.345s] Level 1:colcon.colcon_core.package_identification:_identify(.) by extension 'colcon_pkg'
[0.345s] Level 1:colcon.colcon_core.package_identification:_identify(.) by extensions ['colcon_meta']
[0.345s] Level 1:colcon.colcon_core.package_identification:_identify(.) by extension 'colcon_meta'
[0.345s] Level 1:colcon.colcon_core.package_identification:_identify(.) by extensions ['ros']
[0.345s] Level 1:colcon.colcon_core.package_identification:_identify(.) by extension 'ros'
[0.360s] Level 1:colcon.colcon_core.package_identification:_identify(.) by extensions ['cmake', 'python']
[0.360s] Level 1:colcon.colcon_core.package_identification:_identify(.) by extension 'cmake'
[0.360s] Level 1:colcon.colcon_core.package_identification:_identify(.) by extension 'python'
[0.360s] Level 1:colcon.colcon_core.package_identification:_identify(.) by extensions ['python_setup_py']
[0.360s] Level 1:colcon.colcon_core.package_identification:_identify(.) by extension 'python_setup_py'
[0.360s] Level 1:colcon.colcon_core.package_identification:_identify(build) by extensions ['ignore', 'ignore_ament_install']
[0.360s] Level 1:colcon.colcon_core.package_identification:_identify(build) by extension 'ignore'
[0.360s] Level 1:colcon.colcon_core.package_identification:_identify(build) ignored
[0.360s] Level 1:colcon.colcon_core.package_identification:_identify(install) by extensions ['ignore', 'ignore_ament_install']
[0.360s] Level 1:colcon.colcon_core.package_identification:_identify(install) by extension 'ignore'
[0.360s] Level 1:colcon.colcon_core.package_identification:_identify(install) ignored
[0.361s] Level 1:colcon.colcon_core.package_identification:_identify(log) by extensions ['ignore', 'ignore_ament_install']
[0.361s] Level 1:colcon.colcon_core.package_identification:_identify(log) by extension 'ignore'
[0.361s] Level 1:colcon.colcon_core.package_identification:_identify(log) ignored
[0.361s] Level 1:colcon.colcon_core.package_identification:_identify(src) by extensions ['ignore', 'ignore_ament_install']
[0.361s] Level 1:colcon.colcon_core.package_identification:_identify(src) by extension 'ignore'
[0.361s] Level 1:colcon.colcon_core.package_identification:_identify(src) by extension 'ignore_ament_install'
[0.361s] Level 1:colcon.colcon_core.package_identification:_identify(src) by extensions ['colcon_pkg']
[0.361s] Level 1:colcon.colcon_core.package_identification:_identify(src) by extension 'colcon_pkg'
[0.361s] Level 1:colcon.colcon_core.package_identification:_identify(src) by extensions ['colcon_meta']
[0.361s] Level 1:colcon.colcon_core.package_identification:_identify(src) by extension 'colcon_meta'
[0.361s] Level 1:colcon.colcon_core.package_identification:_identify(src) by extensions ['ros']
[0.361s] Level 1:colcon.colcon_core.package_identification:_identify(src) by extension 'ros'
[0.361s] Level 1:colcon.colcon_core.package_identification:_identify(src) by extensions ['cmake', 'python']
[0.361s] Level 1:colcon.colcon_core.package_identification:_identify(src) by extension 'cmake'
[0.361s] Level 1:colcon.colcon_core.package_identification:_identify(src) by extension 'python'
[0.361s] Level 1:colcon.colcon_core.package_identification:_identify(src) by extensions ['python_setup_py']
[0.361s] Level 1:colcon.colcon_core.package_identification:_identify(src) by extension 'python_setup_py'
[0.361s] Level 1:colcon.colcon_core.package_identification:_identify(src/onset_interfaces) by extensions ['ignore', 'ignore_ament_install']
[0.361s] Level 1:colcon.colcon_core.package_identification:_identify(src/onset_interfaces) by extension 'ignore'
[0.361s] Level 1:colcon.colcon_core.package_identification:_identify(src/onset_interfaces) by extension 'ignore_ament_install'
[0.362s] Level 1:colcon.colcon_core.package_identification:_identify(src/onset_interfaces) by extensions ['colcon_pkg']
[0.362s] Level 1:colcon.colcon_core.package_identification:_identify(src/onset_interfaces) by extension 'colcon_pkg'
[0.362s] Level 1:colcon.colcon_core.package_identification:_identify(src/onset_interfaces) by extensions ['colcon_meta']
[0.362s] Level 1:colcon.colcon_core.package_identification:_identify(src/onset_interfaces) by extension 'colcon_meta'
[0.362s] Level 1:colcon.colcon_core.package_identification:_identify(src/onset_interfaces) by extensions ['ros']
[0.362s] Level 1:colcon.colcon_core.package_identification:_identify(src/onset_interfaces) by extension 'ros'
[0.364s] DEBUG:colcon.colcon_core.package_identification:Package 'src/onset_interfaces' with type 'ros.ament_cmake' and name 'onset_interfaces'
[0.364s] Level 1:colcon.colcon_core.package_identification:_identify(src/onset_interfaces_old_20260226_141931) by extensions ['ignore', 'ignore_ament_install']
[0.364s] Level 1:colcon.colcon_core.package_identification:_identify(src/onset_interfaces_old_20260226_141931) by extension 'ignore'
[0.364s] Level 1:colcon.colcon_core.package_identification:_identify(src/onset_interfaces_old_20260226_141931) by extension 'ignore_ament_install'
[0.364s] Level 1:colcon.colcon_core.package_identification:_identify(src/onset_interfaces_old_20260226_141931) by extensions ['colcon_pkg']
[0.364s] Level 1:colcon.colcon_core.package_identification:_identify(src/onset_interfaces_old_20260226_141931) by extension 'colcon_pkg'
[0.364s] Level 1:colcon.colcon_core.package_identification:_identify(src/onset_interfaces_old_20260226_141931) by extensions ['colcon_meta']
[0.364s] Level 1:colcon.colcon_core.package_identification:_identify(src/onset_interfaces_old_20260226_141931) by extension 'colcon_meta'
[0.364s] Level 1:colcon.colcon_core.package_identification:_identify(src/onset_interfaces_old_20260226_141931) by extensions ['ros']
[0.364s] Level 1:colcon.colcon_core.package_identification:_identify(src/onset_interfaces_old_20260226_141931) by extension 'ros'
[0.364s] Level 1:colcon.colcon_core.package_identification:_identify(src/onset_interfaces_old_20260226_141931) by extensions ['cmake', 'python']
[0.364s] Level 1:colcon.colcon_core.package_identification:_identify(src/onset_interfaces_old_20260226_141931) by extension 'cmake'
[0.364s] Level 1:colcon.colcon_core.package_identification:_identify(src/onset_interfaces_old_20260226_141931) by extension 'python'
[0.365s] Level 1:colcon.colcon_core.package_identification:_identify(src/onset_interfaces_old_20260226_141931) by extensions ['python_setup_py']
[0.365s] Level 1:colcon.colcon_core.package_identification:_identify(src/onset_interfaces_old_20260226_141931) by extension 'python_setup_py'
[0.365s] Level 1:colcon.colcon_core.package_identification:_identify(src/onset_interfaces_old_20260226_141931/include) by extensions ['ignore', 'ignore_ament_install']
[0.365s] Level 1:colcon.colcon_core.package_identification:_identify(src/onset_interfaces_old_20260226_141931/include) by extension 'ignore'
[0.365s] Level 1:colcon.colcon_core.package_identification:_identify(src/onset_interfaces_old_20260226_141931/include) by extension 'ignore_ament_install'
[0.365s] Level 1:colcon.colcon_core.package_identification:_identify(src/onset_interfaces_old_20260226_141931/include) by extensions ['colcon_pkg']
[0.365s] Level 1:colcon.colcon_core.package_identification:_identify(src/onset_interfaces_old_20260226_141931/include) by extension 'colcon_pkg'
[0.365s] Level 1:colcon.colcon_core.package_identification:_identify(src/onset_interfaces_old_20260226_141931/include) by extensions ['colcon_meta']
[0.365s] Level 1:colcon.colcon_core.package_identification:_identify(src/onset_interfaces_old_20260226_141931/include) by extension 'colcon_meta'
[0.365s] Level 1:colcon.colcon_core.package_identification:_identify(src/onset_interfaces_old_20260226_141931/include) by extensions ['ros']
[0.365s] Level 1:colcon.colcon_core.package_identification:_identify(src/onset_interfaces_old_20260226_141931/include) by extension 'ros'
[0.365s] Level 1:colcon.colcon_core.package_identification:_identify(src/onset_interfaces_old_20260226_141931/include) by extensions ['cmake', 'python']
[0.365s] Level 1:colcon.colcon_core.package_identification:_identify(src/onset_interfaces_old_20260226_141931/include) by extension 'cmake'
[0.365s] Level 1:colcon.colcon_core.package_identification:_identify(src/onset_interfaces_old_20260226_141931/include) by extension 'python'
[0.365s] Level 1:colcon.colcon_core.package_identification:_identify(src/onset_interfaces_old_20260226_141931/include) by extensions ['python_setup_py']
[0.365s] Level 1:colcon.colcon_core.package_identification:_identify(src/onset_interfaces_old_20260226_141931/include) by extension 'python_setup_py'
[0.365s] Level 1:colcon.colcon_core.package_identification:_identify(src/onset_interfaces_old_20260226_141931/include/onset_interfaces) by extensions ['ignore', 'ignore_ament_install']
[0.365s] Level 1:colcon.colcon_core.package_identification:_identify(src/onset_interfaces_old_20260226_141931/include/onset_interfaces) by extension 'ignore'
[0.365s] Level 1:colcon.colcon_core.package_identification:_identify(src/onset_interfaces_old_20260226_141931/include/onset_interfaces) by extension 'ignore_ament_install'
[0.365s] Level 1:colcon.colcon_core.package_identification:_identify(src/onset_interfaces_old_20260226_141931/include/onset_interfaces) by extensions ['colcon_pkg']
[0.365s] Level 1:colcon.colcon_core.package_identification:_identify(src/onset_interfaces_old_20260226_141931/include/onset_interfaces) by extension 'colcon_pkg'
[0.366s] Level 1:colcon.colcon_core.package_identification:_identify(src/onset_interfaces_old_20260226_141931/include/onset_interfaces) by extensions ['colcon_meta']
[0.366s] Level 1:colcon.colcon_core.package_identification:_identify(src/onset_interfaces_old_20260226_141931/include/onset_interfaces) by extension 'colcon_meta'
[0.366s] Level 1:colcon.colcon_core.package_identification:_identify(src/onset_interfaces_old_20260226_141931/include/onset_interfaces) by extensions ['ros']
[0.366s] Level 1:colcon.colcon_core.package_identification:_identify(src/onset_interfaces_old_20260226_141931/include/onset_interfaces) by extension 'ros'
[0.366s] Level 1:colcon.colcon_core.package_identification:_identify(src/onset_interfaces_old_20260226_141931/include/onset_interfaces) by extensions ['cmake', 'python']
[0.366s] Level 1:colcon.colcon_core.package_identification:_identify(src/onset_interfaces_old_20260226_141931/include/onset_interfaces) by extension 'cmake'
[0.366s] Level 1:colcon.colcon_core.package_identification:_identify(src/onset_interfaces_old_20260226_141931/include/onset_interfaces) by extension 'python'
[0.366s] Level 1:colcon.colcon_core.package_identification:_identify(src/onset_interfaces_old_20260226_141931/include/onset_interfaces) by extensions ['python_setup_py']
[0.366s] Level 1:colcon.colcon_core.package_identification:_identify(src/onset_interfaces_old_20260226_141931/include/onset_interfaces) by extension 'python_setup_py'
[0.366s] Level 1:colcon.colcon_core.package_identification:_identify(src/onset_interfaces_old_20260226_141931/msg) by extensions ['ignore', 'ignore_ament_install']
[0.366s] Level 1:colcon.colcon_core.package_identification:_identify(src/onset_interfaces_old_20260226_141931/msg) by extension 'ignore'
[0.366s] Level 1:colcon.colcon_core.package_identification:_identify(src/onset_interfaces_old_20260226_141931/msg) by extension 'ignore_ament_install'
[0.366s] Level 1:colcon.colcon_core.package_identification:_identify(src/onset_interfaces_old_20260226_141931/msg) by extensions ['colcon_pkg']
[0.366s] Level 1:colcon.colcon_core.package_identification:_identify(src/onset_interfaces_old_20260226_141931/msg) by extension 'colcon_pkg'
[0.366s] Level 1:colcon.colcon_core.package_identification:_identify(src/onset_interfaces_old_20260226_141931/msg) by extensions ['colcon_meta']
[0.366s] Level 1:colcon.colcon_core.package_identification:_identify(src/onset_interfaces_old_20260226_141931/msg) by extension 'colcon_meta'
[0.366s] Level 1:colcon.colcon_core.package_identification:_identify(src/onset_interfaces_old_20260226_141931/msg) by extensions ['ros']
[0.367s] Level 1:colcon.colcon_core.package_identification:_identify(src/onset_interfaces_old_20260226_141931/msg) by extension 'ros'
[0.367s] Level 1:colcon.colcon_core.package_identification:_identify(src/onset_interfaces_old_20260226_141931/msg) by extensions ['cmake', 'python']
[0.367s] Level 1:colcon.colcon_core.package_identification:_identify(src/onset_interfaces_old_20260226_141931/msg) by extension 'cmake'
[0.367s] Level 1:colcon.colcon_core.package_identification:_identify(src/onset_interfaces_old_20260226_141931/msg) by extension 'python'
[0.367s] Level 1:colcon.colcon_core.package_identification:_identify(src/onset_interfaces_old_20260226_141931/msg) by extensions ['python_setup_py']
[0.367s] Level 1:colcon.colcon_core.package_identification:_identify(src/onset_interfaces_old_20260226_141931/msg) by extension 'python_setup_py'
[0.367s] Level 1:colcon.colcon_core.package_identification:_identify(src/onset_interfaces_old_20260226_141931/src) by extensions ['ignore', 'ignore_ament_install']
[0.367s] Level 1:colcon.colcon_core.package_identification:_identify(src/onset_interfaces_old_20260226_141931/src) by extension 'ignore'
[0.368s] Level 1:colcon.colcon_core.package_identification:_identify(src/onset_interfaces_old_20260226_141931/src) by extension 'ignore_ament_install'
[0.368s] Level 1:colcon.colcon_core.package_identification:_identify(src/onset_interfaces_old_20260226_141931/src) by extensions ['colcon_pkg']
[0.368s] Level 1:colcon.colcon_core.package_identification:_identify(src/onset_interfaces_old_20260226_141931/src) by extension 'colcon_pkg'
[0.368s] Level 1:colcon.colcon_core.package_identification:_identify(src/onset_interfaces_old_20260226_141931/src) by extensions ['colcon_meta']
[0.368s] Level 1:colcon.colcon_core.package_identification:_identify(src/onset_interfaces_old_20260226_141931/src) by extension 'colcon_meta'
[0.368s] Level 1:colcon.colcon_core.package_identification:_identify(src/onset_interfaces_old_20260226_141931/src) by extensions ['ros']
[0.368s] Level 1:colcon.colcon_core.package_identification:_identify(src/onset_interfaces_old_20260226_141931/src) by extension 'ros'
[0.368s] Level 1:colcon.colcon_core.package_identification:_identify(src/onset_interfaces_old_20260226_141931/src) by extensions ['cmake', 'python']
[0.369s] Level 1:colcon.colcon_core.package_identification:_identify(src/onset_interfaces_old_20260226_141931/src) by extension 'cmake'
[0.369s] Level 1:colcon.colcon_core.package_identification:_identify(src/onset_interfaces_old_20260226_141931/src) by extension 'python'
[0.369s] Level 1:colcon.colcon_core.package_identification:_identify(src/onset_interfaces_old_20260226_141931/src) by extensions ['python_setup_py']
[0.369s] Level 1:colcon.colcon_core.package_identification:_identify(src/onset_interfaces_old_20260226_141931/src) by extension 'python_setup_py'
[0.369s] Level 1:colcon.colcon_core.package_identification:_identify(src/onsetbot) by extensions ['ignore', 'ignore_ament_install']
[0.369s] Level 1:colcon.colcon_core.package_identification:_identify(src/onsetbot) by extension 'ignore'
[0.369s] Level 1:colcon.colcon_core.package_identification:_identify(src/onsetbot) by extension 'ignore_ament_install'
[0.369s] Level 1:colcon.colcon_core.package_identification:_identify(src/onsetbot) by extensions ['colcon_pkg']
[0.369s] Level 1:colcon.colcon_core.package_identification:_identify(src/onsetbot) by extension 'colcon_pkg'
[0.369s] Level 1:colcon.colcon_core.package_identification:_identify(src/onsetbot) by extensions ['colcon_meta']
[0.369s] Level 1:colcon.colcon_core.package_identification:_identify(src/onsetbot) by extension 'colcon_meta'
[0.369s] Level 1:colcon.colcon_core.package_identification:_identify(src/onsetbot) by extensions ['ros']
[0.369s] Level 1:colcon.colcon_core.package_identification:_identify(src/onsetbot) by extension 'ros'
[0.370s] DEBUG:colcon.colcon_core.package_identification:Package 'src/onsetbot' with type 'ros.ament_python' and name 'onsetbot'
[0.370s] Level 1:colcon.colcon_core.package_identification:_identify(src/ros_odrive) by extensions ['ignore', 'ignore_ament_install']
[0.370s] Level 1:colcon.colcon_core.package_identification:_identify(src/ros_odrive) by extension 'ignore'
[0.370s] Level 1:colcon.colcon_core.package_identification:_identify(src/ros_odrive) by extension 'ignore_ament_install'
[0.370s] Level 1:colcon.colcon_core.package_identification:_identify(src/ros_odrive) by extensions ['colcon_pkg']
[0.370s] Level 1:colcon.colcon_core.package_identification:_identify(src/ros_odrive) by extension 'colcon_pkg'
[0.370s] Level 1:colcon.colcon_core.package_identification:_identify(src/ros_odrive) by extensions ['colcon_meta']
[0.371s] Level 1:colcon.colcon_core.package_identification:_identify(src/ros_odrive) by extension 'colcon_meta'
[0.371s] Level 1:colcon.colcon_core.package_identification:_identify(src/ros_odrive) by extensions ['ros']
[0.371s] Level 1:colcon.colcon_core.package_identification:_identify(src/ros_odrive) by extension 'ros'
[0.371s] Level 1:colcon.colcon_core.package_identification:_identify(src/ros_odrive) by extensions ['cmake', 'python']
[0.371s] Level 1:colcon.colcon_core.package_identification:_identify(src/ros_odrive) by extension 'cmake'
[0.371s] Level 1:colcon.colcon_core.package_identification:_identify(src/ros_odrive) by extension 'python'
[0.371s] Level 1:colcon.colcon_core.package_identification:_identify(src/ros_odrive) by extensions ['python_setup_py']
[0.371s] Level 1:colcon.colcon_core.package_identification:_identify(src/ros_odrive) by extension 'python_setup_py'
[0.371s] Level 1:colcon.colcon_core.package_identification:_identify(src/ros_odrive/odrive_base) by extensions ['ignore', 'ignore_ament_install']
[0.371s] Level 1:colcon.colcon_core.package_identification:_identify(src/ros_odrive/odrive_base) by extension 'ignore'
[0.371s] Level 1:colcon.colcon_core.package_identification:_identify(src/ros_odrive/odrive_base) by extension 'ignore_ament_install'
[0.371s] Level 1:colcon.colcon_core.package_identification:_identify(src/ros_odrive/odrive_base) by extensions ['colcon_pkg']
[0.371s] Level 1:colcon.colcon_core.package_identification:_identify(src/ros_odrive/odrive_base) by extension 'colcon_pkg'
[0.371s] Level 1:colcon.colcon_core.package_identification:_identify(src/ros_odrive/odrive_base) by extensions ['colcon_meta']
[0.371s] Level 1:colcon.colcon_core.package_identification:_identify(src/ros_odrive/odrive_base) by extension 'colcon_meta'
[0.371s] Level 1:colcon.colcon_core.package_identification:_identify(src/ros_odrive/odrive_base) by extensions ['ros']
[0.371s] Level 1:colcon.colcon_core.package_identification:_identify(src/ros_odrive/odrive_base) by extension 'ros'
[0.371s] Level 1:colcon.colcon_core.package_identification:_identify(src/ros_odrive/odrive_base) by extensions ['cmake', 'python']
[0.371s] Level 1:colcon.colcon_core.package_identification:_identify(src/ros_odrive/odrive_base) by extension 'cmake'
[0.371s] Level 1:colcon.colcon_core.package_identification:_identify(src/ros_odrive/odrive_base) by extension 'python'
[0.371s] Level 1:colcon.colcon_core.package_identification:_identify(src/ros_odrive/odrive_base) by extensions ['python_setup_py']
[0.371s] Level 1:colcon.colcon_core.package_identification:_identify(src/ros_odrive/odrive_base) by extension 'python_setup_py'
[0.372s] Level 1:colcon.colcon_core.package_identification:_identify(src/ros_odrive/odrive_base/include) by extensions ['ignore', 'ignore_ament_install']
[0.372s] Level 1:colcon.colcon_core.package_identification:_identify(src/ros_odrive/odrive_base/include) by extension 'ignore'
[0.372s] Level 1:colcon.colcon_core.package_identification:_identify(src/ros_odrive/odrive_base/include) by extension 'ignore_ament_install'
[0.372s] Level 1:colcon.colcon_core.package_identification:_identify(src/ros_odrive/odrive_base/include) by extensions ['colcon_pkg']
[0.372s] Level 1:colcon.colcon_core.package_identification:_identify(src/ros_odrive/odrive_base/include) by extension 'colcon_pkg'
[0.372s] Level 1:colcon.colcon_core.package_identification:_identify(src/ros_odrive/odrive_base/include) by extensions ['colcon_meta']
[0.372s] Level 1:colcon.colcon_core.package_identification:_identify(src/ros_odrive/odrive_base/include) by extension 'colcon_meta'
[0.372s] Level 1:colcon.colcon_core.package_identification:_identify(src/ros_odrive/odrive_base/include) by extensions ['ros']
[0.372s] Level 1:colcon.colcon_core.package_identification:_identify(src/ros_odrive/odrive_base/include) by extension 'ros'
[0.372s] Level 1:colcon.colcon_core.package_identification:_identify(src/ros_odrive/odrive_base/include) by extensions ['cmake', 'python']
[0.372s] Level 1:colcon.colcon_core.package_identification:_identify(src/ros_odrive/odrive_base/include) by extension 'cmake'
[0.372s] Level 1:colcon.colcon_core.package_identification:_identify(src/ros_odrive/odrive_base/include) by extension 'python'
[0.372s] Level 1:colcon.colcon_core.package_identification:_identify(src/ros_odrive/odrive_base/include) by extensions ['python_setup_py']
[0.372s] Level 1:colcon.colcon_core.package_identification:_identify(src/ros_odrive/odrive_base/include) by extension 'python_setup_py'
[0.372s] Level 1:colcon.colcon_core.package_identification:_identify(src/ros_odrive/odrive_base/src) by extensions ['ignore', 'ignore_ament_install']
[0.372s] Level 1:colcon.colcon_core.package_identification:_identify(src/ros_odrive/odrive_base/src) by extension 'ignore'
[0.372s] Level 1:colcon.colcon_core.package_identification:_identify(src/ros_odrive/odrive_base/src) by extension 'ignore_ament_install'
[0.372s] Level 1:colcon.colcon_core.package_identification:_identify(src/ros_odrive/odrive_base/src) by extensions ['colcon_pkg']
[0.372s] Level 1:colcon.colcon_core.package_identification:_identify(src/ros_odrive/odrive_base/src) by extension 'colcon_pkg'
[0.372s] Level 1:colcon.colcon_core.package_identification:_identify(src/ros_odrive/odrive_base/src) by extensions ['colcon_meta']
[0.372s] Level 1:colcon.colcon_core.package_identification:_identify(src/ros_odrive/odrive_base/src) by extension 'colcon_meta'
[0.373s] Level 1:colcon.colcon_core.package_identification:_identify(src/ros_odrive/odrive_base/src) by extensions ['ros']
[0.373s] Level 1:colcon.colcon_core.package_identification:_identify(src/ros_odrive/odrive_base/src) by extension 'ros'
[0.373s] Level 1:colcon.colcon_core.package_identification:_identify(src/ros_odrive/odrive_base/src) by extensions ['cmake', 'python']
[0.373s] Level 1:colcon.colcon_core.package_identification:_identify(src/ros_odrive/odrive_base/src) by extension 'cmake'
[0.373s] Level 1:colcon.colcon_core.package_identification:_identify(src/ros_odrive/odrive_base/src) by extension 'python'
[0.373s] Level 1:colcon.colcon_core.package_identification:_identify(src/ros_odrive/odrive_base/src) by extensions ['python_setup_py']
[0.373s] Level 1:colcon.colcon_core.package_identification:_identify(src/ros_odrive/odrive_base/src) by extension 'python_setup_py'
[0.373s] Level 1:colcon.colcon_core.package_identification:_identify(src/ros_odrive/odrive_botwheel_explorer) by extensions ['ignore', 'ignore_ament_install']
[0.373s] Level 1:colcon.colcon_core.package_identification:_identify(src/ros_odrive/odrive_botwheel_explorer) by extension 'ignore'
[0.373s] Level 1:colcon.colcon_core.package_identification:_identify(src/ros_odrive/odrive_botwheel_explorer) by extension 'ignore_ament_install'
[0.373s] Level 1:colcon.colcon_core.package_identification:_identify(src/ros_odrive/odrive_botwheel_explorer) by extensions ['colcon_pkg']
[0.373s] Level 1:colcon.colcon_core.package_identification:_identify(src/ros_odrive/odrive_botwheel_explorer) by extension 'colcon_pkg'
[0.373s] Level 1:colcon.colcon_core.package_identification:_identify(src/ros_odrive/odrive_botwheel_explorer) by extensions ['colcon_meta']
[0.373s] Level 1:colcon.colcon_core.package_identification:_identify(src/ros_odrive/odrive_botwheel_explorer) by extension 'colcon_meta'
[0.373s] Level 1:colcon.colcon_core.package_identification:_identify(src/ros_odrive/odrive_botwheel_explorer) by extensions ['ros']
[0.373s] Level 1:colcon.colcon_core.package_identification:_identify(src/ros_odrive/odrive_botwheel_explorer) by extension 'ros'
[0.384s] DEBUG:colcon.colcon_core.package_identification:Package 'src/ros_odrive/odrive_botwheel_explorer' with type 'ros.ament_cmake' and name 'odrive_botwheel_explorer'
[0.385s] Level 1:colcon.colcon_core.package_identification:_identify(src/ros_odrive/odrive_node) by extensions ['ignore', 'ignore_ament_install']
[0.385s] Level 1:colcon.colcon_core.package_identification:_identify(src/ros_odrive/odrive_node) by extension 'ignore'
[0.385s] Level 1:colcon.colcon_core.package_identification:_identify(src/ros_odrive/odrive_node) by extension 'ignore_ament_install'
[0.385s] Level 1:colcon.colcon_core.package_identification:_identify(src/ros_odrive/odrive_node) by extensions ['colcon_pkg']
[0.385s] Level 1:colcon.colcon_core.package_identification:_identify(src/ros_odrive/odrive_node) by extension 'colcon_pkg'
[0.385s] Level 1:colcon.colcon_core.package_identification:_identify(src/ros_odrive/odrive_node) by extensions ['colcon_meta']
[0.385s] Level 1:colcon.colcon_core.package_identification:_identify(src/ros_odrive/odrive_node) by extension 'colcon_meta'
[0.385s] Level 1:colcon.colcon_core.package_identification:_identify(src/ros_odrive/odrive_node) by extensions ['ros']
[0.385s] Level 1:colcon.colcon_core.package_identification:_identify(src/ros_odrive/odrive_node) by extension 'ros'
[0.386s] DEBUG:colcon.colcon_core.package_identification:Package 'src/ros_odrive/odrive_node' with type 'ros.ament_cmake' and name 'odrive_can'
[0.386s] Level 1:colcon.colcon_core.package_identification:_identify(src/ros_odrive/odrive_ros2_control) by extensions ['ignore', 'ignore_ament_install']
[0.386s] Level 1:colcon.colcon_core.package_identification:_identify(src/ros_odrive/odrive_ros2_control) by extension 'ignore'
[0.386s] Level 1:colcon.colcon_core.package_identification:_identify(src/ros_odrive/odrive_ros2_control) by extension 'ignore_ament_install'
[0.386s] Level 1:colcon.colcon_core.package_identification:_identify(src/ros_odrive/odrive_ros2_control) by extensions ['colcon_pkg']
[0.386s] Level 1:colcon.colcon_core.package_identification:_identify(src/ros_odrive/odrive_ros2_control) by extension 'colcon_pkg'
[0.386s] Level 1:colcon.colcon_core.package_identification:_identify(src/ros_odrive/odrive_ros2_control) by extensions ['colcon_meta']
[0.386s] Level 1:colcon.colcon_core.package_identification:_identify(src/ros_odrive/odrive_ros2_control) by extension 'colcon_meta'
[0.386s] Level 1:colcon.colcon_core.package_identification:_identify(src/ros_odrive/odrive_ros2_control) by extensions ['ros']
[0.386s] Level 1:colcon.colcon_core.package_identification:_identify(src/ros_odrive/odrive_ros2_control) by extension 'ros'
[0.387s] DEBUG:colcon.colcon_core.package_identification:Package 'src/ros_odrive/odrive_ros2_control' with type 'ros.ament_cmake' and name 'odrive_ros2_control'
[0.388s] Level 1:colcon.colcon_core.package_discovery:discover_packages(recursive) using defaults
[0.388s] Level 1:colcon.colcon_core.package_discovery:discover_packages(ignore) discover
[0.388s] Level 1:colcon.colcon_core.package_discovery:discover_packages(ignore) using defaults
[0.388s] Level 1:colcon.colcon_core.package_discovery:discover_packages(path) discover
[0.388s] Level 1:colcon.colcon_core.package_discovery:discover_packages(path) using defaults
[0.413s] Level 1:colcon.colcon_core.package_discovery:discover_packages(prefix_path) check parameters
[0.413s] Level 1:colcon.colcon_core.package_discovery:discover_packages(prefix_path) discover
[0.415s] DEBUG:colcon.colcon_installed_package_information.package_discovery:Found 5 installed packages in /home/gong/onset_ws/install
[0.418s] DEBUG:colcon.colcon_installed_package_information.package_discovery:Found 444 installed packages in /opt/ros/humble
[0.421s] Level 1:colcon.colcon_core.package_discovery:discover_packages(prefix_path) using defaults
[0.485s] Level 5:colcon.colcon_core.verb:set package 'odrive_can' build argument 'cmake_args' from command line to 'None'
[0.485s] Level 5:colcon.colcon_core.verb:set package 'odrive_can' build argument 'cmake_target' from command line to 'None'
[0.485s] Level 5:colcon.colcon_core.verb:set package 'odrive_can' build argument 'cmake_target_skip_unavailable' from command line to 'False'
[0.485s] Level 5:colcon.colcon_core.verb:set package 'odrive_can' build argument 'cmake_clean_cache' from command line to 'False'
[0.485s] Level 5:colcon.colcon_core.verb:set package 'odrive_can' build argument 'cmake_clean_first' from command line to 'False'
[0.485s] Level 5:colcon.colcon_core.verb:set package 'odrive_can' build argument 'cmake_force_configure' from command line to 'False'
[0.485s] Level 5:colcon.colcon_core.verb:set package 'odrive_can' build argument 'ament_cmake_args' from command line to 'None'
[0.485s] Level 5:colcon.colcon_core.verb:set package 'odrive_can' build argument 'catkin_cmake_args' from command line to 'None'
[0.485s] Level 5:colcon.colcon_core.verb:set package 'odrive_can' build argument 'catkin_skip_building_tests' from command line to 'False'
[0.485s] DEBUG:colcon.colcon_core.verb:Building package 'odrive_can' with the following arguments: {'ament_cmake_args': None, 'build_base': '/home/gong/onset_ws/build/odrive_can', 'catkin_cmake_args': None, 'catkin_skip_building_tests': False, 'cmake_args': None, 'cmake_clean_cache': False, 'cmake_clean_first': False, 'cmake_force_configure': False, 'cmake_target': None, 'cmake_target_skip_unavailable': False, 'install_base': '/home/gong/onset_ws/install/odrive_can', 'merge_install': False, 'path': '/home/gong/onset_ws/src/ros_odrive/odrive_node', 'symlink_install': False, 'test_result_base': None}
[0.486s] Level 5:colcon.colcon_core.verb:set package 'odrive_ros2_control' build argument 'cmake_args' from command line to 'None'
[0.486s] Level 5:colcon.colcon_core.verb:set package 'odrive_ros2_control' build argument 'cmake_target' from command line to 'None'
[0.486s] Level 5:colcon.colcon_core.verb:set package 'odrive_ros2_control' build argument 'cmake_target_skip_unavailable' from command line to 'False'
[0.486s] Level 5:colcon.colcon_core.verb:set package 'odrive_ros2_control' build argument 'cmake_clean_cache' from command line to 'False'
[0.486s] Level 5:colcon.colcon_core.verb:set package 'odrive_ros2_control' build argument 'cmake_clean_first' from command line to 'False'
[0.486s] Level 5:colcon.colcon_core.verb:set package 'odrive_ros2_control' build argument 'cmake_force_configure' from command line to 'False'
[0.486s] Level 5:colcon.colcon_core.verb:set package 'odrive_ros2_control' build argument 'ament_cmake_args' from command line to 'None'
[0.486s] Level 5:colcon.colcon_core.verb:set package 'odrive_ros2_control' build argument 'catkin_cmake_args' from command line to 'None'
[0.486s] Level 5:colcon.colcon_core.verb:set package 'odrive_ros2_control' build argument 'catkin_skip_building_tests' from command line to 'False'
[0.486s] DEBUG:colcon.colcon_core.verb:Building package 'odrive_ros2_control' with the following arguments: {'ament_cmake_args': None, 'build_base': '/home/gong/onset_ws/build/odrive_ros2_control', 'catkin_cmake_args': None, 'catkin_skip_building_tests': False, 'cmake_args': None, 'cmake_clean_cache': False, 'cmake_clean_first': False, 'cmake_force_configure': False, 'cmake_target': None, 'cmake_target_skip_unavailable': False, 'install_base': '/home/gong/onset_ws/install/odrive_ros2_control', 'merge_install': False, 'path': '/home/gong/onset_ws/src/ros_odrive/odrive_ros2_control', 'symlink_install': False, 'test_result_base': None}
[0.487s] Level 5:colcon.colcon_core.verb:set package 'onset_interfaces' build argument 'cmake_args' from command line to 'None'
[0.487s] Level 5:colcon.colcon_core.verb:set package 'onset_interfaces' build argument 'cmake_target' from command line to 'None'
[0.487s] Level 5:colcon.colcon_core.verb:set package 'onset_interfaces' build argument 'cmake_target_skip_unavailable' from command line to 'False'
[0.487s] Level 5:colcon.colcon_core.verb:set package 'onset_interfaces' build argument 'cmake_clean_cache' from command line to 'False'
[0.487s] Level 5:colcon.colcon_core.verb:set package 'onset_interfaces' build argument 'cmake_clean_first' from command line to 'False'
[0.487s] Level 5:colcon.colcon_core.verb:set package 'onset_interfaces' build argument 'cmake_force_configure' from command line to 'False'
[0.487s] Level 5:colcon.colcon_core.verb:set package 'onset_interfaces' build argument 'ament_cmake_args' from command line to 'None'
[0.487s] Level 5:colcon.colcon_core.verb:set package 'onset_interfaces' build argument 'catkin_cmake_args' from command line to 'None'
[0.487s] Level 5:colcon.colcon_core.verb:set package 'onset_interfaces' build argument 'catkin_skip_building_tests' from command line to 'False'
[0.487s] DEBUG:colcon.colcon_core.verb:Building package 'onset_interfaces' with the following arguments: {'ament_cmake_args': None, 'build_base': '/home/gong/onset_ws/build/onset_interfaces', 'catkin_cmake_args': None, 'catkin_skip_building_tests': False, 'cmake_args': None, 'cmake_clean_cache': False, 'cmake_clean_first': False, 'cmake_force_configure': False, 'cmake_target': None, 'cmake_target_skip_unavailable': False, 'install_base': '/home/gong/onset_ws/install/onset_interfaces', 'merge_install': False, 'path': '/home/gong/onset_ws/src/onset_interfaces', 'symlink_install': False, 'test_result_base': None}
[0.488s] Level 5:colcon.colcon_core.verb:set package 'odrive_botwheel_explorer' build argument 'cmake_args' from command line to 'None'
[0.488s] Level 5:colcon.colcon_core.verb:set package 'odrive_botwheel_explorer' build argument 'cmake_target' from command line to 'None'
[0.488s] Level 5:colcon.colcon_core.verb:set package 'odrive_botwheel_explorer' build argument 'cmake_target_skip_unavailable' from command line to 'False'
[0.488s] Level 5:colcon.colcon_core.verb:set package 'odrive_botwheel_explorer' build argument 'cmake_clean_cache' from command line to 'False'
[0.488s] Level 5:colcon.colcon_core.verb:set package 'odrive_botwheel_explorer' build argument 'cmake_clean_first' from command line to 'False'
[0.488s] Level 5:colcon.colcon_core.verb:set package 'odrive_botwheel_explorer' build argument 'cmake_force_configure' from command line to 'False'
[0.488s] Level 5:colcon.colcon_core.verb:set package 'odrive_botwheel_explorer' build argument 'ament_cmake_args' from command line to 'None'
[0.488s] Level 5:colcon.colcon_core.verb:set package 'odrive_botwheel_explorer' build argument 'catkin_cmake_args' from command line to 'None'
[0.488s] Level 5:colcon.colcon_core.verb:set package 'odrive_botwheel_explorer' build argument 'catkin_skip_building_tests' from command line to 'False'
[0.488s] DEBUG:colcon.colcon_core.verb:Building package 'odrive_botwheel_explorer' with the following arguments: {'ament_cmake_args': None, 'build_base': '/home/gong/onset_ws/build/odrive_botwheel_explorer', 'catkin_cmake_args': None, 'catkin_skip_building_tests': False, 'cmake_args': None, 'cmake_clean_cache': False, 'cmake_clean_first': False, 'cmake_force_configure': False, 'cmake_target': None, 'cmake_target_skip_unavailable': False, 'install_base': '/home/gong/onset_ws/install/odrive_botwheel_explorer', 'merge_install': False, 'path': '/home/gong/onset_ws/src/ros_odrive/odrive_botwheel_explorer', 'symlink_install': False, 'test_result_base': None}
[0.489s] Level 5:colcon.colcon_core.verb:set package 'onsetbot' build argument 'cmake_args' from command line to 'None'
[0.489s] Level 5:colcon.colcon_core.verb:set package 'onsetbot' build argument 'cmake_target' from command line to 'None'
[0.489s] Level 5:colcon.colcon_core.verb:set package 'onsetbot' build argument 'cmake_target_skip_unavailable' from command line to 'False'
[0.489s] Level 5:colcon.colcon_core.verb:set package 'onsetbot' build argument 'cmake_clean_cache' from command line to 'False'
[0.489s] Level 5:colcon.colcon_core.verb:set package 'onsetbot' build argument 'cmake_clean_first' from command line to 'False'
[0.489s] Level 5:colcon.colcon_core.verb:set package 'onsetbot' build argument 'cmake_force_configure' from command line to 'False'
[0.489s] Level 5:colcon.colcon_core.verb:set package 'onsetbot' build argument 'ament_cmake_args' from command line to 'None'
[0.489s] Level 5:colcon.colcon_core.verb:set package 'onsetbot' build argument 'catkin_cmake_args' from command line to 'None'
[0.489s] Level 5:colcon.colcon_core.verb:set package 'onsetbot' build argument 'catkin_skip_building_tests' from command line to 'False'
[0.489s] DEBUG:colcon.colcon_core.verb:Building package 'onsetbot' with the following arguments: {'ament_cmake_args': None, 'build_base': '/home/gong/onset_ws/build/onsetbot', 'catkin_cmake_args': None, 'catkin_skip_building_tests': False, 'cmake_args': None, 'cmake_clean_cache': False, 'cmake_clean_first': False, 'cmake_force_configure': False, 'cmake_target': None, 'cmake_target_skip_unavailable': False, 'install_base': '/home/gong/onset_ws/install/onsetbot', 'merge_install': False, 'path': '/home/gong/onset_ws/src/onsetbot', 'symlink_install': False, 'test_result_base': None}
[0.490s] INFO:colcon.colcon_core.executor:Executing jobs using 'parallel' executor
[0.491s] DEBUG:colcon.colcon_parallel_executor.executor.parallel:run_until_complete
[0.491s] INFO:colcon.colcon_ros.task.ament_cmake.build:Building ROS package in '/home/gong/onset_ws/src/ros_odrive/odrive_node' with build type 'ament_cmake'
[0.491s] INFO:colcon.colcon_cmake.task.cmake.build:Building CMake package in '/home/gong/onset_ws/src/ros_odrive/odrive_node'
[0.494s] INFO:colcon.colcon_core.plugin_system:Skipping extension 'colcon_core.shell.bat': Not used on non-Windows systems
[0.494s] INFO:colcon.colcon_core.shell:Skip shell extension 'powershell' for command environment: Not usable outside of PowerShell
[0.494s] DEBUG:colcon.colcon_core.shell:Skip shell extension 'dsv' for command environment
[0.502s] INFO:colcon.colcon_ros.task.ament_cmake.build:Building ROS package in '/home/gong/onset_ws/src/ros_odrive/odrive_ros2_control' with build type 'ament_cmake'
[0.502s] INFO:colcon.colcon_cmake.task.cmake.build:Building CMake package in '/home/gong/onset_ws/src/ros_odrive/odrive_ros2_control'
[0.502s] INFO:colcon.colcon_core.shell:Skip shell extension 'powershell' for command environment: Not usable outside of PowerShell
[0.502s] DEBUG:colcon.colcon_core.shell:Skip shell extension 'dsv' for command environment
[0.515s] DEBUG:colcon.colcon_core.event_handler.log_command:Invoking command in '/home/gong/onset_ws/build/odrive_can': CMAKE_PREFIX_PATH=${CMAKE_PREFIX_PATH}:/home/gong/onset_ws/install/onsetbot:/opt/ros/humble /usr/bin/cmake --build /home/gong/onset_ws/build/odrive_can -- -j2 -l2
[0.534s] DEBUG:colcon.colcon_core.event_handler.log_command:Invoking command in '/home/gong/onset_ws/build/odrive_ros2_control': CMAKE_PREFIX_PATH=${CMAKE_PREFIX_PATH}:/home/gong/onset_ws/install/onsetbot:/opt/ros/humble /usr/bin/cmake --build /home/gong/onset_ws/build/odrive_ros2_control -- -j2 -l2
[0.792s] DEBUG:colcon.colcon_core.event_handler.log_command:Invoked command in '/home/gong/onset_ws/build/odrive_ros2_control' returned '0': CMAKE_PREFIX_PATH=${CMAKE_PREFIX_PATH}:/home/gong/onset_ws/install/onsetbot:/opt/ros/humble /usr/bin/cmake --build /home/gong/onset_ws/build/odrive_ros2_control -- -j2 -l2
[0.824s] DEBUG:colcon.colcon_core.event_handler.log_command:Invoking command in '/home/gong/onset_ws/build/odrive_ros2_control': CMAKE_PREFIX_PATH=${CMAKE_PREFIX_PATH}:/home/gong/onset_ws/install/onsetbot:/opt/ros/humble /usr/bin/cmake --install /home/gong/onset_ws/build/odrive_ros2_control
[0.867s] Level 1:colcon.colcon_core.environment:create_environment_scripts_only(odrive_ros2_control)
[0.872s] DEBUG:colcon.colcon_core.event_handler.log_command:Invoked command in '/home/gong/onset_ws/build/odrive_ros2_control' returned '0': CMAKE_PREFIX_PATH=${CMAKE_PREFIX_PATH}:/home/gong/onset_ws/install/onsetbot:/opt/ros/humble /usr/bin/cmake --install /home/gong/onset_ws/build/odrive_ros2_control
[0.877s] Level 1:colcon.colcon_core.environment:checking '/home/gong/onset_ws/install/odrive_ros2_control' for CMake module files
[0.880s] Level 1:colcon.colcon_core.environment:checking '/home/gong/onset_ws/install/odrive_ros2_control' for CMake config files
[0.881s] Level 1:colcon.colcon_core.shell:create_environment_hook('odrive_ros2_control', 'cmake_prefix_path')
[0.882s] INFO:colcon.colcon_core.shell:Creating environment hook '/home/gong/onset_ws/install/odrive_ros2_control/share/odrive_ros2_control/hook/cmake_prefix_path.ps1'
[0.888s] INFO:colcon.colcon_core.shell:Creating environment descriptor '/home/gong/onset_ws/install/odrive_ros2_control/share/odrive_ros2_control/hook/cmake_prefix_path.dsv'
[0.891s] INFO:colcon.colcon_core.shell:Creating environment hook '/home/gong/onset_ws/install/odrive_ros2_control/share/odrive_ros2_control/hook/cmake_prefix_path.sh'
[0.892s] Level 1:colcon.colcon_core.environment:checking '/home/gong/onset_ws/install/odrive_ros2_control/lib'
[0.892s] Level 1:colcon.colcon_core.shell:create_environment_hook('odrive_ros2_control', 'ld_library_path_lib')
[0.892s] INFO:colcon.colcon_core.shell:Creating environment hook '/home/gong/onset_ws/install/odrive_ros2_control/share/odrive_ros2_control/hook/ld_library_path_lib.ps1'
[0.895s] INFO:colcon.colcon_core.shell:Creating environment descriptor '/home/gong/onset_ws/install/odrive_ros2_control/share/odrive_ros2_control/hook/ld_library_path_lib.dsv'
[0.898s] INFO:colcon.colcon_core.shell:Creating environment hook '/home/gong/onset_ws/install/odrive_ros2_control/share/odrive_ros2_control/hook/ld_library_path_lib.sh'
[0.904s] Level 1:colcon.colcon_core.environment:checking '/home/gong/onset_ws/install/odrive_ros2_control/bin'
[0.904s] Level 1:colcon.colcon_core.environment:checking '/home/gong/onset_ws/install/odrive_ros2_control/lib/pkgconfig/odrive_ros2_control.pc'
[0.905s] Level 1:colcon.colcon_core.environment:checking '/home/gong/onset_ws/install/odrive_ros2_control/lib/python3.10/site-packages'
[0.905s] Level 1:colcon.colcon_core.environment:checking '/home/gong/onset_ws/install/odrive_ros2_control/bin'
[0.905s] INFO:colcon.colcon_core.shell:Creating package script '/home/gong/onset_ws/install/odrive_ros2_control/share/odrive_ros2_control/package.ps1'
[0.908s] INFO:colcon.colcon_core.shell:Creating package descriptor '/home/gong/onset_ws/install/odrive_ros2_control/share/odrive_ros2_control/package.dsv'
[0.912s] INFO:colcon.colcon_core.shell:Creating package script '/home/gong/onset_ws/install/odrive_ros2_control/share/odrive_ros2_control/package.sh'
[0.915s] INFO:colcon.colcon_core.shell:Creating package script '/home/gong/onset_ws/install/odrive_ros2_control/share/odrive_ros2_control/package.bash'
[0.922s] INFO:colcon.colcon_core.shell:Creating package script '/home/gong/onset_ws/install/odrive_ros2_control/share/odrive_ros2_control/package.zsh'
[0.923s] Level 1:colcon.colcon_core.environment:create_file_with_runtime_dependencies(/home/gong/onset_ws/install/odrive_ros2_control/share/colcon-core/packages/odrive_ros2_control)
[0.925s] Level 1:colcon.colcon_core.environment:create_environment_scripts_only(odrive_ros2_control)
[0.925s] Level 1:colcon.colcon_core.environment:checking '/home/gong/onset_ws/install/odrive_ros2_control' for CMake module files
[0.928s] Level 1:colcon.colcon_core.environment:checking '/home/gong/onset_ws/install/odrive_ros2_control' for CMake config files
[0.929s] Level 1:colcon.colcon_core.shell:create_environment_hook('odrive_ros2_control', 'cmake_prefix_path')
[0.930s] INFO:colcon.colcon_core.shell:Creating environment hook '/home/gong/onset_ws/install/odrive_ros2_control/share/odrive_ros2_control/hook/cmake_prefix_path.ps1'
[0.930s] INFO:colcon.colcon_core.shell:Creating environment descriptor '/home/gong/onset_ws/install/odrive_ros2_control/share/odrive_ros2_control/hook/cmake_prefix_path.dsv'
[0.933s] INFO:colcon.colcon_core.shell:Creating environment hook '/home/gong/onset_ws/install/odrive_ros2_control/share/odrive_ros2_control/hook/cmake_prefix_path.sh'
[0.935s] Level 1:colcon.colcon_core.environment:checking '/home/gong/onset_ws/install/odrive_ros2_control/lib'
[0.935s] Level 1:colcon.colcon_core.shell:create_environment_hook('odrive_ros2_control', 'ld_library_path_lib')
[0.940s] INFO:colcon.colcon_core.shell:Creating environment hook '/home/gong/onset_ws/install/odrive_ros2_control/share/odrive_ros2_control/hook/ld_library_path_lib.ps1'
[0.941s] INFO:colcon.colcon_core.shell:Creating environment descriptor '/home/gong/onset_ws/install/odrive_ros2_control/share/odrive_ros2_control/hook/ld_library_path_lib.dsv'
[0.941s] INFO:colcon.colcon_core.shell:Creating environment hook '/home/gong/onset_ws/install/odrive_ros2_control/share/odrive_ros2_control/hook/ld_library_path_lib.sh'
[0.943s] Level 1:colcon.colcon_core.environment:checking '/home/gong/onset_ws/install/odrive_ros2_control/bin'
[0.943s] Level 1:colcon.colcon_core.environment:checking '/home/gong/onset_ws/install/odrive_ros2_control/lib/pkgconfig/odrive_ros2_control.pc'
[0.944s] Level 1:colcon.colcon_core.environment:checking '/home/gong/onset_ws/install/odrive_ros2_control/lib/python3.10/site-packages'
[0.944s] Level 1:colcon.colcon_core.environment:checking '/home/gong/onset_ws/install/odrive_ros2_control/bin'
[0.944s] INFO:colcon.colcon_core.shell:Creating package script '/home/gong/onset_ws/install/odrive_ros2_control/share/odrive_ros2_control/package.ps1'
[0.945s] INFO:colcon.colcon_core.shell:Creating package descriptor '/home/gong/onset_ws/install/odrive_ros2_control/share/odrive_ros2_control/package.dsv'
[0.946s] INFO:colcon.colcon_core.shell:Creating package script '/home/gong/onset_ws/install/odrive_ros2_control/share/odrive_ros2_control/package.sh'
[0.950s] INFO:colcon.colcon_core.shell:Creating package script '/home/gong/onset_ws/install/odrive_ros2_control/share/odrive_ros2_control/package.bash'
[0.952s] INFO:colcon.colcon_core.shell:Creating package script '/home/gong/onset_ws/install/odrive_ros2_control/share/odrive_ros2_control/package.zsh'
[0.954s] Level 1:colcon.colcon_core.environment:create_file_with_runtime_dependencies(/home/gong/onset_ws/install/odrive_ros2_control/share/colcon-core/packages/odrive_ros2_control)
[0.955s] INFO:colcon.colcon_ros.task.ament_cmake.build:Building ROS package in '/home/gong/onset_ws/src/onset_interfaces' with build type 'ament_cmake'
[0.955s] INFO:colcon.colcon_cmake.task.cmake.build:Building CMake package in '/home/gong/onset_ws/src/onset_interfaces'
[0.956s] INFO:colcon.colcon_core.shell:Skip shell extension 'powershell' for command environment: Not usable outside of PowerShell
[0.956s] DEBUG:colcon.colcon_core.shell:Skip shell extension 'dsv' for command environment
[0.994s] DEBUG:colcon.colcon_core.event_handler.log_command:Invoking command in '/home/gong/onset_ws/build/onset_interfaces': CMAKE_PREFIX_PATH=${CMAKE_PREFIX_PATH}:/home/gong/onset_ws/install/onsetbot:/opt/ros/humble /usr/bin/cmake --build /home/gong/onset_ws/build/onset_interfaces -- -j2 -l2
[2.041s] DEBUG:colcon.colcon_core.event_handler.log_command:Invoked command in '/home/gong/onset_ws/build/odrive_can' returned '0': CMAKE_PREFIX_PATH=${CMAKE_PREFIX_PATH}:/home/gong/onset_ws/install/onsetbot:/opt/ros/humble /usr/bin/cmake --build /home/gong/onset_ws/build/odrive_can -- -j2 -l2
[2.047s] DEBUG:colcon.colcon_core.event_handler.log_command:Invoking command in '/home/gong/onset_ws/build/odrive_can': CMAKE_PREFIX_PATH=${CMAKE_PREFIX_PATH}:/home/gong/onset_ws/install/onsetbot:/opt/ros/humble /usr/bin/cmake --install /home/gong/onset_ws/build/odrive_can
[2.164s] Level 1:colcon.colcon_core.environment:create_environment_scripts_only(odrive_can)
[2.164s] Level 1:colcon.colcon_core.environment:checking '/home/gong/onset_ws/install/odrive_can' for CMake module files
[2.166s] DEBUG:colcon.colcon_core.event_handler.log_command:Invoked command in '/home/gong/onset_ws/build/odrive_can' returned '0': CMAKE_PREFIX_PATH=${CMAKE_PREFIX_PATH}:/home/gong/onset_ws/install/onsetbot:/opt/ros/humble /usr/bin/cmake --install /home/gong/onset_ws/build/odrive_can
[2.168s] Level 1:colcon.colcon_core.environment:checking '/home/gong/onset_ws/install/odrive_can' for CMake config files
[2.169s] Level 1:colcon.colcon_core.shell:create_environment_hook('odrive_can', 'cmake_prefix_path')
[2.169s] INFO:colcon.colcon_core.shell:Creating environment hook '/home/gong/onset_ws/install/odrive_can/share/odrive_can/hook/cmake_prefix_path.ps1'
[2.170s] INFO:colcon.colcon_core.shell:Creating environment descriptor '/home/gong/onset_ws/install/odrive_can/share/odrive_can/hook/cmake_prefix_path.dsv'
[2.170s] INFO:colcon.colcon_core.shell:Creating environment hook '/home/gong/onset_ws/install/odrive_can/share/odrive_can/hook/cmake_prefix_path.sh'
[2.172s] Level 1:colcon.colcon_core.environment:checking '/home/gong/onset_ws/install/odrive_can/lib'
[2.172s] Level 1:colcon.colcon_core.shell:create_environment_hook('odrive_can', 'ld_library_path_lib')
[2.172s] INFO:colcon.colcon_core.shell:Creating environment hook '/home/gong/onset_ws/install/odrive_can/share/odrive_can/hook/ld_library_path_lib.ps1'
[2.176s] INFO:colcon.colcon_core.shell:Creating environment descriptor '/home/gong/onset_ws/install/odrive_can/share/odrive_can/hook/ld_library_path_lib.dsv'
[2.180s] INFO:colcon.colcon_core.shell:Creating environment hook '/home/gong/onset_ws/install/odrive_can/share/odrive_can/hook/ld_library_path_lib.sh'
[2.180s] Level 1:colcon.colcon_core.environment:checking '/home/gong/onset_ws/install/odrive_can/bin'
[2.180s] Level 1:colcon.colcon_core.environment:checking '/home/gong/onset_ws/install/odrive_can/lib/pkgconfig/odrive_can.pc'
[2.180s] Level 1:colcon.colcon_core.environment:checking '/home/gong/onset_ws/install/odrive_can/lib/python3.10/site-packages'
[2.181s] Level 1:colcon.colcon_core.environment:checking '/home/gong/onset_ws/install/odrive_can/bin'
[2.181s] INFO:colcon.colcon_core.shell:Creating package script '/home/gong/onset_ws/install/odrive_can/share/odrive_can/package.ps1'
[2.182s] INFO:colcon.colcon_core.shell:Creating package descriptor '/home/gong/onset_ws/install/odrive_can/share/odrive_can/package.dsv'
[2.182s] INFO:colcon.colcon_core.shell:Creating package script '/home/gong/onset_ws/install/odrive_can/share/odrive_can/package.sh'
[2.183s] INFO:colcon.colcon_core.shell:Creating package script '/home/gong/onset_ws/install/odrive_can/share/odrive_can/package.bash'
[2.183s] INFO:colcon.colcon_core.shell:Creating package script '/home/gong/onset_ws/install/odrive_can/share/odrive_can/package.zsh'
[2.184s] Level 1:colcon.colcon_core.environment:create_file_with_runtime_dependencies(/home/gong/onset_ws/install/odrive_can/share/colcon-core/packages/odrive_can)
[2.184s] Level 1:colcon.colcon_core.environment:create_environment_scripts_only(odrive_can)
[2.185s] Level 1:colcon.colcon_core.environment:checking '/home/gong/onset_ws/install/odrive_can' for CMake module files
[2.185s] Level 1:colcon.colcon_core.environment:checking '/home/gong/onset_ws/install/odrive_can' for CMake config files
[2.187s] Level 1:colcon.colcon_core.shell:create_environment_hook('odrive_can', 'cmake_prefix_path')
[2.187s] INFO:colcon.colcon_core.shell:Creating environment hook '/home/gong/onset_ws/install/odrive_can/share/odrive_can/hook/cmake_prefix_path.ps1'
[2.189s] INFO:colcon.colcon_core.shell:Creating environment descriptor '/home/gong/onset_ws/install/odrive_can/share/odrive_can/hook/cmake_prefix_path.dsv'
[2.189s] INFO:colcon.colcon_core.shell:Creating environment hook '/home/gong/onset_ws/install/odrive_can/share/odrive_can/hook/cmake_prefix_path.sh'
[2.190s] Level 1:colcon.colcon_core.environment:checking '/home/gong/onset_ws/install/odrive_can/lib'
[2.190s] Level 1:colcon.colcon_core.shell:create_environment_hook('odrive_can', 'ld_library_path_lib')
[2.190s] INFO:colcon.colcon_core.shell:Creating environment hook '/home/gong/onset_ws/install/odrive_can/share/odrive_can/hook/ld_library_path_lib.ps1'
[2.191s] INFO:colcon.colcon_core.shell:Creating environment descriptor '/home/gong/onset_ws/install/odrive_can/share/odrive_can/hook/ld_library_path_lib.dsv'
[2.191s] INFO:colcon.colcon_core.shell:Creating environment hook '/home/gong/onset_ws/install/odrive_can/share/odrive_can/hook/ld_library_path_lib.sh'
[2.193s] Level 1:colcon.colcon_core.environment:checking '/home/gong/onset_ws/install/odrive_can/bin'
[2.193s] Level 1:colcon.colcon_core.environment:checking '/home/gong/onset_ws/install/odrive_can/lib/pkgconfig/odrive_can.pc'
[2.193s] Level 1:colcon.colcon_core.environment:checking '/home/gong/onset_ws/install/odrive_can/lib/python3.10/site-packages'
[2.194s] Level 1:colcon.colcon_core.environment:checking '/home/gong/onset_ws/install/odrive_can/bin'
[2.194s] INFO:colcon.colcon_core.shell:Creating package script '/home/gong/onset_ws/install/odrive_can/share/odrive_can/package.ps1'
[2.195s] INFO:colcon.colcon_core.shell:Creating package descriptor '/home/gong/onset_ws/install/odrive_can/share/odrive_can/package.dsv'
[2.195s] INFO:colcon.colcon_core.shell:Creating package script '/home/gong/onset_ws/install/odrive_can/share/odrive_can/package.sh'
[2.196s] INFO:colcon.colcon_core.shell:Creating package script '/home/gong/onset_ws/install/odrive_can/share/odrive_can/package.bash'
[2.197s] INFO:colcon.colcon_core.shell:Creating package script '/home/gong/onset_ws/install/odrive_can/share/odrive_can/package.zsh'
[2.198s] Level 1:colcon.colcon_core.environment:create_file_with_runtime_dependencies(/home/gong/onset_ws/install/odrive_can/share/colcon-core/packages/odrive_can)
[2.199s] INFO:colcon.colcon_ros.task.ament_cmake.build:Building ROS package in '/home/gong/onset_ws/src/ros_odrive/odrive_botwheel_explorer' with build type 'ament_cmake'
[2.201s] INFO:colcon.colcon_cmake.task.cmake.build:Building CMake package in '/home/gong/onset_ws/src/ros_odrive/odrive_botwheel_explorer'
[2.201s] INFO:colcon.colcon_core.shell:Skip shell extension 'powershell' for command environment: Not usable outside of PowerShell
[2.201s] DEBUG:colcon.colcon_core.shell:Skip shell extension 'dsv' for command environment
[2.223s] DEBUG:colcon.colcon_core.event_handler.log_command:Invoking command in '/home/gong/onset_ws/build/odrive_botwheel_explorer': CMAKE_PREFIX_PATH=/home/gong/onset_ws/install/odrive_ros2_control:/home/gong/onset_ws/install/onset_interfaces:/home/gong/onset_ws/install/odrive_botwheel_explorer:/home/gong/onset_ws/install/odrive_can:/home/gong/onset_ws/install/onsetbot:/opt/ros/humble LD_LIBRARY_PATH=/home/gong/onset_ws/install/odrive_ros2_control/lib:/home/gong/onset_ws/install/onset_interfaces/lib:/home/gong/onset_ws/install/odrive_can/lib:/usr/lib/x86_64-linux-gnu/gazebo-11/plugins:/opt/ros/humble/opt/rviz_ogre_vendor/lib:/opt/ros/humble/lib/x86_64-linux-gnu:/opt/ros/humble/lib /usr/bin/cmake --build /home/gong/onset_ws/build/odrive_botwheel_explorer -- -j2 -l2
[2.267s] DEBUG:colcon.colcon_core.event_handler.log_command:Invoked command in '/home/gong/onset_ws/build/onset_interfaces' returned '0': CMAKE_PREFIX_PATH=${CMAKE_PREFIX_PATH}:/home/gong/onset_ws/install/onsetbot:/opt/ros/humble /usr/bin/cmake --build /home/gong/onset_ws/build/onset_interfaces -- -j2 -l2
[2.272s] DEBUG:colcon.colcon_core.event_handler.log_command:Invoking command in '/home/gong/onset_ws/build/onset_interfaces': CMAKE_PREFIX_PATH=${CMAKE_PREFIX_PATH}:/home/gong/onset_ws/install/onsetbot:/opt/ros/humble /usr/bin/cmake --install /home/gong/onset_ws/build/onset_interfaces
[2.314s] DEBUG:colcon.colcon_core.event_handler.log_command:Invoked command in '/home/gong/onset_ws/build/odrive_botwheel_explorer' returned '0': CMAKE_PREFIX_PATH=/home/gong/onset_ws/install/odrive_ros2_control:/home/gong/onset_ws/install/onset_interfaces:/home/gong/onset_ws/install/odrive_botwheel_explorer:/home/gong/onset_ws/install/odrive_can:/home/gong/onset_ws/install/onsetbot:/opt/ros/humble LD_LIBRARY_PATH=/home/gong/onset_ws/install/odrive_ros2_control/lib:/home/gong/onset_ws/install/onset_interfaces/lib:/home/gong/onset_ws/install/odrive_can/lib:/usr/lib/x86_64-linux-gnu/gazebo-11/plugins:/opt/ros/humble/opt/rviz_ogre_vendor/lib:/opt/ros/humble/lib/x86_64-linux-gnu:/opt/ros/humble/lib /usr/bin/cmake --build /home/gong/onset_ws/build/odrive_botwheel_explorer -- -j2 -l2
[2.317s] DEBUG:colcon.colcon_core.event_handler.log_command:Invoking command in '/home/gong/onset_ws/build/odrive_botwheel_explorer': CMAKE_PREFIX_PATH=/home/gong/onset_ws/install/odrive_ros2_control:/home/gong/onset_ws/install/onset_interfaces:/home/gong/onset_ws/install/odrive_botwheel_explorer:/home/gong/onset_ws/install/odrive_can:/home/gong/onset_ws/install/onsetbot:/opt/ros/humble LD_LIBRARY_PATH=/home/gong/onset_ws/install/odrive_ros2_control/lib:/home/gong/onset_ws/install/onset_interfaces/lib:/home/gong/onset_ws/install/odrive_can/lib:/usr/lib/x86_64-linux-gnu/gazebo-11/plugins:/opt/ros/humble/opt/rviz_ogre_vendor/lib:/opt/ros/humble/lib/x86_64-linux-gnu:/opt/ros/humble/lib /usr/bin/cmake --install /home/gong/onset_ws/build/odrive_botwheel_explorer
[2.337s] Level 1:colcon.colcon_core.environment:create_environment_scripts_only(odrive_botwheel_explorer)
[2.337s] Level 1:colcon.colcon_core.environment:checking '/home/gong/onset_ws/install/odrive_botwheel_explorer' for CMake module files
[2.339s] DEBUG:colcon.colcon_core.event_handler.log_command:Invoked command in '/home/gong/onset_ws/build/odrive_botwheel_explorer' returned '0': CMAKE_PREFIX_PATH=/home/gong/onset_ws/install/odrive_ros2_control:/home/gong/onset_ws/install/onset_interfaces:/home/gong/onset_ws/install/odrive_botwheel_explorer:/home/gong/onset_ws/install/odrive_can:/home/gong/onset_ws/install/onsetbot:/opt/ros/humble LD_LIBRARY_PATH=/home/gong/onset_ws/install/odrive_ros2_control/lib:/home/gong/onset_ws/install/onset_interfaces/lib:/home/gong/onset_ws/install/odrive_can/lib:/usr/lib/x86_64-linux-gnu/gazebo-11/plugins:/opt/ros/humble/opt/rviz_ogre_vendor/lib:/opt/ros/humble/lib/x86_64-linux-gnu:/opt/ros/humble/lib /usr/bin/cmake --install /home/gong/onset_ws/build/odrive_botwheel_explorer
[2.339s] Level 1:colcon.colcon_core.environment:checking '/home/gong/onset_ws/install/odrive_botwheel_explorer' for CMake config files
[2.339s] Level 1:colcon.colcon_core.shell:create_environment_hook('odrive_botwheel_explorer', 'cmake_prefix_path')
[2.341s] INFO:colcon.colcon_core.shell:Creating environment hook '/home/gong/onset_ws/install/odrive_botwheel_explorer/share/odrive_botwheel_explorer/hook/cmake_prefix_path.ps1'
[2.342s] INFO:colcon.colcon_core.shell:Creating environment descriptor '/home/gong/onset_ws/install/odrive_botwheel_explorer/share/odrive_botwheel_explorer/hook/cmake_prefix_path.dsv'
[2.342s] INFO:colcon.colcon_core.shell:Creating environment hook '/home/gong/onset_ws/install/odrive_botwheel_explorer/share/odrive_botwheel_explorer/hook/cmake_prefix_path.sh'
[2.343s] Level 1:colcon.colcon_core.environment:checking '/home/gong/onset_ws/install/odrive_botwheel_explorer/bin'
[2.343s] Level 1:colcon.colcon_core.environment:checking '/home/gong/onset_ws/install/odrive_botwheel_explorer/lib/pkgconfig/odrive_botwheel_explorer.pc'
[2.343s] Level 1:colcon.colcon_core.environment:checking '/home/gong/onset_ws/install/odrive_botwheel_explorer/lib/python3.10/site-packages'
[2.343s] Level 1:colcon.colcon_core.environment:checking '/home/gong/onset_ws/install/odrive_botwheel_explorer/bin'
[2.343s] INFO:colcon.colcon_core.shell:Creating package script '/home/gong/onset_ws/install/odrive_botwheel_explorer/share/odrive_botwheel_explorer/package.ps1'
[2.344s] INFO:colcon.colcon_core.shell:Creating package descriptor '/home/gong/onset_ws/install/odrive_botwheel_explorer/share/odrive_botwheel_explorer/package.dsv'
[2.345s] INFO:colcon.colcon_core.shell:Creating package script '/home/gong/onset_ws/install/odrive_botwheel_explorer/share/odrive_botwheel_explorer/package.sh'
[2.345s] INFO:colcon.colcon_core.shell:Creating package script '/home/gong/onset_ws/install/odrive_botwheel_explorer/share/odrive_botwheel_explorer/package.bash'
[2.346s] INFO:colcon.colcon_core.shell:Creating package script '/home/gong/onset_ws/install/odrive_botwheel_explorer/share/odrive_botwheel_explorer/package.zsh'
[2.347s] Level 1:colcon.colcon_core.environment:create_file_with_runtime_dependencies(/home/gong/onset_ws/install/odrive_botwheel_explorer/share/colcon-core/packages/odrive_botwheel_explorer)
[2.347s] Level 1:colcon.colcon_core.environment:create_environment_scripts_only(odrive_botwheel_explorer)
[2.348s] Level 1:colcon.colcon_core.environment:checking '/home/gong/onset_ws/install/odrive_botwheel_explorer' for CMake module files
[2.348s] Level 1:colcon.colcon_core.environment:checking '/home/gong/onset_ws/install/odrive_botwheel_explorer' for CMake config files
[2.348s] Level 1:colcon.colcon_core.shell:create_environment_hook('odrive_botwheel_explorer', 'cmake_prefix_path')
[2.349s] INFO:colcon.colcon_core.shell:Creating environment hook '/home/gong/onset_ws/install/odrive_botwheel_explorer/share/odrive_botwheel_explorer/hook/cmake_prefix_path.ps1'
[2.351s] INFO:colcon.colcon_core.shell:Creating environment descriptor '/home/gong/onset_ws/install/odrive_botwheel_explorer/share/odrive_botwheel_explorer/hook/cmake_prefix_path.dsv'
[2.351s] INFO:colcon.colcon_core.shell:Creating environment hook '/home/gong/onset_ws/install/odrive_botwheel_explorer/share/odrive_botwheel_explorer/hook/cmake_prefix_path.sh'
[2.354s] Level 1:colcon.colcon_core.environment:checking '/home/gong/onset_ws/install/odrive_botwheel_explorer/bin'
[2.354s] Level 1:colcon.colcon_core.environment:checking '/home/gong/onset_ws/install/odrive_botwheel_explorer/lib/pkgconfig/odrive_botwheel_explorer.pc'
[2.354s] Level 1:colcon.colcon_core.environment:checking '/home/gong/onset_ws/install/odrive_botwheel_explorer/lib/python3.10/site-packages'
[2.354s] Level 1:colcon.colcon_core.environment:checking '/home/gong/onset_ws/install/odrive_botwheel_explorer/bin'
[2.354s] INFO:colcon.colcon_core.shell:Creating package script '/home/gong/onset_ws/install/odrive_botwheel_explorer/share/odrive_botwheel_explorer/package.ps1'
[2.357s] INFO:colcon.colcon_core.shell:Creating package descriptor '/home/gong/onset_ws/install/odrive_botwheel_explorer/share/odrive_botwheel_explorer/package.dsv'
[2.358s] INFO:colcon.colcon_core.shell:Creating package script '/home/gong/onset_ws/install/odrive_botwheel_explorer/share/odrive_botwheel_explorer/package.sh'
[2.361s] INFO:colcon.colcon_core.shell:Creating package script '/home/gong/onset_ws/install/odrive_botwheel_explorer/share/odrive_botwheel_explorer/package.bash'
[2.364s] INFO:colcon.colcon_core.shell:Creating package script '/home/gong/onset_ws/install/odrive_botwheel_explorer/share/odrive_botwheel_explorer/package.zsh'
[2.366s] Level 1:colcon.colcon_core.environment:create_file_with_runtime_dependencies(/home/gong/onset_ws/install/odrive_botwheel_explorer/share/colcon-core/packages/odrive_botwheel_explorer)
[2.368s] Level 1:colcon.colcon_core.environment:create_environment_scripts_only(onset_interfaces)
[2.368s] Level 1:colcon.colcon_core.environment:checking '/home/gong/onset_ws/install/onset_interfaces' for CMake module files
[2.369s] DEBUG:colcon.colcon_core.event_handler.log_command:Invoked command in '/home/gong/onset_ws/build/onset_interfaces' returned '0': CMAKE_PREFIX_PATH=${CMAKE_PREFIX_PATH}:/home/gong/onset_ws/install/onsetbot:/opt/ros/humble /usr/bin/cmake --install /home/gong/onset_ws/build/onset_interfaces
[2.369s] Level 1:colcon.colcon_core.environment:checking '/home/gong/onset_ws/install/onset_interfaces' for CMake config files
[2.370s] Level 1:colcon.colcon_core.shell:create_environment_hook('onset_interfaces', 'cmake_prefix_path')
[2.370s] INFO:colcon.colcon_core.shell:Creating environment hook '/home/gong/onset_ws/install/onset_interfaces/share/onset_interfaces/hook/cmake_prefix_path.ps1'
[2.371s] INFO:colcon.colcon_core.shell:Creating environment descriptor '/home/gong/onset_ws/install/onset_interfaces/share/onset_interfaces/hook/cmake_prefix_path.dsv'
[2.372s] INFO:colcon.colcon_core.shell:Creating environment hook '/home/gong/onset_ws/install/onset_interfaces/share/onset_interfaces/hook/cmake_prefix_path.sh'
[2.373s] Level 1:colcon.colcon_core.environment:checking '/home/gong/onset_ws/install/onset_interfaces/lib'
[2.373s] Level 1:colcon.colcon_core.shell:create_environment_hook('onset_interfaces', 'ld_library_path_lib')
[2.373s] INFO:colcon.colcon_core.shell:Creating environment hook '/home/gong/onset_ws/install/onset_interfaces/share/onset_interfaces/hook/ld_library_path_lib.ps1'
[2.373s] INFO:colcon.colcon_core.shell:Creating environment descriptor '/home/gong/onset_ws/install/onset_interfaces/share/onset_interfaces/hook/ld_library_path_lib.dsv'
[2.374s] INFO:colcon.colcon_core.shell:Creating environment hook '/home/gong/onset_ws/install/onset_interfaces/share/onset_interfaces/hook/ld_library_path_lib.sh'
[2.374s] Level 1:colcon.colcon_core.environment:checking '/home/gong/onset_ws/install/onset_interfaces/bin'
[2.374s] Level 1:colcon.colcon_core.environment:checking '/home/gong/onset_ws/install/onset_interfaces/lib/pkgconfig/onset_interfaces.pc'
[2.375s] Level 1:colcon.colcon_core.environment:checking '/home/gong/onset_ws/install/onset_interfaces/lib/python3.10/site-packages'
[2.375s] Level 1:colcon.colcon_core.environment:checking '/home/gong/onset_ws/install/onset_interfaces/bin'
[2.375s] INFO:colcon.colcon_core.shell:Creating package script '/home/gong/onset_ws/install/onset_interfaces/share/onset_interfaces/package.ps1'
[2.377s] INFO:colcon.colcon_core.shell:Creating package descriptor '/home/gong/onset_ws/install/onset_interfaces/share/onset_interfaces/package.dsv'
[2.378s] INFO:colcon.colcon_core.shell:Creating package script '/home/gong/onset_ws/install/onset_interfaces/share/onset_interfaces/package.sh'
[2.380s] INFO:colcon.colcon_core.shell:Creating package script '/home/gong/onset_ws/install/onset_interfaces/share/onset_interfaces/package.bash'
[2.381s] INFO:colcon.colcon_core.shell:Creating package script '/home/gong/onset_ws/install/onset_interfaces/share/onset_interfaces/package.zsh'
[2.382s] Level 1:colcon.colcon_core.environment:create_file_with_runtime_dependencies(/home/gong/onset_ws/install/onset_interfaces/share/colcon-core/packages/onset_interfaces)
[2.382s] Level 1:colcon.colcon_core.environment:create_environment_scripts_only(onset_interfaces)
[2.382s] Level 1:colcon.colcon_core.environment:checking '/home/gong/onset_ws/install/onset_interfaces' for CMake module files
[2.383s] Level 1:colcon.colcon_core.environment:checking '/home/gong/onset_ws/install/onset_interfaces' for CMake config files
[2.384s] Level 1:colcon.colcon_core.shell:create_environment_hook('onset_interfaces', 'cmake_prefix_path')
[2.384s] INFO:colcon.colcon_core.shell:Creating environment hook '/home/gong/onset_ws/install/onset_interfaces/share/onset_interfaces/hook/cmake_prefix_path.ps1'
[2.385s] INFO:colcon.colcon_core.shell:Creating environment descriptor '/home/gong/onset_ws/install/onset_interfaces/share/onset_interfaces/hook/cmake_prefix_path.dsv'
[2.385s] INFO:colcon.colcon_core.shell:Creating environment hook '/home/gong/onset_ws/install/onset_interfaces/share/onset_interfaces/hook/cmake_prefix_path.sh'
[2.386s] Level 1:colcon.colcon_core.environment:checking '/home/gong/onset_ws/install/onset_interfaces/lib'
[2.386s] Level 1:colcon.colcon_core.shell:create_environment_hook('onset_interfaces', 'ld_library_path_lib')
[2.386s] INFO:colcon.colcon_core.shell:Creating environment hook '/home/gong/onset_ws/install/onset_interfaces/share/onset_interfaces/hook/ld_library_path_lib.ps1'
[2.386s] INFO:colcon.colcon_core.shell:Creating environment descriptor '/home/gong/onset_ws/install/onset_interfaces/share/onset_interfaces/hook/ld_library_path_lib.dsv'
[2.387s] INFO:colcon.colcon_core.shell:Creating environment hook '/home/gong/onset_ws/install/onset_interfaces/share/onset_interfaces/hook/ld_library_path_lib.sh'
[2.388s] Level 1:colcon.colcon_core.environment:checking '/home/gong/onset_ws/install/onset_interfaces/bin'
[2.388s] Level 1:colcon.colcon_core.environment:checking '/home/gong/onset_ws/install/onset_interfaces/lib/pkgconfig/onset_interfaces.pc'
[2.388s] Level 1:colcon.colcon_core.environment:checking '/home/gong/onset_ws/install/onset_interfaces/lib/python3.10/site-packages'
[2.388s] Level 1:colcon.colcon_core.environment:checking '/home/gong/onset_ws/install/onset_interfaces/bin'
[2.389s] INFO:colcon.colcon_core.shell:Creating package script '/home/gong/onset_ws/install/onset_interfaces/share/onset_interfaces/package.ps1'
[2.389s] INFO:colcon.colcon_core.shell:Creating package descriptor '/home/gong/onset_ws/install/onset_interfaces/share/onset_interfaces/package.dsv'
[2.391s] INFO:colcon.colcon_core.shell:Creating package script '/home/gong/onset_ws/install/onset_interfaces/share/onset_interfaces/package.sh'
[2.391s] INFO:colcon.colcon_core.shell:Creating package script '/home/gong/onset_ws/install/onset_interfaces/share/onset_interfaces/package.bash'
[2.392s] INFO:colcon.colcon_core.shell:Creating package script '/home/gong/onset_ws/install/onset_interfaces/share/onset_interfaces/package.zsh'
[2.392s] Level 1:colcon.colcon_core.environment:create_file_with_runtime_dependencies(/home/gong/onset_ws/install/onset_interfaces/share/colcon-core/packages/onset_interfaces)
[2.393s] INFO:colcon.colcon_ros.task.ament_python.build:Building ROS package in '/home/gong/onset_ws/src/onsetbot' with build type 'ament_python'
[2.394s] Level 1:colcon.colcon_core.shell:create_environment_hook('onsetbot', 'ament_prefix_path')
[2.394s] INFO:colcon.colcon_core.shell:Creating environment hook '/home/gong/onset_ws/install/onsetbot/share/onsetbot/hook/ament_prefix_path.ps1'
[2.395s] INFO:colcon.colcon_core.shell:Creating environment descriptor '/home/gong/onset_ws/install/onsetbot/share/onsetbot/hook/ament_prefix_path.dsv'
[2.395s] INFO:colcon.colcon_core.shell:Creating environment hook '/home/gong/onset_ws/install/onsetbot/share/onsetbot/hook/ament_prefix_path.sh'
[2.396s] INFO:colcon.colcon_core.shell:Skip shell extension 'powershell' for command environment: Not usable outside of PowerShell
[2.396s] DEBUG:colcon.colcon_core.shell:Skip shell extension 'dsv' for command environment
[2.784s] INFO:colcon.colcon_core.task.python.build:Building Python package in '/home/gong/onset_ws/src/onsetbot'
[2.785s] INFO:colcon.colcon_core.shell:Skip shell extension 'powershell' for command environment: Not usable outside of PowerShell
[2.785s] DEBUG:colcon.colcon_core.shell:Skip shell extension 'dsv' for command environment
[3.245s] DEBUG:colcon.colcon_core.event_handler.log_command:Invoking command in '/home/gong/onset_ws/src/onsetbot': CMAKE_PREFIX_PATH=/home/gong/onset_ws/install/onset_interfaces:/home/gong/onset_ws/install/odrive_can:/home/gong/onset_ws/install/odrive_botwheel_explorer:/home/gong/onset_ws/install/odrive_ros2_control LD_LIBRARY_PATH=/home/gong/onset_ws/install/onset_interfaces/lib:/home/gong/onset_ws/install/odrive_can/lib:/home/gong/onset_ws/install/odrive_ros2_control/lib:/usr/lib/x86_64-linux-gnu/gazebo-11/plugins:/opt/ros/humble/opt/rviz_ogre_vendor/lib:/opt/ros/humble/lib/x86_64-linux-gnu:/opt/ros/humble/lib PYTHONPATH=/home/gong/onset_ws/build/onsetbot/prefix_override:/usr/lib/python3/dist-packages/colcon_core/task/python/colcon_distutils_commands:/home/gong/onset_ws/install/onsetbot/lib/python3.10/site-packages:${PYTHONPATH} /usr/bin/python3 -W ignore:setup.py install is deprecated -W ignore:easy_install command is deprecated setup.py egg_info --egg-base ../../build/onsetbot build --build-base /home/gong/onset_ws/build/onsetbot/build install --record /home/gong/onset_ws/build/onsetbot/install.log --single-version-externally-managed install_data
[3.620s] Level 1:colcon.colcon_core.environment:checking '/home/gong/onset_ws/install/onsetbot' for CMake module files
[3.621s] DEBUG:colcon.colcon_core.event_handler.log_command:Invoked command in '/home/gong/onset_ws/src/onsetbot' returned '0': CMAKE_PREFIX_PATH=/home/gong/onset_ws/install/onset_interfaces:/home/gong/onset_ws/install/odrive_can:/home/gong/onset_ws/install/odrive_botwheel_explorer:/home/gong/onset_ws/install/odrive_ros2_control LD_LIBRARY_PATH=/home/gong/onset_ws/install/onset_interfaces/lib:/home/gong/onset_ws/install/odrive_can/lib:/home/gong/onset_ws/install/odrive_ros2_control/lib:/usr/lib/x86_64-linux-gnu/gazebo-11/plugins:/opt/ros/humble/opt/rviz_ogre_vendor/lib:/opt/ros/humble/lib/x86_64-linux-gnu:/opt/ros/humble/lib PYTHONPATH=/home/gong/onset_ws/build/onsetbot/prefix_override:/usr/lib/python3/dist-packages/colcon_core/task/python/colcon_distutils_commands:/home/gong/onset_ws/install/onsetbot/lib/python3.10/site-packages:${PYTHONPATH} /usr/bin/python3 -W ignore:setup.py install is deprecated -W ignore:easy_install command is deprecated setup.py egg_info --egg-base ../../build/onsetbot build --build-base /home/gong/onset_ws/build/onsetbot/build install --record /home/gong/onset_ws/build/onsetbot/install.log --single-version-externally-managed install_data
[3.621s] Level 1:colcon.colcon_core.environment:checking '/home/gong/onset_ws/install/onsetbot' for CMake config files
[3.622s] Level 1:colcon.colcon_core.environment:checking '/home/gong/onset_ws/install/onsetbot/lib'
[3.622s] Level 1:colcon.colcon_core.environment:checking '/home/gong/onset_ws/install/onsetbot/bin'
[3.622s] Level 1:colcon.colcon_core.environment:checking '/home/gong/onset_ws/install/onsetbot/lib/pkgconfig/onsetbot.pc'
[3.622s] Level 1:colcon.colcon_core.environment:checking '/home/gong/onset_ws/install/onsetbot/lib/python3.10/site-packages'
[3.622s] Level 1:colcon.colcon_core.shell:create_environment_hook('onsetbot', 'pythonpath')
[3.622s] INFO:colcon.colcon_core.shell:Creating environment hook '/home/gong/onset_ws/install/onsetbot/share/onsetbot/hook/pythonpath.ps1'
[3.623s] INFO:colcon.colcon_core.shell:Creating environment descriptor '/home/gong/onset_ws/install/onsetbot/share/onsetbot/hook/pythonpath.dsv'
[3.624s] INFO:colcon.colcon_core.shell:Creating environment hook '/home/gong/onset_ws/install/onsetbot/share/onsetbot/hook/pythonpath.sh'
[3.625s] Level 1:colcon.colcon_core.environment:checking '/home/gong/onset_ws/install/onsetbot/bin'
[3.625s] Level 1:colcon.colcon_core.environment:create_environment_scripts_only(onsetbot)
[3.625s] INFO:colcon.colcon_core.shell:Creating package script '/home/gong/onset_ws/install/onsetbot/share/onsetbot/package.ps1'
[3.626s] INFO:colcon.colcon_core.shell:Creating package descriptor '/home/gong/onset_ws/install/onsetbot/share/onsetbot/package.dsv'
[3.627s] INFO:colcon.colcon_core.shell:Creating package script '/home/gong/onset_ws/install/onsetbot/share/onsetbot/package.sh'
[3.628s] INFO:colcon.colcon_core.shell:Creating package script '/home/gong/onset_ws/install/onsetbot/share/onsetbot/package.bash'
[3.628s] INFO:colcon.colcon_core.shell:Creating package script '/home/gong/onset_ws/install/onsetbot/share/onsetbot/package.zsh'
[3.629s] Level 1:colcon.colcon_core.environment:create_file_with_runtime_dependencies(/home/gong/onset_ws/install/onsetbot/share/colcon-core/packages/onsetbot)
[3.629s] DEBUG:colcon.colcon_parallel_executor.executor.parallel:closing loop
[3.629s] DEBUG:colcon.colcon_parallel_executor.executor.parallel:loop closed
[3.629s] DEBUG:colcon.colcon_parallel_executor.executor.parallel:run_until_complete finished with '0'
[3.629s] DEBUG:colcon.colcon_core.event_reactor:joining thread
[3.636s] INFO:colcon.colcon_core.plugin_system:Skipping extension 'colcon_notification.desktop_notification.terminal_notifier': Not used on non-Darwin systems
[3.636s] INFO:colcon.colcon_core.plugin_system:Skipping extension 'colcon_notification.desktop_notification.win32': Not used on non-Windows systems
[3.637s] INFO:colcon.colcon_notification.desktop_notification:Sending desktop notification using 'notify2'
[3.664s] DEBUG:colcon.colcon_core.event_reactor:joined thread
[3.664s] INFO:colcon.colcon_core.shell:Creating prefix script '/home/gong/onset_ws/install/local_setup.ps1'
[3.666s] INFO:colcon.colcon_core.shell:Creating prefix util module '/home/gong/onset_ws/install/_local_setup_util_ps1.py'
[3.667s] INFO:colcon.colcon_core.shell:Creating prefix chain script '/home/gong/onset_ws/install/setup.ps1'
[3.670s] INFO:colcon.colcon_core.shell:Creating prefix script '/home/gong/onset_ws/install/local_setup.sh'
[3.671s] INFO:colcon.colcon_core.shell:Creating prefix util module '/home/gong/onset_ws/install/_local_setup_util_sh.py'
[3.671s] INFO:colcon.colcon_core.shell:Creating prefix chain script '/home/gong/onset_ws/install/setup.sh'
[3.673s] INFO:colcon.colcon_core.shell:Creating prefix script '/home/gong/onset_ws/install/local_setup.bash'
[3.673s] INFO:colcon.colcon_core.shell:Creating prefix chain script '/home/gong/onset_ws/install/setup.bash'
[3.675s] INFO:colcon.colcon_core.shell:Creating prefix script '/home/gong/onset_ws/install/local_setup.zsh'
[3.675s] INFO:colcon.colcon_core.shell:Creating prefix chain script '/home/gong/onset_ws/install/setup.zsh'
