[3.282s] Invoking command in '/home/gong/onset_ws/src/onsetbot': PYTHONPATH=/home/gong/onset_ws/build/onsetbot/prefix_override:/usr/lib/python3/dist-packages/colcon_core/task/python/colcon_distutils_commands:/home/gong/onset_ws/install/onsetbot/lib/python3.10/site-packages:${PYTHONPATH} /usr/bin/python3 -W ignore:setup.py install is deprecated -W ignore:easy_install command is deprecated setup.py egg_info --egg-base ../../build/onsetbot build --build-base /home/gong/onset_ws/build/onsetbot/build install --record /home/gong/onset_ws/build/onsetbot/install.log --single-version-externally-managed install_data
[4.425s] running egg_info
[4.489s] writing ../../build/onsetbot/onsetbot.egg-info/PKG-INFO
[4.492s] writing dependency_links to ../../build/onsetbot/onsetbot.egg-info/dependency_links.txt
[4.493s] writing entry points to ../../build/onsetbot/onsetbot.egg-info/entry_points.txt
[4.494s] writing requirements to ../../build/onsetbot/onsetbot.egg-info/requires.txt
[4.495s] writing top-level names to ../../build/onsetbot/onsetbot.egg-info/top_level.txt
[4.640s] reading manifest file '../../build/onsetbot/onsetbot.egg-info/SOURCES.txt'
[4.647s] writing manifest file '../../build/onsetbot/onsetbot.egg-info/SOURCES.txt'
[4.648s] running build
[4.648s] running build_py
[4.650s] copying onsetbot/actuator_command.py -> /home/gong/onset_ws/build/onsetbot/build/lib/onsetbot
[4.652s] copying onsetbot/stm32_bridge.py -> /home/gong/onset_ws/build/onsetbot/build/lib/onsetbot
[4.654s] copying onsetbot/__init__.py -> /home/gong/onset_ws/build/onsetbot/build/lib/onsetbot
[4.655s] copying onsetbot/onset_gui.py -> /home/gong/onset_ws/build/onsetbot/build/lib/onsetbot
[4.656s] copying onsetbot/configure_spinout_usb.py -> /home/gong/onset_ws/build/onsetbot/build/lib/onsetbot
[4.658s] copying onsetbot/actuator_commands.py -> /home/gong/onset_ws/build/onsetbot/build/lib/onsetbot
[4.659s] copying onsetbot/odrive_can_bridge.py -> /home/gong/onset_ws/build/onsetbot/build/lib/onsetbot
[4.662s] running install
[4.679s] running install_lib
[4.750s] copying /home/gong/onset_ws/build/onsetbot/build/lib/onsetbot/onset_gui.py -> /home/gong/onset_ws/install/onsetbot/lib/python3.10/site-packages/onsetbot
[4.754s] byte-compiling /home/gong/onset_ws/install/onsetbot/lib/python3.10/site-packages/onsetbot/onset_gui.py to onset_gui.cpython-310.pyc
[4.781s] running install_data
[4.782s] copying resource/onsetbot -> /home/gong/onset_ws/install/onsetbot/share/ament_index/resource_index/packages
[4.784s] copying package.xml -> /home/gong/onset_ws/install/onsetbot/share/onsetbot
[4.785s] copying launch/onset_launch.launch.py -> /home/gong/onset_ws/install/onsetbot/share/onsetbot/launch
[4.786s] running install_egg_info
[4.858s] removing '/home/gong/onset_ws/install/onsetbot/lib/python3.10/site-packages/onsetbot-0.0.0-py3.10.egg-info' (and everything under it)
[4.860s] Copying ../../build/onsetbot/onsetbot.egg-info to /home/gong/onset_ws/install/onsetbot/lib/python3.10/site-packages/onsetbot-0.0.0-py3.10.egg-info
[4.865s] running install_scripts
[5.002s] Installing actuator_command script to /home/gong/onset_ws/install/onsetbot/lib/onsetbot
[5.003s] Installing actuator_commands script to /home/gong/onset_ws/install/onsetbot/lib/onsetbot
[5.004s] Installing odrive_can_bridge script to /home/gong/onset_ws/install/onsetbot/lib/onsetbot
[5.005s] Installing onset_gui script to /home/gong/onset_ws/install/onsetbot/lib/onsetbot
[5.006s] Installing stm32_bridge script to /home/gong/onset_ws/install/onsetbot/lib/onsetbot
[5.010s] writing list of installed files to '/home/gong/onset_ws/build/onsetbot/install.log'
[5.141s] Invoked command in '/home/gong/onset_ws/src/onsetbot' returned '0': PYTHONPATH=/home/gong/onset_ws/build/onsetbot/prefix_override:/usr/lib/python3/dist-packages/colcon_core/task/python/colcon_distutils_commands:/home/gong/onset_ws/install/onsetbot/lib/python3.10/site-packages:${PYTHONPATH} /usr/bin/python3 -W ignore:setup.py install is deprecated -W ignore:easy_install command is deprecated setup.py egg_info --egg-base ../../build/onsetbot build --build-base /home/gong/onset_ws/build/onsetbot/build install --record /home/gong/onset_ws/build/onsetbot/install.log --single-version-externally-managed install_data
