[3.444s] Invoking command in '/home/gong/onset_ws/src/onsetbot': PYTHONPATH=/home/gong/onset_ws/build/onsetbot/prefix_override:/usr/lib/python3/dist-packages/colcon_core/task/python/colcon_distutils_commands:/home/gong/onset_ws/install/onsetbot/lib/python3.10/site-packages:${PYTHONPATH} /usr/bin/python3 -W ignore:setup.py install is deprecated -W ignore:easy_install command is deprecated setup.py egg_info --egg-base ../../build/onsetbot build --build-base /home/gong/onset_ws/build/onsetbot/build install --record /home/gong/onset_ws/build/onsetbot/install.log --single-version-externally-managed install_data
[4.565s] running egg_info
[4.632s] writing ../../build/onsetbot/onsetbot.egg-info/PKG-INFO
[4.637s] writing dependency_links to ../../build/onsetbot/onsetbot.egg-info/dependency_links.txt
[4.638s] writing entry points to ../../build/onsetbot/onsetbot.egg-info/entry_points.txt
[4.640s] writing requirements to ../../build/onsetbot/onsetbot.egg-info/requires.txt
[4.641s] writing top-level names to ../../build/onsetbot/onsetbot.egg-info/top_level.txt
[4.775s] reading manifest file '../../build/onsetbot/onsetbot.egg-info/SOURCES.txt'
[4.782s] writing manifest file '../../build/onsetbot/onsetbot.egg-info/SOURCES.txt'
[4.783s] running build
[4.784s] running build_py
[4.786s] copying onsetbot/actuator_command.py -> /home/gong/onset_ws/build/onsetbot/build/lib/onsetbot
[4.788s] copying onsetbot/stm32_bridge.py -> /home/gong/onset_ws/build/onsetbot/build/lib/onsetbot
[4.789s] copying onsetbot/__init__.py -> /home/gong/onset_ws/build/onsetbot/build/lib/onsetbot
[4.790s] copying onsetbot/onset_gui.py -> /home/gong/onset_ws/build/onsetbot/build/lib/onsetbot
[4.792s] copying onsetbot/configure_spinout_usb.py -> /home/gong/onset_ws/build/onsetbot/build/lib/onsetbot
[4.793s] copying onsetbot/actuator_commands.py -> /home/gong/onset_ws/build/onsetbot/build/lib/onsetbot
[4.795s] copying onsetbot/odrive_can_bridge.py -> /home/gong/onset_ws/build/onsetbot/build/lib/onsetbot
[4.798s] running install
[4.814s] running install_lib
[4.882s] copying /home/gong/onset_ws/build/onsetbot/build/lib/onsetbot/actuator_commands.py -> /home/gong/onset_ws/install/onsetbot/lib/python3.10/site-packages/onsetbot
[4.887s] byte-compiling /home/gong/onset_ws/install/onsetbot/lib/python3.10/site-packages/onsetbot/actuator_commands.py to actuator_commands.cpython-310.pyc
[4.908s] running install_data
[4.910s] copying resource/onsetbot -> /home/gong/onset_ws/install/onsetbot/share/ament_index/resource_index/packages
[4.911s] copying package.xml -> /home/gong/onset_ws/install/onsetbot/share/onsetbot
[4.913s] copying launch/onset_launch.launch.py -> /home/gong/onset_ws/install/onsetbot/share/onsetbot/launch
[4.914s] running install_egg_info
[5.001s] removing '/home/gong/onset_ws/install/onsetbot/lib/python3.10/site-packages/onsetbot-0.0.0-py3.10.egg-info' (and everything under it)
[5.003s] Copying ../../build/onsetbot/onsetbot.egg-info to /home/gong/onset_ws/install/onsetbot/lib/python3.10/site-packages/onsetbot-0.0.0-py3.10.egg-info
[5.013s] running install_scripts
[5.158s] Installing actuator_command script to /home/gong/onset_ws/install/onsetbot/lib/onsetbot
[5.160s] Installing actuator_commands script to /home/gong/onset_ws/install/onsetbot/lib/onsetbot
[5.161s] Installing odrive_can_bridge script to /home/gong/onset_ws/install/onsetbot/lib/onsetbot
[5.162s] Installing onset_gui script to /home/gong/onset_ws/install/onsetbot/lib/onsetbot
[5.163s] Installing stm32_bridge script to /home/gong/onset_ws/install/onsetbot/lib/onsetbot
[5.166s] writing list of installed files to '/home/gong/onset_ws/build/onsetbot/install.log'
[5.292s] Invoked command in '/home/gong/onset_ws/src/onsetbot' returned '0': PYTHONPATH=/home/gong/onset_ws/build/onsetbot/prefix_override:/usr/lib/python3/dist-packages/colcon_core/task/python/colcon_distutils_commands:/home/gong/onset_ws/install/onsetbot/lib/python3.10/site-packages:${PYTHONPATH} /usr/bin/python3 -W ignore:setup.py install is deprecated -W ignore:easy_install command is deprecated setup.py egg_info --egg-base ../../build/onsetbot build --build-base /home/gong/onset_ws/build/onsetbot/build install --record /home/gong/onset_ws/build/onsetbot/install.log --single-version-externally-managed install_data
