[0.090s] Invoking command in '/home/gong/onset_ws/build/onset_interfaces': CMAKE_PREFIX_PATH=${CMAKE_PREFIX_PATH}:/home/gong/onset_ws/install/onsetbot:/home/gong/ros2_ws/install/odrive_tools:/opt/ros/humble /usr/bin/cmake --build /home/gong/onset_ws/build/onset_interfaces -- -j4 -l4
[0.420s] -- Found ament_cmake: 1.3.13 (/opt/ros/humble/share/ament_cmake/cmake)
[1.080s] -- Override CMake install command with custom implementation using symlinks instead of copying resources
[1.160s] -- Found rosidl_default_generators: 1.2.0 (/opt/ros/humble/share/rosidl_default_generators/cmake)
[1.188s] -- Using all available rosidl_typesupport_c: rosidl_typesupport_fastrtps_c;rosidl_typesupport_introspection_c
[1.205s] -- Found rosidl_adapter: 3.1.8 (/opt/ros/humble/share/rosidl_adapter/cmake)
[1.439s] -- Using all available rosidl_typesupport_cpp: rosidl_typesupport_fastrtps_cpp;rosidl_typesupport_introspection_cpp
[2.986s] -- Found ament_cmake_ros: 0.10.0 (/opt/ros/humble/share/ament_cmake_ros/cmake)
[3.922s] -- Using all available rosidl_typesupport_c: rosidl_typesupport_fastrtps_c;rosidl_typesupport_introspection_c
[5.119s] -- Using all available rosidl_typesupport_cpp: rosidl_typesupport_fastrtps_cpp;rosidl_typesupport_introspection_cpp
[5.223s] -- Found python_cmake_module: 0.10.0 (/opt/ros/humble/share/python_cmake_module/cmake)
[5.327s] -- Using PYTHON_EXECUTABLE: /usr/bin/python3
[5.328s] -- Using PYTHON_INCLUDE_DIRS: /usr/include/python3.10
[5.328s] -- Using PYTHON_LIBRARIES: /usr/lib/aarch64-linux-gnu/libpython3.10.so
[5.493s] -- Configuring done
[5.774s] -- Generating done
[5.826s] -- Build files have been written to: /home/gong/onset_ws/build/onset_interfaces
[5.995s] [  1%] [34m[1mGenerating C code for ROS interfaces[0m
[6.075s] [  3%] [34m[1mGenerating C++ code for ROS interfaces[0m
[6.148s] [  3%] Built target ament_cmake_python_symlink_onset_interfaces
[7.574s] running egg_info
[7.671s] writing onset_interfaces.egg-info/PKG-INFO
[7.674s] writing dependency_links to onset_interfaces.egg-info/dependency_links.txt
[7.676s] writing top-level names to onset_interfaces.egg-info/top_level.txt
[7.976s] reading manifest file 'onset_interfaces.egg-info/SOURCES.txt'
[7.983s] writing manifest file 'onset_interfaces.egg-info/SOURCES.txt'
[8.294s] [  3%] Built target ament_cmake_python_build_onset_interfaces_egg
[9.045s] [35m[1mConsolidate compiler generated dependencies of target onset_interfaces__rosidl_generator_c[0m
[9.143s] [  3%] Built target onset_interfaces__cpp
[9.222s] [  4%] [34m[1mGenerating C++ type support dispatch for ROS interfaces[0m
[9.227s] [  6%] [34m[1mGenerating C++ type support for eProsima Fast-RTPS[0m
[9.252s] [  7%] [32mBuilding C object CMakeFiles/onset_interfaces__rosidl_generator_c.dir/rosidl_generator_c/onset_interfaces/msg/detail/launch_command__functions.c.o[0m
[9.254s] [  9%] [34m[1mGenerating C++ introspection for ROS interfaces[0m
[10.331s] [ 11%] [32mBuilding C object CMakeFiles/onset_interfaces__rosidl_generator_c.dir/rosidl_generator_c/onset_interfaces/msg/detail/onset_status__functions.c.o[0m
[10.670s] [ 12%] [32mBuilding C object CMakeFiles/onset_interfaces__rosidl_generator_c.dir/rosidl_generator_c/onset_interfaces/msg/detail/stm32_message__functions.c.o[0m
[11.084s] [ 14%] [32mBuilding C object CMakeFiles/onset_interfaces__rosidl_generator_c.dir/rosidl_generator_c/onset_interfaces/msg/detail/stm32_state__functions.c.o[0m
[11.349s] [35m[1mConsolidate compiler generated dependencies of target onset_interfaces__rosidl_typesupport_cpp[0m
[11.479s] [ 15%] [32mBuilding CXX object CMakeFiles/onset_interfaces__rosidl_typesupport_cpp.dir/rosidl_typesupport_cpp/onset_interfaces/msg/launch_command__type_support.cpp.o[0m
[11.489s] [ 17%] [32mBuilding C object CMakeFiles/onset_interfaces__rosidl_generator_c.dir/rosidl_generator_c/onset_interfaces/msg/detail/home_command__functions.c.o[0m
[11.815s] [ 19%] [32m[1mLinking C shared library libonset_interfaces__rosidl_generator_c.so[0m
[11.883s] [35m[1mConsolidate compiler generated dependencies of target onset_interfaces__rosidl_typesupport_introspection_cpp[0m
[11.957s] [35m[1mConsolidate compiler generated dependencies of target onset_interfaces__rosidl_typesupport_fastrtps_cpp[0m
[12.008s] [ 20%] [32mBuilding CXX object CMakeFiles/onset_interfaces__rosidl_typesupport_introspection_cpp.dir/rosidl_typesupport_introspection_cpp/onset_interfaces/msg/detail/launch_command__type_support.cpp.o[0m
[12.163s] [ 22%] [32mBuilding CXX object CMakeFiles/onset_interfaces__rosidl_typesupport_fastrtps_cpp.dir/rosidl_typesupport_fastrtps_cpp/onset_interfaces/msg/detail/dds_fastrtps/launch_command__type_support.cpp.o[0m
[12.397s] [ 22%] Built target onset_interfaces__rosidl_generator_c
[12.459s] [ 23%] [32mBuilding CXX object CMakeFiles/onset_interfaces__rosidl_typesupport_introspection_cpp.dir/rosidl_typesupport_introspection_cpp/onset_interfaces/msg/detail/onset_status__type_support.cpp.o[0m
[15.560s] [ 25%] [32mBuilding CXX object CMakeFiles/onset_interfaces__rosidl_typesupport_cpp.dir/rosidl_typesupport_cpp/onset_interfaces/msg/onset_status__type_support.cpp.o[0m
[16.423s] [ 26%] [32mBuilding CXX object CMakeFiles/onset_interfaces__rosidl_typesupport_fastrtps_cpp.dir/rosidl_typesupport_fastrtps_cpp/onset_interfaces/msg/detail/dds_fastrtps/onset_status__type_support.cpp.o[0m
[16.468s] [ 28%] [32mBuilding CXX object CMakeFiles/onset_interfaces__rosidl_typesupport_introspection_cpp.dir/rosidl_typesupport_introspection_cpp/onset_interfaces/msg/detail/stm32_message__type_support.cpp.o[0m
[16.561s] [ 30%] [32mBuilding CXX object CMakeFiles/onset_interfaces__rosidl_typesupport_introspection_cpp.dir/rosidl_typesupport_introspection_cpp/onset_interfaces/msg/detail/stm32_state__type_support.cpp.o[0m
[17.599s] [ 31%] [32mBuilding CXX object CMakeFiles/onset_interfaces__rosidl_typesupport_cpp.dir/rosidl_typesupport_cpp/onset_interfaces/msg/stm32_message__type_support.cpp.o[0m
[19.371s] [ 33%] [32mBuilding CXX object CMakeFiles/onset_interfaces__rosidl_typesupport_fastrtps_cpp.dir/rosidl_typesupport_fastrtps_cpp/onset_interfaces/msg/detail/dds_fastrtps/stm32_message__type_support.cpp.o[0m
[19.457s] [ 34%] [32mBuilding CXX object CMakeFiles/onset_interfaces__rosidl_typesupport_introspection_cpp.dir/rosidl_typesupport_introspection_cpp/onset_interfaces/msg/detail/home_command__type_support.cpp.o[0m
[19.703s] [ 36%] [32mBuilding CXX object CMakeFiles/onset_interfaces__rosidl_typesupport_fastrtps_cpp.dir/rosidl_typesupport_fastrtps_cpp/onset_interfaces/msg/detail/dds_fastrtps/stm32_state__type_support.cpp.o[0m
[19.756s] [ 38%] [32mBuilding CXX object CMakeFiles/onset_interfaces__rosidl_typesupport_cpp.dir/rosidl_typesupport_cpp/onset_interfaces/msg/stm32_state__type_support.cpp.o[0m
[21.871s] [ 39%] [32mBuilding CXX object CMakeFiles/onset_interfaces__rosidl_typesupport_cpp.dir/rosidl_typesupport_cpp/onset_interfaces/msg/home_command__type_support.cpp.o[0m
[22.221s] [ 41%] [32m[1mLinking CXX shared library libonset_interfaces__rosidl_typesupport_introspection_cpp.so[0m
[22.345s] [ 42%] [32mBuilding CXX object CMakeFiles/onset_interfaces__rosidl_typesupport_fastrtps_cpp.dir/rosidl_typesupport_fastrtps_cpp/onset_interfaces/msg/detail/dds_fastrtps/home_command__type_support.cpp.o[0m
[22.552s] [ 42%] Built target onset_interfaces__rosidl_typesupport_introspection_cpp
[22.641s] [ 44%] [34m[1mGenerating C type support for eProsima Fast-RTPS[0m
[23.042s] [ 46%] [34m[1mGenerating C introspection for ROS interfaces[0m
[23.855s] [ 47%] [32m[1mLinking CXX shared library libonset_interfaces__rosidl_typesupport_cpp.so[0m
[24.206s] [ 47%] Built target onset_interfaces__rosidl_typesupport_cpp
[24.309s] [ 49%] [34m[1mGenerating C type support dispatch for ROS interfaces[0m
[25.476s] [ 50%] [32m[1mLinking CXX shared library libonset_interfaces__rosidl_typesupport_fastrtps_cpp.so[0m
[25.804s] [35m[1mConsolidate compiler generated dependencies of target onset_interfaces__rosidl_typesupport_fastrtps_c[0m
[25.962s] [ 52%] [32mBuilding CXX object CMakeFiles/onset_interfaces__rosidl_typesupport_fastrtps_c.dir/rosidl_typesupport_fastrtps_c/onset_interfaces/msg/detail/launch_command__type_support_c.cpp.o[0m
[26.021s] [ 52%] Built target onset_interfaces__rosidl_typesupport_fastrtps_cpp
[26.088s] [35m[1mConsolidate compiler generated dependencies of target onset_interfaces__rosidl_typesupport_introspection_c[0m
[26.095s] [ 53%] [32mBuilding CXX object CMakeFiles/onset_interfaces__rosidl_typesupport_fastrtps_c.dir/rosidl_typesupport_fastrtps_c/onset_interfaces/msg/detail/onset_status__type_support_c.cpp.o[0m
[26.185s] [ 55%] [32mBuilding C object CMakeFiles/onset_interfaces__rosidl_typesupport_introspection_c.dir/rosidl_typesupport_introspection_c/onset_interfaces/msg/detail/launch_command__type_support.c.o[0m
[26.462s] [ 57%] [32mBuilding C object CMakeFiles/onset_interfaces__rosidl_typesupport_introspection_c.dir/rosidl_typesupport_introspection_c/onset_interfaces/msg/detail/onset_status__type_support.c.o[0m
[26.654s] [35m[1mConsolidate compiler generated dependencies of target onset_interfaces__rosidl_typesupport_c[0m
[26.722s] [ 58%] [32mBuilding C object CMakeFiles/onset_interfaces__rosidl_typesupport_introspection_c.dir/rosidl_typesupport_introspection_c/onset_interfaces/msg/detail/stm32_message__type_support.c.o[0m
[26.753s] [ 60%] [32mBuilding CXX object CMakeFiles/onset_interfaces__rosidl_typesupport_c.dir/rosidl_typesupport_c/onset_interfaces/msg/launch_command__type_support.cpp.o[0m
[26.995s] [ 61%] [32mBuilding C object CMakeFiles/onset_interfaces__rosidl_typesupport_introspection_c.dir/rosidl_typesupport_introspection_c/onset_interfaces/msg/detail/stm32_state__type_support.c.o[0m
[27.006s] [ 63%] [32mBuilding CXX object CMakeFiles/onset_interfaces__rosidl_typesupport_c.dir/rosidl_typesupport_c/onset_interfaces/msg/onset_status__type_support.cpp.o[0m
[27.270s] [ 65%] [32mBuilding CXX object CMakeFiles/onset_interfaces__rosidl_typesupport_c.dir/rosidl_typesupport_c/onset_interfaces/msg/stm32_message__type_support.cpp.o[0m
[27.286s] [ 66%] [32mBuilding C object CMakeFiles/onset_interfaces__rosidl_typesupport_introspection_c.dir/rosidl_typesupport_introspection_c/onset_interfaces/msg/detail/home_command__type_support.c.o[0m
[27.542s] [ 68%] [32mBuilding CXX object CMakeFiles/onset_interfaces__rosidl_typesupport_c.dir/rosidl_typesupport_c/onset_interfaces/msg/stm32_state__type_support.cpp.o[0m
[27.577s] [ 69%] [32m[1mLinking C shared library libonset_interfaces__rosidl_typesupport_introspection_c.so[0m
[27.800s] [ 71%] [32mBuilding CXX object CMakeFiles/onset_interfaces__rosidl_typesupport_c.dir/rosidl_typesupport_c/onset_interfaces/msg/home_command__type_support.cpp.o[0m
[27.884s] [ 71%] Built target onset_interfaces__rosidl_typesupport_introspection_c
[27.972s] [ 73%] [32mBuilding CXX object CMakeFiles/onset_interfaces__rosidl_typesupport_fastrtps_c.dir/rosidl_typesupport_fastrtps_c/onset_interfaces/msg/detail/stm32_message__type_support_c.cpp.o[0m
[28.046s] [ 74%] [32m[1mLinking CXX shared library libonset_interfaces__rosidl_typesupport_c.so[0m
[28.337s] [ 74%] Built target onset_interfaces__rosidl_typesupport_c
[28.404s] [ 76%] [32mBuilding CXX object CMakeFiles/onset_interfaces__rosidl_typesupport_fastrtps_c.dir/rosidl_typesupport_fastrtps_c/onset_interfaces/msg/detail/stm32_state__type_support_c.cpp.o[0m
[28.412s] [ 77%] [32mBuilding CXX object CMakeFiles/onset_interfaces__rosidl_typesupport_fastrtps_c.dir/rosidl_typesupport_fastrtps_c/onset_interfaces/msg/detail/home_command__type_support_c.cpp.o[0m
[30.388s] [ 79%] [32m[1mLinking CXX shared library libonset_interfaces__rosidl_typesupport_fastrtps_c.so[0m
[30.810s] [ 79%] Built target onset_interfaces__rosidl_typesupport_fastrtps_c
[30.957s] [ 79%] Built target onset_interfaces
[31.111s] [ 80%] [34m[1mGenerating Python code for ROS interfaces[0m
[34.001s] [ 80%] Built target onset_interfaces__py
[34.082s] [35m[1mConsolidate compiler generated dependencies of target onset_interfaces__rosidl_generator_py[0m
[34.206s] [ 84%] [32mBuilding C object CMakeFiles/onset_interfaces__rosidl_generator_py.dir/rosidl_generator_py/onset_interfaces/msg/_onset_status_s.c.o[0m
[34.208s] [ 84%] [32mBuilding C object CMakeFiles/onset_interfaces__rosidl_generator_py.dir/rosidl_generator_py/onset_interfaces/msg/_launch_command_s.c.o[0m
[34.213s] [ 85%] [32mBuilding C object CMakeFiles/onset_interfaces__rosidl_generator_py.dir/rosidl_generator_py/onset_interfaces/msg/_stm32_message_s.c.o[0m
[34.223s] [ 87%] [32mBuilding C object CMakeFiles/onset_interfaces__rosidl_generator_py.dir/rosidl_generator_py/onset_interfaces/msg/_stm32_state_s.c.o[0m
[35.006s] [ 88%] [32mBuilding C object CMakeFiles/onset_interfaces__rosidl_generator_py.dir/rosidl_generator_py/onset_interfaces/msg/_home_command_s.c.o[0m
[35.522s] [ 90%] [32m[1mLinking C shared library rosidl_generator_py/onset_interfaces/libonset_interfaces__rosidl_generator_py.so[0m
[35.780s] [ 90%] Built target onset_interfaces__rosidl_generator_py
[35.863s] [35m[1mConsolidate compiler generated dependencies of target onset_interfaces__rosidl_typesupport_fastrtps_c__pyext[0m
[35.864s] [35m[1mConsolidate compiler generated dependencies of target onset_interfaces__rosidl_typesupport_c__pyext[0m
[35.868s] [35m[1mConsolidate compiler generated dependencies of target onset_interfaces__rosidl_typesupport_introspection_c__pyext[0m
[35.963s] [ 92%] [32mBuilding C object CMakeFiles/onset_interfaces__rosidl_typesupport_c__pyext.dir/rosidl_generator_py/onset_interfaces/_onset_interfaces_s.ep.rosidl_typesupport_c.c.o[0m
[35.967s] [ 93%] [32mBuilding C object CMakeFiles/onset_interfaces__rosidl_typesupport_introspection_c__pyext.dir/rosidl_generator_py/onset_interfaces/_onset_interfaces_s.ep.rosidl_typesupport_introspection_c.c.o[0m
[35.971s] [ 95%] [32mBuilding C object CMakeFiles/onset_interfaces__rosidl_typesupport_fastrtps_c__pyext.dir/rosidl_generator_py/onset_interfaces/_onset_interfaces_s.ep.rosidl_typesupport_fastrtps_c.c.o[0m
[36.574s] [ 96%] [32m[1mLinking C shared library rosidl_generator_py/onset_interfaces/onset_interfaces_s__rosidl_typesupport_c.cpython-310-aarch64-linux-gnu.so[0m
[36.588s] [ 98%] [32m[1mLinking C shared library rosidl_generator_py/onset_interfaces/onset_interfaces_s__rosidl_typesupport_introspection_c.cpython-310-aarch64-linux-gnu.so[0m
[36.626s] [100%] [32m[1mLinking C shared library rosidl_generator_py/onset_interfaces/onset_interfaces_s__rosidl_typesupport_fastrtps_c.cpython-310-aarch64-linux-gnu.so[0m
[36.829s] [100%] Built target onset_interfaces__rosidl_typesupport_c__pyext
[36.860s] [100%] Built target onset_interfaces__rosidl_typesupport_introspection_c__pyext
[36.886s] [100%] Built target onset_interfaces__rosidl_typesupport_fastrtps_c__pyext
[36.959s] Invoked command in '/home/gong/onset_ws/build/onset_interfaces' returned '0': CMAKE_PREFIX_PATH=${CMAKE_PREFIX_PATH}:/home/gong/onset_ws/install/onsetbot:/home/gong/ros2_ws/install/odrive_tools:/opt/ros/humble /usr/bin/cmake --build /home/gong/onset_ws/build/onset_interfaces -- -j4 -l4
[37.025s] Invoking command in '/home/gong/onset_ws/build/onset_interfaces': CMAKE_PREFIX_PATH=${CMAKE_PREFIX_PATH}:/home/gong/onset_ws/install/onsetbot:/home/gong/ros2_ws/install/odrive_tools:/opt/ros/humble /usr/bin/cmake --install /home/gong/onset_ws/build/onset_interfaces
[37.075s] -- Install configuration: ""
[37.077s] -- Execute custom install script
[37.080s] -- Up-to-date symlink: /home/gong/onset_ws/install/onset_interfaces/share/ament_index/resource_index/rosidl_interfaces/onset_interfaces
[37.086s] -- Up-to-date symlink: /home/gong/onset_ws/install/onset_interfaces/include/onset_interfaces/onset_interfaces/msg/detail/home_command__functions.h
[37.088s] -- Up-to-date symlink: /home/gong/onset_ws/install/onset_interfaces/include/onset_interfaces/onset_interfaces/msg/detail/home_command__struct.h
[37.089s] -- Up-to-date symlink: /home/gong/onset_ws/install/onset_interfaces/include/onset_interfaces/onset_interfaces/msg/detail/home_command__type_support.h
[37.090s] -- Up-to-date symlink: /home/gong/onset_ws/install/onset_interfaces/include/onset_interfaces/onset_interfaces/msg/detail/launch_command__functions.h
[37.091s] -- Up-to-date symlink: /home/gong/onset_ws/install/onset_interfaces/include/onset_interfaces/onset_interfaces/msg/detail/launch_command__struct.h
[37.092s] -- Up-to-date symlink: /home/gong/onset_ws/install/onset_interfaces/include/onset_interfaces/onset_interfaces/msg/detail/launch_command__type_support.h
[37.094s] -- Up-to-date symlink: /home/gong/onset_ws/install/onset_interfaces/include/onset_interfaces/onset_interfaces/msg/detail/onset_status__functions.h
[37.095s] -- Up-to-date symlink: /home/gong/onset_ws/install/onset_interfaces/include/onset_interfaces/onset_interfaces/msg/detail/onset_status__struct.h
[37.097s] -- Up-to-date symlink: /home/gong/onset_ws/install/onset_interfaces/include/onset_interfaces/onset_interfaces/msg/detail/onset_status__type_support.h
[37.098s] -- Up-to-date symlink: /home/gong/onset_ws/install/onset_interfaces/include/onset_interfaces/onset_interfaces/msg/detail/stm32_message__functions.h
[37.099s] -- Up-to-date symlink: /home/gong/onset_ws/install/onset_interfaces/include/onset_interfaces/onset_interfaces/msg/detail/stm32_message__struct.h
[37.100s] -- Up-to-date symlink: /home/gong/onset_ws/install/onset_interfaces/include/onset_interfaces/onset_interfaces/msg/detail/stm32_message__type_support.h
[37.102s] -- Up-to-date symlink: /home/gong/onset_ws/install/onset_interfaces/include/onset_interfaces/onset_interfaces/msg/detail/stm32_state__functions.h
[37.103s] -- Up-to-date symlink: /home/gong/onset_ws/install/onset_interfaces/include/onset_interfaces/onset_interfaces/msg/detail/stm32_state__struct.h
[37.105s] -- Up-to-date symlink: /home/gong/onset_ws/install/onset_interfaces/include/onset_interfaces/onset_interfaces/msg/detail/stm32_state__type_support.h
[37.106s] -- Up-to-date symlink: /home/gong/onset_ws/install/onset_interfaces/include/onset_interfaces/onset_interfaces/msg/home_command.h
[37.108s] -- Up-to-date symlink: /home/gong/onset_ws/install/onset_interfaces/include/onset_interfaces/onset_interfaces/msg/launch_command.h
[37.109s] -- Up-to-date symlink: /home/gong/onset_ws/install/onset_interfaces/include/onset_interfaces/onset_interfaces/msg/onset_status.h
[37.111s] -- Up-to-date symlink: /home/gong/onset_ws/install/onset_interfaces/include/onset_interfaces/onset_interfaces/msg/rosidl_generator_c__visibility_control.h
[37.112s] -- Up-to-date symlink: /home/gong/onset_ws/install/onset_interfaces/include/onset_interfaces/onset_interfaces/msg/stm32_message.h
[37.113s] -- Up-to-date symlink: /home/gong/onset_ws/install/onset_interfaces/include/onset_interfaces/onset_interfaces/msg/stm32_state.h
[37.115s] -- Up-to-date symlink: /home/gong/onset_ws/install/onset_interfaces/share/onset_interfaces/environment/library_path.sh
[37.117s] -- Up-to-date symlink: /home/gong/onset_ws/install/onset_interfaces/share/onset_interfaces/environment/library_path.dsv
[37.123s] -- Up-to-date symlink: /home/gong/onset_ws/install/onset_interfaces/include/onset_interfaces/onset_interfaces/msg/detail/home_command__rosidl_typesupport_fastrtps_c.h
[37.124s] -- Up-to-date symlink: /home/gong/onset_ws/install/onset_interfaces/include/onset_interfaces/onset_interfaces/msg/detail/launch_command__rosidl_typesupport_fastrtps_c.h
[37.125s] -- Up-to-date symlink: /home/gong/onset_ws/install/onset_interfaces/include/onset_interfaces/onset_interfaces/msg/detail/onset_status__rosidl_typesupport_fastrtps_c.h
[37.127s] -- Up-to-date symlink: /home/gong/onset_ws/install/onset_interfaces/include/onset_interfaces/onset_interfaces/msg/detail/stm32_message__rosidl_typesupport_fastrtps_c.h
[37.129s] -- Up-to-date symlink: /home/gong/onset_ws/install/onset_interfaces/include/onset_interfaces/onset_interfaces/msg/detail/stm32_state__rosidl_typesupport_fastrtps_c.h
[37.130s] -- Up-to-date symlink: /home/gong/onset_ws/install/onset_interfaces/include/onset_interfaces/onset_interfaces/msg/rosidl_typesupport_fastrtps_c__visibility_control.h
[37.135s] -- Up-to-date symlink: /home/gong/onset_ws/install/onset_interfaces/include/onset_interfaces/onset_interfaces/msg/detail/home_command__rosidl_typesupport_introspection_c.h
[37.136s] -- Up-to-date symlink: /home/gong/onset_ws/install/onset_interfaces/include/onset_interfaces/onset_interfaces/msg/detail/launch_command__rosidl_typesupport_introspection_c.h
[37.138s] -- Up-to-date symlink: /home/gong/onset_ws/install/onset_interfaces/include/onset_interfaces/onset_interfaces/msg/detail/onset_status__rosidl_typesupport_introspection_c.h
[37.140s] -- Up-to-date symlink: /home/gong/onset_ws/install/onset_interfaces/include/onset_interfaces/onset_interfaces/msg/detail/stm32_message__rosidl_typesupport_introspection_c.h
[37.141s] -- Up-to-date symlink: /home/gong/onset_ws/install/onset_interfaces/include/onset_interfaces/onset_interfaces/msg/detail/stm32_state__rosidl_typesupport_introspection_c.h
[37.143s] -- Up-to-date symlink: /home/gong/onset_ws/install/onset_interfaces/include/onset_interfaces/onset_interfaces/msg/rosidl_typesupport_introspection_c__visibility_control.h
[37.147s] -- Up-to-date symlink: /home/gong/onset_ws/install/onset_interfaces/include/onset_interfaces/onset_interfaces/msg/detail/home_command__builder.hpp
[37.149s] -- Up-to-date symlink: /home/gong/onset_ws/install/onset_interfaces/include/onset_interfaces/onset_interfaces/msg/detail/home_command__struct.hpp
[37.150s] -- Up-to-date symlink: /home/gong/onset_ws/install/onset_interfaces/include/onset_interfaces/onset_interfaces/msg/detail/home_command__traits.hpp
[37.152s] -- Up-to-date symlink: /home/gong/onset_ws/install/onset_interfaces/include/onset_interfaces/onset_interfaces/msg/detail/home_command__type_support.hpp
[37.153s] -- Up-to-date symlink: /home/gong/onset_ws/install/onset_interfaces/include/onset_interfaces/onset_interfaces/msg/detail/launch_command__builder.hpp
[37.155s] -- Up-to-date symlink: /home/gong/onset_ws/install/onset_interfaces/include/onset_interfaces/onset_interfaces/msg/detail/launch_command__struct.hpp
[37.157s] -- Up-to-date symlink: /home/gong/onset_ws/install/onset_interfaces/include/onset_interfaces/onset_interfaces/msg/detail/launch_command__traits.hpp
[37.159s] -- Up-to-date symlink: /home/gong/onset_ws/install/onset_interfaces/include/onset_interfaces/onset_interfaces/msg/detail/launch_command__type_support.hpp
[37.162s] -- Up-to-date symlink: /home/gong/onset_ws/install/onset_interfaces/include/onset_interfaces/onset_interfaces/msg/detail/onset_status__builder.hpp
[37.164s] -- Up-to-date symlink: /home/gong/onset_ws/install/onset_interfaces/include/onset_interfaces/onset_interfaces/msg/detail/onset_status__struct.hpp
[37.165s] -- Up-to-date symlink: /home/gong/onset_ws/install/onset_interfaces/include/onset_interfaces/onset_interfaces/msg/detail/onset_status__traits.hpp
[37.167s] -- Up-to-date symlink: /home/gong/onset_ws/install/onset_interfaces/include/onset_interfaces/onset_interfaces/msg/detail/onset_status__type_support.hpp
[37.169s] -- Up-to-date symlink: /home/gong/onset_ws/install/onset_interfaces/include/onset_interfaces/onset_interfaces/msg/detail/stm32_message__builder.hpp
[37.170s] -- Up-to-date symlink: /home/gong/onset_ws/install/onset_interfaces/include/onset_interfaces/onset_interfaces/msg/detail/stm32_message__struct.hpp
[37.171s] -- Up-to-date symlink: /home/gong/onset_ws/install/onset_interfaces/include/onset_interfaces/onset_interfaces/msg/detail/stm32_message__traits.hpp
[37.173s] -- Up-to-date symlink: /home/gong/onset_ws/install/onset_interfaces/include/onset_interfaces/onset_interfaces/msg/detail/stm32_message__type_support.hpp
[37.175s] -- Up-to-date symlink: /home/gong/onset_ws/install/onset_interfaces/include/onset_interfaces/onset_interfaces/msg/detail/stm32_state__builder.hpp
[37.177s] -- Up-to-date symlink: /home/gong/onset_ws/install/onset_interfaces/include/onset_interfaces/onset_interfaces/msg/detail/stm32_state__struct.hpp
[37.178s] -- Up-to-date symlink: /home/gong/onset_ws/install/onset_interfaces/include/onset_interfaces/onset_interfaces/msg/detail/stm32_state__traits.hpp
[37.180s] -- Up-to-date symlink: /home/gong/onset_ws/install/onset_interfaces/include/onset_interfaces/onset_interfaces/msg/detail/stm32_state__type_support.hpp
[37.181s] -- Up-to-date symlink: /home/gong/onset_ws/install/onset_interfaces/include/onset_interfaces/onset_interfaces/msg/home_command.hpp
[37.183s] -- Up-to-date symlink: /home/gong/onset_ws/install/onset_interfaces/include/onset_interfaces/onset_interfaces/msg/launch_command.hpp
[37.184s] -- Up-to-date symlink: /home/gong/onset_ws/install/onset_interfaces/include/onset_interfaces/onset_interfaces/msg/onset_status.hpp
[37.186s] -- Up-to-date symlink: /home/gong/onset_ws/install/onset_interfaces/include/onset_interfaces/onset_interfaces/msg/rosidl_generator_cpp__visibility_control.hpp
[37.187s] -- Up-to-date symlink: /home/gong/onset_ws/install/onset_interfaces/include/onset_interfaces/onset_interfaces/msg/stm32_message.hpp
[37.189s] -- Up-to-date symlink: /home/gong/onset_ws/install/onset_interfaces/include/onset_interfaces/onset_interfaces/msg/stm32_state.hpp
[37.195s] -- Up-to-date symlink: /home/gong/onset_ws/install/onset_interfaces/include/onset_interfaces/onset_interfaces/msg/detail/home_command__rosidl_typesupport_fastrtps_cpp.hpp
[37.197s] -- Up-to-date symlink: /home/gong/onset_ws/install/onset_interfaces/include/onset_interfaces/onset_interfaces/msg/detail/launch_command__rosidl_typesupport_fastrtps_cpp.hpp
[37.199s] -- Up-to-date symlink: /home/gong/onset_ws/install/onset_interfaces/include/onset_interfaces/onset_interfaces/msg/detail/onset_status__rosidl_typesupport_fastrtps_cpp.hpp
[37.201s] -- Up-to-date symlink: /home/gong/onset_ws/install/onset_interfaces/include/onset_interfaces/onset_interfaces/msg/detail/stm32_message__rosidl_typesupport_fastrtps_cpp.hpp
[37.202s] -- Up-to-date symlink: /home/gong/onset_ws/install/onset_interfaces/include/onset_interfaces/onset_interfaces/msg/detail/stm32_state__rosidl_typesupport_fastrtps_cpp.hpp
[37.204s] -- Up-to-date symlink: /home/gong/onset_ws/install/onset_interfaces/include/onset_interfaces/onset_interfaces/msg/rosidl_typesupport_fastrtps_cpp__visibility_control.h
[37.209s] -- Up-to-date symlink: /home/gong/onset_ws/install/onset_interfaces/include/onset_interfaces/onset_interfaces/msg/detail/home_command__rosidl_typesupport_introspection_cpp.hpp
[37.211s] -- Up-to-date symlink: /home/gong/onset_ws/install/onset_interfaces/include/onset_interfaces/onset_interfaces/msg/detail/launch_command__rosidl_typesupport_introspection_cpp.hpp
[37.213s] -- Up-to-date symlink: /home/gong/onset_ws/install/onset_interfaces/include/onset_interfaces/onset_interfaces/msg/detail/onset_status__rosidl_typesupport_introspection_cpp.hpp
[37.214s] -- Up-to-date symlink: /home/gong/onset_ws/install/onset_interfaces/include/onset_interfaces/onset_interfaces/msg/detail/stm32_message__rosidl_typesupport_introspection_cpp.hpp
[37.216s] -- Up-to-date symlink: /home/gong/onset_ws/install/onset_interfaces/include/onset_interfaces/onset_interfaces/msg/detail/stm32_state__rosidl_typesupport_introspection_cpp.hpp
[37.218s] -- Up-to-date symlink: /home/gong/onset_ws/install/onset_interfaces/share/onset_interfaces/environment/pythonpath.sh
[37.219s] -- Up-to-date symlink: /home/gong/onset_ws/install/onset_interfaces/share/onset_interfaces/environment/pythonpath.dsv
[37.221s] -- Up-to-date symlink: /home/gong/onset_ws/install/onset_interfaces/local/lib/python3.10/dist-packages/onset_interfaces-0.0.0-py3.10.egg-info/PKG-INFO
[37.223s] -- Up-to-date symlink: /home/gong/onset_ws/install/onset_interfaces/local/lib/python3.10/dist-packages/onset_interfaces-0.0.0-py3.10.egg-info/SOURCES.txt
[37.225s] -- Up-to-date symlink: /home/gong/onset_ws/install/onset_interfaces/local/lib/python3.10/dist-packages/onset_interfaces-0.0.0-py3.10.egg-info/dependency_links.txt
[37.227s] -- Up-to-date symlink: /home/gong/onset_ws/install/onset_interfaces/local/lib/python3.10/dist-packages/onset_interfaces-0.0.0-py3.10.egg-info/top_level.txt
[37.234s] -- Up-to-date symlink: /home/gong/onset_ws/install/onset_interfaces/local/lib/python3.10/dist-packages/onset_interfaces/__init__.py
[37.236s] -- Up-to-date symlink: /home/gong/onset_ws/install/onset_interfaces/local/lib/python3.10/dist-packages/onset_interfaces/_onset_interfaces_s.ep.rosidl_typesupport_c.c
[37.237s] -- Up-to-date symlink: /home/gong/onset_ws/install/onset_interfaces/local/lib/python3.10/dist-packages/onset_interfaces/_onset_interfaces_s.ep.rosidl_typesupport_fastrtps_c.c
[37.239s] -- Up-to-date symlink: /home/gong/onset_ws/install/onset_interfaces/local/lib/python3.10/dist-packages/onset_interfaces/_onset_interfaces_s.ep.rosidl_typesupport_introspection_c.c
[37.240s] -- Up-to-date symlink: /home/gong/onset_ws/install/onset_interfaces/local/lib/python3.10/dist-packages/onset_interfaces/libonset_interfaces__rosidl_generator_py.so
[37.241s] -- Up-to-date symlink: /home/gong/onset_ws/install/onset_interfaces/local/lib/python3.10/dist-packages/onset_interfaces/msg/__init__.py
[37.242s] -- Up-to-date symlink: /home/gong/onset_ws/install/onset_interfaces/local/lib/python3.10/dist-packages/onset_interfaces/msg/_home_command.py
[37.243s] -- Up-to-date symlink: /home/gong/onset_ws/install/onset_interfaces/local/lib/python3.10/dist-packages/onset_interfaces/msg/_home_command_s.c
[37.244s] -- Up-to-date symlink: /home/gong/onset_ws/install/onset_interfaces/local/lib/python3.10/dist-packages/onset_interfaces/msg/_launch_command.py
[37.245s] -- Up-to-date symlink: /home/gong/onset_ws/install/onset_interfaces/local/lib/python3.10/dist-packages/onset_interfaces/msg/_launch_command_s.c
[37.246s] -- Up-to-date symlink: /home/gong/onset_ws/install/onset_interfaces/local/lib/python3.10/dist-packages/onset_interfaces/msg/_onset_status.py
[37.248s] -- Up-to-date symlink: /home/gong/onset_ws/install/onset_interfaces/local/lib/python3.10/dist-packages/onset_interfaces/msg/_onset_status_s.c
[37.249s] -- Up-to-date symlink: /home/gong/onset_ws/install/onset_interfaces/local/lib/python3.10/dist-packages/onset_interfaces/msg/_stm32_message.py
[37.250s] -- Up-to-date symlink: /home/gong/onset_ws/install/onset_interfaces/local/lib/python3.10/dist-packages/onset_interfaces/msg/_stm32_message_s.c
[37.251s] -- Up-to-date symlink: /home/gong/onset_ws/install/onset_interfaces/local/lib/python3.10/dist-packages/onset_interfaces/msg/_stm32_state.py
[37.253s] -- Up-to-date symlink: /home/gong/onset_ws/install/onset_interfaces/local/lib/python3.10/dist-packages/onset_interfaces/msg/_stm32_state_s.c
[37.254s] -- Up-to-date symlink: /home/gong/onset_ws/install/onset_interfaces/local/lib/python3.10/dist-packages/onset_interfaces/onset_interfaces_s__rosidl_typesupport_c.cpython-310-aarch64-linux-gnu.so
[37.255s] -- Up-to-date symlink: /home/gong/onset_ws/install/onset_interfaces/local/lib/python3.10/dist-packages/onset_interfaces/onset_interfaces_s__rosidl_typesupport_fastrtps_c.cpython-310-aarch64-linux-gnu.so
[37.257s] -- Up-to-date symlink: /home/gong/onset_ws/install/onset_interfaces/local/lib/python3.10/dist-packages/onset_interfaces/onset_interfaces_s__rosidl_typesupport_introspection_c.cpython-310-aarch64-linux-gnu.so
[37.259s] -- Up-to-date symlink: /home/gong/onset_ws/install/onset_interfaces/local/lib/python3.10/dist-packages/onset_interfaces/onset_interfaces_s__rosidl_typesupport_fastrtps_c.cpython-310-aarch64-linux-gnu.so
[37.262s] -- Up-to-date symlink: /home/gong/onset_ws/install/onset_interfaces/local/lib/python3.10/dist-packages/onset_interfaces/onset_interfaces_s__rosidl_typesupport_introspection_c.cpython-310-aarch64-linux-gnu.so
[37.264s] -- Up-to-date symlink: /home/gong/onset_ws/install/onset_interfaces/local/lib/python3.10/dist-packages/onset_interfaces/onset_interfaces_s__rosidl_typesupport_c.cpython-310-aarch64-linux-gnu.so
[37.266s] -- Up-to-date symlink: /home/gong/onset_ws/install/onset_interfaces/share/onset_interfaces/msg/LaunchCommand.idl
[37.268s] -- Up-to-date symlink: /home/gong/onset_ws/install/onset_interfaces/share/onset_interfaces/msg/OnsetStatus.idl
[37.269s] -- Up-to-date symlink: /home/gong/onset_ws/install/onset_interfaces/share/onset_interfaces/msg/STM32Message.idl
[37.271s] -- Up-to-date symlink: /home/gong/onset_ws/install/onset_interfaces/share/onset_interfaces/msg/STM32State.idl
[37.273s] -- Up-to-date symlink: /home/gong/onset_ws/install/onset_interfaces/share/onset_interfaces/msg/HomeCommand.idl
[37.274s] -- Up-to-date symlink: /home/gong/onset_ws/install/onset_interfaces/share/onset_interfaces/msg/LaunchCommand.msg
[37.276s] -- Up-to-date symlink: /home/gong/onset_ws/install/onset_interfaces/share/onset_interfaces/msg/OnsetStatus.msg
[37.277s] -- Up-to-date symlink: /home/gong/onset_ws/install/onset_interfaces/share/onset_interfaces/msg/STM32Message.msg
[37.278s] -- Up-to-date symlink: /home/gong/onset_ws/install/onset_interfaces/share/onset_interfaces/msg/STM32State.msg
[37.280s] -- Up-to-date symlink: /home/gong/onset_ws/install/onset_interfaces/share/onset_interfaces/msg/HomeCommand.msg
[37.282s] -- Up-to-date symlink: /home/gong/onset_ws/install/onset_interfaces/share/ament_index/resource_index/package_run_dependencies/onset_interfaces
[37.283s] -- Up-to-date symlink: /home/gong/onset_ws/install/onset_interfaces/share/ament_index/resource_index/parent_prefix_path/onset_interfaces
[37.286s] -- Up-to-date symlink: /home/gong/onset_ws/install/onset_interfaces/share/onset_interfaces/environment/ament_prefix_path.sh
[37.287s] -- Up-to-date symlink: /home/gong/onset_ws/install/onset_interfaces/share/onset_interfaces/environment/ament_prefix_path.dsv
[37.288s] -- Up-to-date symlink: /home/gong/onset_ws/install/onset_interfaces/share/onset_interfaces/environment/path.sh
[37.289s] -- Up-to-date symlink: /home/gong/onset_ws/install/onset_interfaces/share/onset_interfaces/environment/path.dsv
[37.290s] -- Up-to-date symlink: /home/gong/onset_ws/install/onset_interfaces/share/onset_interfaces/local_setup.bash
[37.292s] -- Up-to-date symlink: /home/gong/onset_ws/install/onset_interfaces/share/onset_interfaces/local_setup.sh
[37.293s] -- Up-to-date symlink: /home/gong/onset_ws/install/onset_interfaces/share/onset_interfaces/local_setup.zsh
[37.295s] -- Up-to-date symlink: /home/gong/onset_ws/install/onset_interfaces/share/onset_interfaces/local_setup.dsv
[37.296s] -- Symlinking: /home/gong/onset_ws/install/onset_interfaces/share/onset_interfaces/package.dsv
[37.349s] -- Up-to-date symlink: /home/gong/onset_ws/install/onset_interfaces/share/ament_index/resource_index/packages/onset_interfaces
[37.351s] -- Up-to-date symlink: /home/gong/onset_ws/install/onset_interfaces/share/onset_interfaces/cmake/rosidl_cmake-extras.cmake
[37.352s] -- Up-to-date symlink: /home/gong/onset_ws/install/onset_interfaces/share/onset_interfaces/cmake/ament_cmake_export_include_directories-extras.cmake
[37.354s] -- Up-to-date symlink: /home/gong/onset_ws/install/onset_interfaces/share/onset_interfaces/cmake/ament_cmake_export_libraries-extras.cmake
[37.357s] -- Up-to-date symlink: /home/gong/onset_ws/install/onset_interfaces/share/onset_interfaces/cmake/ament_cmake_export_targets-extras.cmake
[37.358s] -- Up-to-date symlink: /home/gong/onset_ws/install/onset_interfaces/share/onset_interfaces/cmake/rosidl_cmake_export_typesupport_targets-extras.cmake
[37.359s] -- Up-to-date symlink: /home/gong/onset_ws/install/onset_interfaces/share/onset_interfaces/cmake/ament_cmake_export_dependencies-extras.cmake
[37.361s] -- Up-to-date symlink: /home/gong/onset_ws/install/onset_interfaces/share/onset_interfaces/cmake/rosidl_cmake_export_typesupport_libraries-extras.cmake
[37.364s] -- Up-to-date symlink: /home/gong/onset_ws/install/onset_interfaces/share/onset_interfaces/cmake/onset_interfacesConfig.cmake
[37.365s] -- Up-to-date symlink: /home/gong/onset_ws/install/onset_interfaces/share/onset_interfaces/cmake/onset_interfacesConfig-version.cmake
[37.367s] -- Up-to-date symlink: /home/gong/onset_ws/install/onset_interfaces/share/onset_interfaces/package.xml
[37.369s] -- Installing: /home/gong/onset_ws/install/onset_interfaces/lib/libonset_interfaces__rosidl_generator_c.so
[37.372s] -- Set runtime path of "/home/gong/onset_ws/install/onset_interfaces/lib/libonset_interfaces__rosidl_generator_c.so" to ""
[37.375s] -- Installing: /home/gong/onset_ws/install/onset_interfaces/lib/libonset_interfaces__rosidl_typesupport_fastrtps_c.so
[37.378s] -- Set runtime path of "/home/gong/onset_ws/install/onset_interfaces/lib/libonset_interfaces__rosidl_typesupport_fastrtps_c.so" to ""
[37.380s] -- Installing: /home/gong/onset_ws/install/onset_interfaces/lib/libonset_interfaces__rosidl_typesupport_introspection_c.so
[37.383s] -- Set runtime path of "/home/gong/onset_ws/install/onset_interfaces/lib/libonset_interfaces__rosidl_typesupport_introspection_c.so" to ""
[37.385s] -- Installing: /home/gong/onset_ws/install/onset_interfaces/lib/libonset_interfaces__rosidl_typesupport_c.so
[37.388s] -- Set runtime path of "/home/gong/onset_ws/install/onset_interfaces/lib/libonset_interfaces__rosidl_typesupport_c.so" to ""
[37.392s] -- Installing: /home/gong/onset_ws/install/onset_interfaces/lib/libonset_interfaces__rosidl_typesupport_fastrtps_cpp.so
[37.395s] -- Set runtime path of "/home/gong/onset_ws/install/onset_interfaces/lib/libonset_interfaces__rosidl_typesupport_fastrtps_cpp.so" to ""
[37.397s] -- Installing: /home/gong/onset_ws/install/onset_interfaces/lib/libonset_interfaces__rosidl_typesupport_introspection_cpp.so
[37.400s] -- Set runtime path of "/home/gong/onset_ws/install/onset_interfaces/lib/libonset_interfaces__rosidl_typesupport_introspection_cpp.so" to ""
[37.401s] -- Installing: /home/gong/onset_ws/install/onset_interfaces/lib/libonset_interfaces__rosidl_typesupport_cpp.so
[37.404s] -- Set runtime path of "/home/gong/onset_ws/install/onset_interfaces/lib/libonset_interfaces__rosidl_typesupport_cpp.so" to ""
[37.626s] Listing '/home/gong/onset_ws/install/onset_interfaces/local/lib/python3.10/dist-packages/onset_interfaces'...
[37.627s] Compiling '/home/gong/onset_ws/install/onset_interfaces/local/lib/python3.10/dist-packages/onset_interfaces/__init__.py'...
[37.628s] Listing '/home/gong/onset_ws/install/onset_interfaces/local/lib/python3.10/dist-packages/onset_interfaces/msg'...
[37.629s] Compiling '/home/gong/onset_ws/install/onset_interfaces/local/lib/python3.10/dist-packages/onset_interfaces/msg/__init__.py'...
[37.631s] Compiling '/home/gong/onset_ws/install/onset_interfaces/local/lib/python3.10/dist-packages/onset_interfaces/msg/_home_command.py'...
[37.632s] Compiling '/home/gong/onset_ws/install/onset_interfaces/local/lib/python3.10/dist-packages/onset_interfaces/msg/_launch_command.py'...
[37.633s] Compiling '/home/gong/onset_ws/install/onset_interfaces/local/lib/python3.10/dist-packages/onset_interfaces/msg/_onset_status.py'...
[37.634s] Compiling '/home/gong/onset_ws/install/onset_interfaces/local/lib/python3.10/dist-packages/onset_interfaces/msg/_stm32_message.py'...
[37.635s] Compiling '/home/gong/onset_ws/install/onset_interfaces/local/lib/python3.10/dist-packages/onset_interfaces/msg/_stm32_state.py'...
[37.656s] -- Installing: /home/gong/onset_ws/install/onset_interfaces/lib/libonset_interfaces__rosidl_generator_py.so
[37.659s] -- Set runtime path of "/home/gong/onset_ws/install/onset_interfaces/lib/libonset_interfaces__rosidl_generator_py.so" to ""
[37.661s] -- Up-to-date: /home/gong/onset_ws/install/onset_interfaces/share/onset_interfaces/cmake/export_onset_interfaces__rosidl_generator_cExport.cmake
[37.662s] -- Up-to-date: /home/gong/onset_ws/install/onset_interfaces/share/onset_interfaces/cmake/export_onset_interfaces__rosidl_generator_cExport-noconfig.cmake
[37.664s] -- Up-to-date: /home/gong/onset_ws/install/onset_interfaces/share/onset_interfaces/cmake/export_onset_interfaces__rosidl_typesupport_fastrtps_cExport.cmake
[37.666s] -- Up-to-date: /home/gong/onset_ws/install/onset_interfaces/share/onset_interfaces/cmake/export_onset_interfaces__rosidl_typesupport_fastrtps_cExport-noconfig.cmake
[37.667s] -- Up-to-date: /home/gong/onset_ws/install/onset_interfaces/share/onset_interfaces/cmake/onset_interfaces__rosidl_typesupport_introspection_cExport.cmake
[37.668s] -- Up-to-date: /home/gong/onset_ws/install/onset_interfaces/share/onset_interfaces/cmake/onset_interfaces__rosidl_typesupport_introspection_cExport-noconfig.cmake
[37.669s] -- Up-to-date: /home/gong/onset_ws/install/onset_interfaces/share/onset_interfaces/cmake/onset_interfaces__rosidl_typesupport_cExport.cmake
[37.670s] -- Up-to-date: /home/gong/onset_ws/install/onset_interfaces/share/onset_interfaces/cmake/onset_interfaces__rosidl_typesupport_cExport-noconfig.cmake
[37.671s] -- Up-to-date: /home/gong/onset_ws/install/onset_interfaces/share/onset_interfaces/cmake/export_onset_interfaces__rosidl_generator_cppExport.cmake
[37.671s] -- Up-to-date: /home/gong/onset_ws/install/onset_interfaces/share/onset_interfaces/cmake/export_onset_interfaces__rosidl_typesupport_fastrtps_cppExport.cmake
[37.672s] -- Up-to-date: /home/gong/onset_ws/install/onset_interfaces/share/onset_interfaces/cmake/export_onset_interfaces__rosidl_typesupport_fastrtps_cppExport-noconfig.cmake
[37.673s] -- Up-to-date: /home/gong/onset_ws/install/onset_interfaces/share/onset_interfaces/cmake/onset_interfaces__rosidl_typesupport_introspection_cppExport.cmake
[37.674s] -- Up-to-date: /home/gong/onset_ws/install/onset_interfaces/share/onset_interfaces/cmake/onset_interfaces__rosidl_typesupport_introspection_cppExport-noconfig.cmake
[37.675s] -- Up-to-date: /home/gong/onset_ws/install/onset_interfaces/share/onset_interfaces/cmake/onset_interfaces__rosidl_typesupport_cppExport.cmake
[37.675s] -- Up-to-date: /home/gong/onset_ws/install/onset_interfaces/share/onset_interfaces/cmake/onset_interfaces__rosidl_typesupport_cppExport-noconfig.cmake
[37.677s] -- Up-to-date: /home/gong/onset_ws/install/onset_interfaces/share/onset_interfaces/cmake/export_onset_interfaces__rosidl_generator_pyExport.cmake
[37.678s] -- Up-to-date: /home/gong/onset_ws/install/onset_interfaces/share/onset_interfaces/cmake/export_onset_interfaces__rosidl_generator_pyExport-noconfig.cmake
[37.686s] Invoked command in '/home/gong/onset_ws/build/onset_interfaces' returned '0': CMAKE_PREFIX_PATH=${CMAKE_PREFIX_PATH}:/home/gong/onset_ws/install/onsetbot:/home/gong/ros2_ws/install/odrive_tools:/opt/ros/humble /usr/bin/cmake --install /home/gong/onset_ws/build/onset_interfaces
